SSL_new
__assert_fail
__builtin_alloca
__builtin_memcpy
__errno_location
__fxstat
__fxstat64
__lxstat
__lxstat64
__xmknod
__xstat
__xstat64
accept
access
alloca
asctime
atof
atoi
atol
atoll
atoq
bcopy
bind
calloc
catgets
chdir
close
closedir
crypt
ctime
dup2
execve
exit
fclose
fdopen
feof
fflush
fgets
fopen
fork
fprintf
free
freopen
fseek
fstat
fstat64
fstatfs
getaddrinfo
getcwd
getegid
getenv
geteuid
getgrent
getgrgid
getgrnam
gethostbyaddr
gethostbyname
getopt
getpid
getprotobyname
getpwnam
getpwuid
gets
getservbyname
getspnam
getusershell
getutent
gmtime
htons
inet_ntoa
kill
listen
localtime
lstat
lstat64
malloc
memcmp
memcpy
memmove
memset
mknod
mmap
munmap
opendir
perror
pipe
popen
printf
pthread_attr_init
pthread_attr_setdetachstate
pthread_equal
pthread_mutex_init
pthread_mutex_lock
pthread_mutex_unlock
pthread_self
puts
readdir
realloc
recv
recvfrom
remove
rindex
select
send
setegid
seteuid
setlocale
setrlimit
setsid
setsockopt
snprintf
snprintf
socket
socketpair
sprintf
sprintf
stat
stat64
statfs
strcasecmp
strcat
strchr
strcmp
strcoll
strcpy
strdup
strerror
strlen
strncasecmp
strncat
strncmp
strncpy
strpbrk
strrchr
strsep
strstr
strtod
strtof
strtok
strtok_r
strtol
strtold
strtoll
strtoul
tempnam
time
tmpnam
toupper
vsnprintf
vsnprintf
vsprintf
vsprintf
waitpid
