java.lang.System.in
java.lang.System.out
java.lang.System.err
sun.nio.cs.Surrogate$Parser.error
java.io.FileOutputStream.fd
java.io.FileOutputStream.channel
java.io.Writer.writeBuffer
java.io.Writer.lock
java.io.OutputStreamWriter.se
sun.nio.cs.StreamEncoder$CharsetSE.cs
sun.nio.cs.StreamEncoder$CharsetSE.encoder
sun.nio.cs.StreamEncoder$CharsetSE.bb
sun.nio.cs.StreamEncoder$CharsetSE.out
sun.nio.cs.StreamEncoder$CharsetSE.ch
sun.nio.cs.StreamEncoder$CharsetSE.lcb
java.io.BufferedWriter.out
java.io.BufferedWriter.cb
java.io.BufferedWriter.lineSeparator
java.io.FilterInputStream.in
java.io.BufferedInputStream.closeLock
java.io.BufferedInputStream.buf
null
java.lang.String.value
java.nio.ByteBuffer.hb
java.lang.ref.ReferenceQueue.lock
java.lang.ref.ReferenceQueue.head
java.nio.charset.Charset.name
java.nio.charset.Charset.aliases
java.nio.charset.Charset.aliasSet
java.nio.charset.CodingErrorAction.name
java.nio.charset.CharsetEncoder.charset
java.nio.charset.CharsetEncoder.replacement
java.nio.charset.CharsetEncoder.malformedInputAction
java.nio.charset.CharsetEncoder.unmappableCharacterAction
java.nio.charset.CharsetEncoder.cachedDecoder
sun.nio.cs.SingleByteEncoder.index1
sun.nio.cs.SingleByteEncoder.index2
sun.nio.cs.SingleByteEncoder.sgp
java.io.FileInputStream.fd
java.io.FileInputStream.channel
java.io.FilterOutputStream.out
java.io.BufferedOutputStream.buf
java.io.PrintStream.lastCause
java.io.PrintStream.formatter
java.io.PrintStream.textOut
java.io.PrintStream.charOut
java.lang.ref.Reference.referent
java.lang.ref.Reference.queue
java.lang.ref.Reference.next
java.lang.ref.Reference.discovered
java.io.File.fs
java.io.File.separator
java.io.File.pathSeparator
java.io.File.tmpFileLock
java.io.FileDescriptor.in
java.io.FileDescriptor.out
java.io.FileDescriptor.err
java.io.ObjectStreamClass.NO_FIELDS
java.io.ObjectStreamClass.serialPersistentFields
java.io.ObjectStreamClass.reflFactory
java.io.ObjectStreamClass.localDescs
java.io.ObjectStreamClass.reflectors
java.lang.AbstractStringBuilder.sizeTable
java.lang.Class.serialPersistentFields
java.lang.Class.EMPTY_ANNOTATIONS_ARRAY
java.lang.Boolean.TRUE
java.lang.Boolean.FALSE
java.lang.Boolean.TYPE
java.lang.Byte.TYPE
java.lang.Character$UnicodeBlock.map
java.lang.Character$UnicodeBlock.BASIC_LATIN
java.lang.Character$UnicodeBlock.LATIN_1_SUPPLEMENT
java.lang.Character$UnicodeBlock.LATIN_EXTENDED_A
java.lang.Character$UnicodeBlock.LATIN_EXTENDED_B
java.lang.Character$UnicodeBlock.IPA_EXTENSIONS
java.lang.Character$UnicodeBlock.SPACING_MODIFIER_LETTERS
java.lang.Character$UnicodeBlock.COMBINING_DIACRITICAL_MARKS
java.lang.Character$UnicodeBlock.GREEK
java.lang.Character$UnicodeBlock.CYRILLIC
java.lang.Character$UnicodeBlock.ARMENIAN
java.lang.Character$UnicodeBlock.HEBREW
java.lang.Character$UnicodeBlock.ARABIC
java.lang.Character$UnicodeBlock.DEVANAGARI
java.lang.Character$UnicodeBlock.BENGALI
java.lang.Character$UnicodeBlock.GURMUKHI
java.lang.Character$UnicodeBlock.GUJARATI
java.lang.Character$UnicodeBlock.ORIYA
java.lang.Character$UnicodeBlock.TAMIL
java.lang.Character$UnicodeBlock.TELUGU
java.lang.Character$UnicodeBlock.KANNADA
java.lang.Character$UnicodeBlock.MALAYALAM
java.lang.Character$UnicodeBlock.THAI
java.lang.Character$UnicodeBlock.LAO
java.lang.Character$UnicodeBlock.TIBETAN
java.lang.Character$UnicodeBlock.GEORGIAN
java.lang.Character$UnicodeBlock.HANGUL_JAMO
java.lang.Character$UnicodeBlock.LATIN_EXTENDED_ADDITIONAL
java.lang.Character$UnicodeBlock.GREEK_EXTENDED
java.lang.Character$UnicodeBlock.GENERAL_PUNCTUATION
java.lang.Character$UnicodeBlock.SUPERSCRIPTS_AND_SUBSCRIPTS
java.lang.Character$UnicodeBlock.CURRENCY_SYMBOLS
java.lang.Character$UnicodeBlock.COMBINING_MARKS_FOR_SYMBOLS
java.lang.Character$UnicodeBlock.LETTERLIKE_SYMBOLS
java.lang.Character$UnicodeBlock.NUMBER_FORMS
java.lang.Character$UnicodeBlock.ARROWS
java.lang.Character$UnicodeBlock.MATHEMATICAL_OPERATORS
java.lang.Character$UnicodeBlock.MISCELLANEOUS_TECHNICAL
java.lang.Character$UnicodeBlock.CONTROL_PICTURES
java.lang.Character$UnicodeBlock.OPTICAL_CHARACTER_RECOGNITION
java.lang.Character$UnicodeBlock.ENCLOSED_ALPHANUMERICS
java.lang.Character$UnicodeBlock.BOX_DRAWING
java.lang.Character$UnicodeBlock.BLOCK_ELEMENTS
java.lang.Character$UnicodeBlock.GEOMETRIC_SHAPES
java.lang.Character$UnicodeBlock.MISCELLANEOUS_SYMBOLS
java.lang.Character$UnicodeBlock.DINGBATS
java.lang.Character$UnicodeBlock.CJK_SYMBOLS_AND_PUNCTUATION
java.lang.Character$UnicodeBlock.HIRAGANA
java.lang.Character$UnicodeBlock.KATAKANA
java.lang.Character$UnicodeBlock.BOPOMOFO
java.lang.Character$UnicodeBlock.HANGUL_COMPATIBILITY_JAMO
java.lang.Character$UnicodeBlock.KANBUN
java.lang.Character$UnicodeBlock.ENCLOSED_CJK_LETTERS_AND_MONTHS
java.lang.Character$UnicodeBlock.CJK_COMPATIBILITY
java.lang.Character$UnicodeBlock.CJK_UNIFIED_IDEOGRAPHS
java.lang.Character$UnicodeBlock.HANGUL_SYLLABLES
java.lang.Character$UnicodeBlock.PRIVATE_USE_AREA
java.lang.Character$UnicodeBlock.CJK_COMPATIBILITY_IDEOGRAPHS
java.lang.Character$UnicodeBlock.ALPHABETIC_PRESENTATION_FORMS
java.lang.Character$UnicodeBlock.ARABIC_PRESENTATION_FORMS_A
java.lang.Character$UnicodeBlock.COMBINING_HALF_MARKS
java.lang.Character$UnicodeBlock.CJK_COMPATIBILITY_FORMS
java.lang.Character$UnicodeBlock.SMALL_FORM_VARIANTS
java.lang.Character$UnicodeBlock.ARABIC_PRESENTATION_FORMS_B
java.lang.Character$UnicodeBlock.HALFWIDTH_AND_FULLWIDTH_FORMS
java.lang.Character$UnicodeBlock.SPECIALS
java.lang.Character$UnicodeBlock.SURROGATES_AREA
java.lang.Character$UnicodeBlock.SYRIAC
java.lang.Character$UnicodeBlock.THAANA
java.lang.Character$UnicodeBlock.SINHALA
java.lang.Character$UnicodeBlock.MYANMAR
java.lang.Character$UnicodeBlock.ETHIOPIC
java.lang.Character$UnicodeBlock.CHEROKEE
java.lang.Character$UnicodeBlock.UNIFIED_CANADIAN_ABORIGINAL_SYLLABICS
java.lang.Character$UnicodeBlock.OGHAM
java.lang.Character$UnicodeBlock.RUNIC
java.lang.Character$UnicodeBlock.KHMER
java.lang.Character$UnicodeBlock.MONGOLIAN
java.lang.Character$UnicodeBlock.BRAILLE_PATTERNS
java.lang.Character$UnicodeBlock.CJK_RADICALS_SUPPLEMENT
java.lang.Character$UnicodeBlock.KANGXI_RADICALS
java.lang.Character$UnicodeBlock.IDEOGRAPHIC_DESCRIPTION_CHARACTERS
java.lang.Character$UnicodeBlock.BOPOMOFO_EXTENDED
java.lang.Character$UnicodeBlock.CJK_UNIFIED_IDEOGRAPHS_EXTENSION_A
java.lang.Character$UnicodeBlock.YI_SYLLABLES
java.lang.Character$UnicodeBlock.YI_RADICALS
java.lang.Character$UnicodeBlock.CYRILLIC_SUPPLEMENTARY
java.lang.Character$UnicodeBlock.TAGALOG
java.lang.Character$UnicodeBlock.HANUNOO
java.lang.Character$UnicodeBlock.BUHID
java.lang.Character$UnicodeBlock.TAGBANWA
java.lang.Character$UnicodeBlock.LIMBU
java.lang.Character$UnicodeBlock.TAI_LE
java.lang.Character$UnicodeBlock.KHMER_SYMBOLS
java.lang.Character$UnicodeBlock.PHONETIC_EXTENSIONS
java.lang.Character$UnicodeBlock.MISCELLANEOUS_MATHEMATICAL_SYMBOLS_A
java.lang.Character$UnicodeBlock.SUPPLEMENTAL_ARROWS_A
java.lang.Character$UnicodeBlock.SUPPLEMENTAL_ARROWS_B
java.lang.Character$UnicodeBlock.MISCELLANEOUS_MATHEMATICAL_SYMBOLS_B
java.lang.Character$UnicodeBlock.SUPPLEMENTAL_MATHEMATICAL_OPERATORS
java.lang.Character$UnicodeBlock.MISCELLANEOUS_SYMBOLS_AND_ARROWS
java.lang.Character$UnicodeBlock.KATAKANA_PHONETIC_EXTENSIONS
java.lang.Character$UnicodeBlock.YIJING_HEXAGRAM_SYMBOLS
java.lang.Character$UnicodeBlock.VARIATION_SELECTORS
java.lang.Character$UnicodeBlock.LINEAR_B_SYLLABARY
java.lang.Character$UnicodeBlock.LINEAR_B_IDEOGRAMS
java.lang.Character$UnicodeBlock.AEGEAN_NUMBERS
java.lang.Character$UnicodeBlock.OLD_ITALIC
java.lang.Character$UnicodeBlock.GOTHIC
java.lang.Character$UnicodeBlock.UGARITIC
java.lang.Character$UnicodeBlock.DESERET
java.lang.Character$UnicodeBlock.SHAVIAN
java.lang.Character$UnicodeBlock.OSMANYA
java.lang.Character$UnicodeBlock.CYPRIOT_SYLLABARY
java.lang.Character$UnicodeBlock.BYZANTINE_MUSICAL_SYMBOLS
java.lang.Character$UnicodeBlock.MUSICAL_SYMBOLS
java.lang.Character$UnicodeBlock.TAI_XUAN_JING_SYMBOLS
java.lang.Character$UnicodeBlock.MATHEMATICAL_ALPHANUMERIC_SYMBOLS
java.lang.Character$UnicodeBlock.CJK_UNIFIED_IDEOGRAPHS_EXTENSION_B
java.lang.Character$UnicodeBlock.CJK_COMPATIBILITY_IDEOGRAPHS_SUPPLEMENT
java.lang.Character$UnicodeBlock.TAGS
java.lang.Character$UnicodeBlock.VARIATION_SELECTORS_SUPPLEMENT
java.lang.Character$UnicodeBlock.SUPPLEMENTARY_PRIVATE_USE_AREA_A
java.lang.Character$UnicodeBlock.SUPPLEMENTARY_PRIVATE_USE_AREA_B
java.lang.Character$UnicodeBlock.HIGH_SURROGATES
java.lang.Character$UnicodeBlock.HIGH_PRIVATE_USE_SURROGATES
java.lang.Character$UnicodeBlock.LOW_SURROGATES
java.lang.Character$UnicodeBlock.blockStarts
java.lang.Character$UnicodeBlock.blocks
java.lang.Character.TYPE
java.lang.CharacterData00.X
java.lang.CharacterData00.Y
java.lang.CharacterData00.A
java.lang.CharacterData00.charMap
java.lang.CharacterData01.X
java.lang.CharacterData01.Y
java.lang.CharacterData01.A
java.lang.CharacterData02.X
java.lang.CharacterData02.Y
java.lang.CharacterData02.A
java.lang.CharacterData0E.X
java.lang.CharacterData0E.Y
java.lang.CharacterData0E.A
java.lang.CharacterDataLatin1.sharpsMap
java.lang.CharacterDataLatin1.A
java.lang.ClassLoader.loadedLibraryNames
java.lang.ClassLoader.systemNativeLibraries
java.lang.ClassLoader.nativeLibraryContext
java.lang.ConditionalSpecialCasing.entry
java.lang.ConditionalSpecialCasing.entryTable
java.lang.Double.TYPE
java.lang.Float.TYPE
java.lang.Integer.TYPE
java.lang.Integer.digits
java.lang.Integer.DigitTens
java.lang.Integer.DigitOnes
java.lang.Integer.sizeTable
java.lang.Long.TYPE
java.lang.Runtime.currentRuntime
java.lang.SecurityManager.rootGroup
java.lang.SecurityManager.packageAccessLock
java.lang.SecurityManager.packageDefinitionLock
java.lang.Short.TYPE
java.lang.Shutdown.hooks
java.lang.Shutdown.lock
java.lang.Shutdown.haltLock
java.lang.String.serialPersistentFields
java.lang.String.CASE_INSENSITIVE_ORDER
java.lang.StringBuffer.sizeTable
java.lang.StringBuffer.serialPersistentFields
java.lang.System.security
java.lang.Thread.EMPTY_STACK_TRACE
java.lang.Thread.target
java.lang.Void.TYPE
java.lang.ref.Reference.lock
java.lang.ref.Reference.pending
java.lang.ref.ReferenceQueue.NULL
java.lang.ref.ReferenceQueue.ENQUEUED
java.lang.reflect.AccessibleObject.ACCESS_PERMISSION
java.lang.reflect.AccessibleObject.reflectionFactory
java.lang.reflect.Constructor.EMPTY_ANNOTATION_ARRAY
java.lang.reflect.Field.EMPTY_ANNOTATION_ARRAY
java.lang.reflect.Method.EMPTY_ANNOTATION_ARRAY
java.net.InetAddress.nameService
java.net.InetAddress.addressCache
java.net.InetAddress.negativeCache
java.net.InetAddress.lookupTable
java.net.InetAddress.impl
java.net.URL.handlers
java.net.URL.streamHandlerLock
sun.misc.Unsafe.theUnsafe
java.nio.Bits.unsafe
java.nio.Bits.byteOrder
java.nio.ByteOrder.BIG_ENDIAN
java.nio.ByteOrder.LITTLE_ENDIAN
java.nio.charset.Charset.bugLevel
java.nio.charset.Charset.standardProvider
java.nio.charset.Charset.cache
java.nio.charset.Charset.gate
java.nio.charset.Charset.extendedProviderLock
java.nio.charset.Charset.extendedProvider
java.nio.charset.CodingErrorAction.IGNORE
java.nio.charset.CodingErrorAction.REPLACE
java.nio.charset.CodingErrorAction.REPORT
java.security.AccessControlContext.debug
sun.security.util.Debug.args
java.security.Policy.debug
java.security.SecureClassLoader.debug
java.text.BreakIterator.iterCache
java.text.RuleBasedBreakIterator.LABEL
java.util.Collections.r
java.util.Collections.EMPTY_SET
java.util.Collections.EMPTY_LIST
java.util.Collections.EMPTY_MAP
java.util.Collections.REVERSE_ORDER
java.util.HashMap.NULL_KEY
java.util.HashSet.PRESENT
java.util.Hashtable.emptyEnumerator
java.util.Hashtable.emptyIterator
java.util.Locale.ENGLISH
java.util.Locale.FRENCH
java.util.Locale.GERMAN
java.util.Locale.ITALIAN
java.util.Locale.JAPANESE
java.util.Locale.KOREAN
java.util.Locale.CHINESE
java.util.Locale.SIMPLIFIED_CHINESE
java.util.Locale.TRADITIONAL_CHINESE
java.util.Locale.FRANCE
java.util.Locale.GERMANY
java.util.Locale.ITALY
java.util.Locale.JAPAN
java.util.Locale.KOREA
java.util.Locale.CHINA
java.util.Locale.PRC
java.util.Locale.TAIWAN
java.util.Locale.UK
java.util.Locale.US
java.util.Locale.CANADA
java.util.Locale.CANADA_FRENCH
java.util.Locale.defaultLocale
java.util.Locale.isoLanguages
java.util.Locale.isoCountries
java.util.Properties.hexDigit
java.util.Random.serialPersistentFields
java.util.TreeSet.PRESENT
java.util.concurrent.atomic.AtomicLong.unsafe
java.util.regex.ASCII.ctype
java.util.regex.Pattern$categoryNames.cMap
java.util.regex.Pattern.accept
java.util.regex.Pattern.lastAccept
java.util.regex.PatternSyntaxException.nl
java.util.zip.ZipFile.directByteBufferConstructor
java.util.zip.ZipFile$ZipCloser.zFile
joeq.Class.PrimordialClassLoader$ZipFileElement.zf
joeq.Class.PrimordialClassLoader.out
joeq.Class.PrimordialClassLoader.pathsep
joeq.Class.PrimordialClassLoader.filesep
joeq.Class.PrimordialClassLoader.loader
joeq.Class.PrimordialClassLoader.JavaLangObject
joeq.Class.PrimordialClassLoader.JavaLangClass
joeq.Class.PrimordialClassLoader.JavaLangString
joeq.Class.PrimordialClassLoader.JavaLangSystem
joeq.Class.PrimordialClassLoader.JavaLangThrowable
joeq.UTF.Utf8.table
joeq.UTF.Utf8.chains
joeq.UTF.Utf8.BYTE_DESC
joeq.UTF.Utf8.CHAR_DESC
joeq.UTF.Utf8.DOUBLE_DESC
joeq.UTF.Utf8.FLOAT_DESC
joeq.UTF.Utf8.INT_DESC
joeq.UTF.Utf8.LONG_DESC
joeq.UTF.Utf8.SHORT_DESC
joeq.UTF.Utf8.BOOLEAN_DESC
joeq.UTF.Utf8.VOID_DESC
joeq.Class.jq_Array.array_interfaces
joeq.Class.jq_Array.BYTE_ARRAY
joeq.Class.jq_Array.CHAR_ARRAY
joeq.Class.jq_Array.DOUBLE_ARRAY
joeq.Class.jq_Array.FLOAT_ARRAY
joeq.Class.jq_Array.INT_ARRAY
joeq.Class.jq_Array.LONG_ARRAY
joeq.Class.jq_Array.SHORT_ARRAY
joeq.Class.jq_Array.BOOLEAN_ARRAY
joeq.Class.jq_Array.OBJECT_ARRAY
joeq.Class.jq_Array.s_s_array_cache
joeq.Class.jq_Array._class
joeq.Class.jq_Array._delegate
joeq.Class.jq_Primitive.BYTE
joeq.Class.jq_Primitive.CHAR
joeq.Class.jq_Primitive.DOUBLE
joeq.Class.jq_Primitive.FLOAT
joeq.Class.jq_Primitive.INT
joeq.Class.jq_Primitive.LONG
joeq.Class.jq_Primitive.SHORT
joeq.Class.jq_Primitive.BOOLEAN
joeq.Class.jq_Primitive.VOID
joeq.Class.jq_Primitive._class
joeq.Class.jq_Class.classToReplace
joeq.Class.jq_Class._class
joeq.Class.jq_Class._delegate
joeq.Class.jq_Class.stringConstants
joeq.Class.jq_ClassFileConstants.NO_OF_OPERANDS
joeq.Class.jq_ClassFileConstants.TYPE_OF_OPERANDS
joeq.Class.jq_ClassFileConstants.OPCODE_NAMES
joeq.Class.jq_ClassFileConstants.CONSUME_STACK
joeq.Class.jq_ClassFileConstants.PRODUCE_STACK
joeq.Class.jq_ClassInitializer._class
joeq.Class.jq_CompiledCode._entrypoint
joeq.Class.jq_CompiledCode._delegate
joeq.Class.jq_FakeInstanceMethod.cache
joeq.Class.jq_FakeInstanceMethod._class
joeq.Class.jq_Field._delegate
joeq.Class.jq_Initializer._class
joeq.Class.jq_InstanceField._class
joeq.Class.jq_InstanceMethod._class
joeq.Class.jq_Method._class
joeq.Class.jq_Method._compile
joeq.Class.jq_Method._delegate
joeq.Class.jq_Reference$jq_NullType.NULL_TYPE
joeq.Class.jq_Reference._class
joeq.Class.jq_Reference._vtable
joeq.Class.jq_Reference._state
joeq.Class.jq_StaticField._class
joeq.Class.jq_StaticMethod._class
joeq.Class.jq_Type._class
joeq.ClassLib.ClassLibInterface.DEFAULT
joeq.ClassLib.ClassLibInterface._class
joeq.ClassLib.Common.NullInterfaceImpl$NullObjectTraverser.INSTANCE
joeq.Compiler.BytecodeAnalysis.BytecodeVisitor.binopnames
joeq.Compiler.BytecodeAnalysis.BytecodeVisitor.unopnames
joeq.Compiler.BytecodeAnalysis.BytecodeVisitor.shiftopnames
joeq.Compiler.BytecodeAnalysis.BytecodeVisitor.fcmpopnames
joeq.Compiler.BytecodeAnalysis.BytecodeVisitor.cmpopnames
joeq.Compiler.BytecodeAnalysis.BytecodeVisitor.invokeopnames
joeq.Compiler.BytecodeAnalysis.BytecodeVisitor.monitoropnames
joeq.Compiler.BytecodeAnalysis.Bytecodes$BranchHandle.bh_list
joeq.Compiler.BytecodeAnalysis.Bytecodes$InstructionConstants.NOP
joeq.Compiler.BytecodeAnalysis.Bytecodes$InstructionConstants.ACONST_NULL
joeq.Compiler.BytecodeAnalysis.Bytecodes$InstructionConstants.ICONST_M1
joeq.Compiler.BytecodeAnalysis.Bytecodes$InstructionConstants.ICONST_0
joeq.Compiler.BytecodeAnalysis.Bytecodes$InstructionConstants.ICONST_1
joeq.Compiler.BytecodeAnalysis.Bytecodes$InstructionConstants.ICONST_2
joeq.Compiler.BytecodeAnalysis.Bytecodes$InstructionConstants.ICONST_3
joeq.Compiler.BytecodeAnalysis.Bytecodes$InstructionConstants.ICONST_4
joeq.Compiler.BytecodeAnalysis.Bytecodes$InstructionConstants.ICONST_5
joeq.Compiler.BytecodeAnalysis.Bytecodes$InstructionConstants.LCONST_0
joeq.Compiler.BytecodeAnalysis.Bytecodes$InstructionConstants.LCONST_1
joeq.Compiler.BytecodeAnalysis.Bytecodes$InstructionConstants.FCONST_0
joeq.Compiler.BytecodeAnalysis.Bytecodes$InstructionConstants.FCONST_1
joeq.Compiler.BytecodeAnalysis.Bytecodes$InstructionConstants.FCONST_2
joeq.Compiler.BytecodeAnalysis.Bytecodes$InstructionConstants.DCONST_0
joeq.Compiler.BytecodeAnalysis.Bytecodes$InstructionConstants.DCONST_1
joeq.Compiler.BytecodeAnalysis.Bytecodes$InstructionConstants.IALOAD
joeq.Compiler.BytecodeAnalysis.Bytecodes$InstructionConstants.LALOAD
joeq.Compiler.BytecodeAnalysis.Bytecodes$InstructionConstants.FALOAD
joeq.Compiler.BytecodeAnalysis.Bytecodes$InstructionConstants.DALOAD
joeq.Compiler.BytecodeAnalysis.Bytecodes$InstructionConstants.AALOAD
joeq.Compiler.BytecodeAnalysis.Bytecodes$InstructionConstants.BALOAD
joeq.Compiler.BytecodeAnalysis.Bytecodes$InstructionConstants.CALOAD
joeq.Compiler.BytecodeAnalysis.Bytecodes$InstructionConstants.SALOAD
joeq.Compiler.BytecodeAnalysis.Bytecodes$InstructionConstants.IASTORE
joeq.Compiler.BytecodeAnalysis.Bytecodes$InstructionConstants.LASTORE
joeq.Compiler.BytecodeAnalysis.Bytecodes$InstructionConstants.FASTORE
joeq.Compiler.BytecodeAnalysis.Bytecodes$InstructionConstants.DASTORE
joeq.Compiler.BytecodeAnalysis.Bytecodes$InstructionConstants.AASTORE
joeq.Compiler.BytecodeAnalysis.Bytecodes$InstructionConstants.BASTORE
joeq.Compiler.BytecodeAnalysis.Bytecodes$InstructionConstants.CASTORE
joeq.Compiler.BytecodeAnalysis.Bytecodes$InstructionConstants.SASTORE
joeq.Compiler.BytecodeAnalysis.Bytecodes$InstructionConstants.POP
joeq.Compiler.BytecodeAnalysis.Bytecodes$InstructionConstants.POP2
joeq.Compiler.BytecodeAnalysis.Bytecodes$InstructionConstants.DUP
joeq.Compiler.BytecodeAnalysis.Bytecodes$InstructionConstants.DUP_X1
joeq.Compiler.BytecodeAnalysis.Bytecodes$InstructionConstants.DUP_X2
joeq.Compiler.BytecodeAnalysis.Bytecodes$InstructionConstants.DUP2
joeq.Compiler.BytecodeAnalysis.Bytecodes$InstructionConstants.DUP2_X1
joeq.Compiler.BytecodeAnalysis.Bytecodes$InstructionConstants.DUP2_X2
joeq.Compiler.BytecodeAnalysis.Bytecodes$InstructionConstants.SWAP
joeq.Compiler.BytecodeAnalysis.Bytecodes$InstructionConstants.IADD
joeq.Compiler.BytecodeAnalysis.Bytecodes$InstructionConstants.LADD
joeq.Compiler.BytecodeAnalysis.Bytecodes$InstructionConstants.FADD
joeq.Compiler.BytecodeAnalysis.Bytecodes$InstructionConstants.DADD
joeq.Compiler.BytecodeAnalysis.Bytecodes$InstructionConstants.ISUB
joeq.Compiler.BytecodeAnalysis.Bytecodes$InstructionConstants.LSUB
joeq.Compiler.BytecodeAnalysis.Bytecodes$InstructionConstants.FSUB
joeq.Compiler.BytecodeAnalysis.Bytecodes$InstructionConstants.DSUB
joeq.Compiler.BytecodeAnalysis.Bytecodes$InstructionConstants.IMUL
joeq.Compiler.BytecodeAnalysis.Bytecodes$InstructionConstants.LMUL
joeq.Compiler.BytecodeAnalysis.Bytecodes$InstructionConstants.FMUL
joeq.Compiler.BytecodeAnalysis.Bytecodes$InstructionConstants.DMUL
joeq.Compiler.BytecodeAnalysis.Bytecodes$InstructionConstants.IDIV
joeq.Compiler.BytecodeAnalysis.Bytecodes$InstructionConstants.LDIV
joeq.Compiler.BytecodeAnalysis.Bytecodes$InstructionConstants.FDIV
joeq.Compiler.BytecodeAnalysis.Bytecodes$InstructionConstants.DDIV
joeq.Compiler.BytecodeAnalysis.Bytecodes$InstructionConstants.IREM
joeq.Compiler.BytecodeAnalysis.Bytecodes$InstructionConstants.LREM
joeq.Compiler.BytecodeAnalysis.Bytecodes$InstructionConstants.FREM
joeq.Compiler.BytecodeAnalysis.Bytecodes$InstructionConstants.DREM
joeq.Compiler.BytecodeAnalysis.Bytecodes$InstructionConstants.INEG
joeq.Compiler.BytecodeAnalysis.Bytecodes$InstructionConstants.LNEG
joeq.Compiler.BytecodeAnalysis.Bytecodes$InstructionConstants.FNEG
joeq.Compiler.BytecodeAnalysis.Bytecodes$InstructionConstants.DNEG
joeq.Compiler.BytecodeAnalysis.Bytecodes$InstructionConstants.ISHL
joeq.Compiler.BytecodeAnalysis.Bytecodes$InstructionConstants.LSHL
joeq.Compiler.BytecodeAnalysis.Bytecodes$InstructionConstants.ISHR
joeq.Compiler.BytecodeAnalysis.Bytecodes$InstructionConstants.LSHR
joeq.Compiler.BytecodeAnalysis.Bytecodes$InstructionConstants.IUSHR
joeq.Compiler.BytecodeAnalysis.Bytecodes$InstructionConstants.LUSHR
joeq.Compiler.BytecodeAnalysis.Bytecodes$InstructionConstants.IAND
joeq.Compiler.BytecodeAnalysis.Bytecodes$InstructionConstants.LAND
joeq.Compiler.BytecodeAnalysis.Bytecodes$InstructionConstants.IOR
joeq.Compiler.BytecodeAnalysis.Bytecodes$InstructionConstants.LOR
joeq.Compiler.BytecodeAnalysis.Bytecodes$InstructionConstants.IXOR
joeq.Compiler.BytecodeAnalysis.Bytecodes$InstructionConstants.LXOR
joeq.Compiler.BytecodeAnalysis.Bytecodes$InstructionConstants.I2L
joeq.Compiler.BytecodeAnalysis.Bytecodes$InstructionConstants.I2F
joeq.Compiler.BytecodeAnalysis.Bytecodes$InstructionConstants.I2D
joeq.Compiler.BytecodeAnalysis.Bytecodes$InstructionConstants.L2I
joeq.Compiler.BytecodeAnalysis.Bytecodes$InstructionConstants.L2F
joeq.Compiler.BytecodeAnalysis.Bytecodes$InstructionConstants.L2D
joeq.Compiler.BytecodeAnalysis.Bytecodes$InstructionConstants.F2I
joeq.Compiler.BytecodeAnalysis.Bytecodes$InstructionConstants.F2L
joeq.Compiler.BytecodeAnalysis.Bytecodes$InstructionConstants.F2D
joeq.Compiler.BytecodeAnalysis.Bytecodes$InstructionConstants.D2I
joeq.Compiler.BytecodeAnalysis.Bytecodes$InstructionConstants.D2L
joeq.Compiler.BytecodeAnalysis.Bytecodes$InstructionConstants.D2F
joeq.Compiler.BytecodeAnalysis.Bytecodes$InstructionConstants.I2B
joeq.Compiler.BytecodeAnalysis.Bytecodes$InstructionConstants.I2C
joeq.Compiler.BytecodeAnalysis.Bytecodes$InstructionConstants.I2S
joeq.Compiler.BytecodeAnalysis.Bytecodes$InstructionConstants.LCMP
joeq.Compiler.BytecodeAnalysis.Bytecodes$InstructionConstants.FCMPL
joeq.Compiler.BytecodeAnalysis.Bytecodes$InstructionConstants.FCMPG
joeq.Compiler.BytecodeAnalysis.Bytecodes$InstructionConstants.DCMPL
joeq.Compiler.BytecodeAnalysis.Bytecodes$InstructionConstants.DCMPG
joeq.Compiler.BytecodeAnalysis.Bytecodes$InstructionConstants.IRETURN
joeq.Compiler.BytecodeAnalysis.Bytecodes$InstructionConstants.LRETURN
joeq.Compiler.BytecodeAnalysis.Bytecodes$InstructionConstants.FRETURN
joeq.Compiler.BytecodeAnalysis.Bytecodes$InstructionConstants.DRETURN
joeq.Compiler.BytecodeAnalysis.Bytecodes$InstructionConstants.ARETURN
joeq.Compiler.BytecodeAnalysis.Bytecodes$InstructionConstants.RETURN
joeq.Compiler.BytecodeAnalysis.Bytecodes$InstructionConstants.ARRAYLENGTH
joeq.Compiler.BytecodeAnalysis.Bytecodes$InstructionConstants.ATHROW
joeq.Compiler.BytecodeAnalysis.Bytecodes$InstructionConstants.MONITORENTER
joeq.Compiler.BytecodeAnalysis.Bytecodes$InstructionConstants.MONITOREXIT
joeq.Compiler.BytecodeAnalysis.Bytecodes$InstructionConstants.THIS
joeq.Compiler.BytecodeAnalysis.Bytecodes$InstructionConstants.ALOAD_0
joeq.Compiler.BytecodeAnalysis.Bytecodes$InstructionConstants.ALOAD_1
joeq.Compiler.BytecodeAnalysis.Bytecodes$InstructionConstants.ALOAD_2
joeq.Compiler.BytecodeAnalysis.Bytecodes$InstructionConstants.ILOAD_0
joeq.Compiler.BytecodeAnalysis.Bytecodes$InstructionConstants.ILOAD_1
joeq.Compiler.BytecodeAnalysis.Bytecodes$InstructionConstants.ILOAD_2
joeq.Compiler.BytecodeAnalysis.Bytecodes$InstructionConstants.ASTORE_0
joeq.Compiler.BytecodeAnalysis.Bytecodes$InstructionConstants.ASTORE_1
joeq.Compiler.BytecodeAnalysis.Bytecodes$InstructionConstants.ASTORE_2
joeq.Compiler.BytecodeAnalysis.Bytecodes$InstructionConstants.ISTORE_0
joeq.Compiler.BytecodeAnalysis.Bytecodes$InstructionConstants.ISTORE_1
joeq.Compiler.BytecodeAnalysis.Bytecodes$InstructionConstants.ISTORE_2
joeq.Compiler.BytecodeAnalysis.Bytecodes$InstructionConstants.INSTRUCTIONS
joeq.Compiler.BytecodeAnalysis.Bytecodes$InstructionConstants.bla
joeq.Compiler.BytecodeAnalysis.Bytecodes$InstructionHandle.ih_list
joeq.Compiler.BytecodeAnalysis.LiveRefAnalysis$DerivedRef.INSTANCE
joeq.Compiler.BytecodeAnalysis.LiveRefAnalysis$HalfOfNumber.INSTANCE
joeq.Compiler.BytecodeAnalysis.LiveRefAnalysis$NullConstant.INSTANCE
joeq.Compiler.BytecodeAnalysis.LiveRefAnalysis$SystemType.INT
joeq.Compiler.BytecodeAnalysis.LiveRefAnalysis$SystemType.FLOAT
joeq.Compiler.BytecodeAnalysis.LiveRefAnalysis$SystemType.LONG
joeq.Compiler.BytecodeAnalysis.LiveRefAnalysis$SystemType.DOUBLE
joeq.Compiler.BytecodeAnalysis.LiveRefAnalysis$SystemType.OBJECT
joeq.Compiler.BytecodeAnalysis.LiveRefAnalysis.TYPE_NAMES
joeq.Compiler.CompilationState$StaticCompilation.cachedThrownExcListByMethod
joeq.Compiler.CompilationState$StaticCompilation.defaultThrowables
joeq.Compiler.CompilationState.DEFAULT
joeq.Compiler.Quad.BytecodeToQuad$DummyOperand.DUMMY
joeq.Compiler.Quad.BytecodeToQuad$jq_ReturnAddressType.INSTANCE
joeq.Compiler.Quad.BytecodeToQuad.peek
joeq.Compiler.Quad.BytecodeToQuad.peek1
joeq.Compiler.Quad.BytecodeToQuad.peek2
joeq.Compiler.Quad.BytecodeToQuad.peek4
joeq.Compiler.Quad.BytecodeToQuad.peek8
joeq.Compiler.Quad.BytecodeToQuad.poke
joeq.Compiler.Quad.BytecodeToQuad.poke1
joeq.Compiler.Quad.BytecodeToQuad.poke2
joeq.Compiler.Quad.BytecodeToQuad.poke4
joeq.Compiler.Quad.BytecodeToQuad.poke8
joeq.Compiler.Quad.BytecodeToQuad.offset
joeq.Compiler.Quad.BytecodeToQuad.align
joeq.Compiler.Quad.BytecodeToQuad.difference
joeq.Compiler.Quad.BytecodeToQuad.isNull
joeq.Compiler.Quad.BytecodeToQuad.addressOf
joeq.Compiler.Quad.BytecodeToQuad.address32
joeq.Compiler.Quad.BytecodeToQuad.asObject
joeq.Compiler.Quad.BytecodeToQuad.asReferenceType
joeq.Compiler.Quad.BytecodeToQuad.to32BitValue
joeq.Compiler.Quad.BytecodeToQuad.stringRep
joeq.Compiler.Quad.BytecodeToQuad.getNull
joeq.Compiler.Quad.BytecodeToQuad.size
joeq.Compiler.Quad.BytecodeToQuad.getBasePointer
joeq.Compiler.Quad.BytecodeToQuad.getStackPointer
joeq.Compiler.Quad.BytecodeToQuad.alloca
joeq.Compiler.Quad.BytecodeToQuad.atomicAdd
joeq.Compiler.Quad.BytecodeToQuad.atomicSub
joeq.Compiler.Quad.BytecodeToQuad.atomicCas4
joeq.Compiler.Quad.BytecodeToQuad.atomicCas8
joeq.Compiler.Quad.BytecodeToQuad.atomicAnd
joeq.Compiler.Quad.BytecodeToQuad.min
joeq.Compiler.Quad.BytecodeToQuad.max
joeq.Compiler.Quad.BytecodeToQuad._unsafe
joeq.Compiler.Quad.CodeCache.cache
joeq.Compiler.Quad.CodeCache.passes
joeq.Compiler.Quad.ExceptionHandlerIterator.EMPTY
joeq.Compiler.Quad.ExceptionHandlerList.EMPTY
joeq.Compiler.Quad.LoadedCallGraph.type_comparator
joeq.Compiler.Quad.LoadedCallGraph.member_comparator
joeq.Compiler.Quad.LoadedCallGraph.callsite_comparator
joeq.Compiler.Quad.LoadedCallGraph.treeMapFactory
joeq.Compiler.Quad.LoadedCallGraph.sortedArraySetFactory
joeq.Compiler.Quad.Operator$ALength$ARRAYLENGTH.INSTANCE
joeq.Compiler.Quad.Operator$ALoad$ALOAD_A.INSTANCE
joeq.Compiler.Quad.Operator$ALoad$ALOAD_B.INSTANCE
joeq.Compiler.Quad.Operator$ALoad$ALOAD_C.INSTANCE
joeq.Compiler.Quad.Operator$ALoad$ALOAD_D.INSTANCE
joeq.Compiler.Quad.Operator$ALoad$ALOAD_F.INSTANCE
joeq.Compiler.Quad.Operator$ALoad$ALOAD_I.INSTANCE
joeq.Compiler.Quad.Operator$ALoad$ALOAD_L.INSTANCE
joeq.Compiler.Quad.Operator$ALoad$ALOAD_P.INSTANCE
joeq.Compiler.Quad.Operator$ALoad$ALOAD_S.INSTANCE
joeq.Compiler.Quad.Operator$AStore$ASTORE_A.INSTANCE
joeq.Compiler.Quad.Operator$AStore$ASTORE_B.INSTANCE
joeq.Compiler.Quad.Operator$AStore$ASTORE_C.INSTANCE
joeq.Compiler.Quad.Operator$AStore$ASTORE_D.INSTANCE
joeq.Compiler.Quad.Operator$AStore$ASTORE_F.INSTANCE
joeq.Compiler.Quad.Operator$AStore$ASTORE_I.INSTANCE
joeq.Compiler.Quad.Operator$AStore$ASTORE_L.INSTANCE
joeq.Compiler.Quad.Operator$AStore$ASTORE_P.INSTANCE
joeq.Compiler.Quad.Operator$AStore$ASTORE_S.INSTANCE
joeq.Compiler.Quad.Operator$Binary$ADD_D.INSTANCE
joeq.Compiler.Quad.Operator$Binary$ADD_F.INSTANCE
joeq.Compiler.Quad.Operator$Binary$ADD_I.INSTANCE
joeq.Compiler.Quad.Operator$Binary$ADD_L.INSTANCE
joeq.Compiler.Quad.Operator$Binary$ADD_P.INSTANCE
joeq.Compiler.Quad.Operator$Binary$ALIGN_P.INSTANCE
joeq.Compiler.Quad.Operator$Binary$AND_I.INSTANCE
joeq.Compiler.Quad.Operator$Binary$AND_L.INSTANCE
joeq.Compiler.Quad.Operator$Binary$CMP_DG.INSTANCE
joeq.Compiler.Quad.Operator$Binary$CMP_DL.INSTANCE
joeq.Compiler.Quad.Operator$Binary$CMP_FG.INSTANCE
joeq.Compiler.Quad.Operator$Binary$CMP_FL.INSTANCE
joeq.Compiler.Quad.Operator$Binary$CMP_L.INSTANCE
joeq.Compiler.Quad.Operator$Binary$DIV_D.INSTANCE
joeq.Compiler.Quad.Operator$Binary$DIV_F.INSTANCE
joeq.Compiler.Quad.Operator$Binary$DIV_I.INSTANCE
joeq.Compiler.Quad.Operator$Binary$DIV_L.INSTANCE
joeq.Compiler.Quad.Operator$Binary$MUL_D.INSTANCE
joeq.Compiler.Quad.Operator$Binary$MUL_F.INSTANCE
joeq.Compiler.Quad.Operator$Binary$MUL_I.INSTANCE
joeq.Compiler.Quad.Operator$Binary$MUL_L.INSTANCE
joeq.Compiler.Quad.Operator$Binary$OR_I.INSTANCE
joeq.Compiler.Quad.Operator$Binary$OR_L.INSTANCE
joeq.Compiler.Quad.Operator$Binary$REM_D.INSTANCE
joeq.Compiler.Quad.Operator$Binary$REM_F.INSTANCE
joeq.Compiler.Quad.Operator$Binary$REM_I.INSTANCE
joeq.Compiler.Quad.Operator$Binary$REM_L.INSTANCE
joeq.Compiler.Quad.Operator$Binary$SHL_I.INSTANCE
joeq.Compiler.Quad.Operator$Binary$SHL_L.INSTANCE
joeq.Compiler.Quad.Operator$Binary$SHR_I.INSTANCE
joeq.Compiler.Quad.Operator$Binary$SHR_L.INSTANCE
joeq.Compiler.Quad.Operator$Binary$SUB_D.INSTANCE
joeq.Compiler.Quad.Operator$Binary$SUB_F.INSTANCE
joeq.Compiler.Quad.Operator$Binary$SUB_I.INSTANCE
joeq.Compiler.Quad.Operator$Binary$SUB_L.INSTANCE
joeq.Compiler.Quad.Operator$Binary$SUB_P.INSTANCE
joeq.Compiler.Quad.Operator$Binary$USHR_I.INSTANCE
joeq.Compiler.Quad.Operator$Binary$USHR_L.INSTANCE
joeq.Compiler.Quad.Operator$Binary$XOR_I.INSTANCE
joeq.Compiler.Quad.Operator$Binary$XOR_L.INSTANCE
joeq.Compiler.Quad.Operator$BoundsCheck$BOUNDS_CHECK.INSTANCE
joeq.Compiler.Quad.Operator$CheckCast$CHECKCAST.INSTANCE
joeq.Compiler.Quad.Operator$Getfield$GETFIELD_A.INSTANCE
joeq.Compiler.Quad.Operator$Getfield$GETFIELD_A_DYNLINK.INSTANCE
joeq.Compiler.Quad.Operator$Getfield$GETFIELD_B.INSTANCE
joeq.Compiler.Quad.Operator$Getfield$GETFIELD_B_DYNLINK.INSTANCE
joeq.Compiler.Quad.Operator$Getfield$GETFIELD_C.INSTANCE
joeq.Compiler.Quad.Operator$Getfield$GETFIELD_C_DYNLINK.INSTANCE
joeq.Compiler.Quad.Operator$Getfield$GETFIELD_D.INSTANCE
joeq.Compiler.Quad.Operator$Getfield$GETFIELD_D_DYNLINK.INSTANCE
joeq.Compiler.Quad.Operator$Getfield$GETFIELD_F.INSTANCE
joeq.Compiler.Quad.Operator$Getfield$GETFIELD_F_DYNLINK.INSTANCE
joeq.Compiler.Quad.Operator$Getfield$GETFIELD_I.INSTANCE
joeq.Compiler.Quad.Operator$Getfield$GETFIELD_I_DYNLINK.INSTANCE
joeq.Compiler.Quad.Operator$Getfield$GETFIELD_L.INSTANCE
joeq.Compiler.Quad.Operator$Getfield$GETFIELD_L_DYNLINK.INSTANCE
joeq.Compiler.Quad.Operator$Getfield$GETFIELD_P.INSTANCE
joeq.Compiler.Quad.Operator$Getfield$GETFIELD_P_DYNLINK.INSTANCE
joeq.Compiler.Quad.Operator$Getfield$GETFIELD_S.INSTANCE
joeq.Compiler.Quad.Operator$Getfield$GETFIELD_S_DYNLINK.INSTANCE
joeq.Compiler.Quad.Operator$Getfield$GETFIELD_Z.INSTANCE
joeq.Compiler.Quad.Operator$Getfield$GETFIELD_Z_DYNLINK.INSTANCE
joeq.Compiler.Quad.Operator$Getstatic$GETSTATIC_A.INSTANCE
joeq.Compiler.Quad.Operator$Getstatic$GETSTATIC_A_DYNLINK.INSTANCE
joeq.Compiler.Quad.Operator$Getstatic$GETSTATIC_B.INSTANCE
joeq.Compiler.Quad.Operator$Getstatic$GETSTATIC_B_DYNLINK.INSTANCE
joeq.Compiler.Quad.Operator$Getstatic$GETSTATIC_C.INSTANCE
joeq.Compiler.Quad.Operator$Getstatic$GETSTATIC_C_DYNLINK.INSTANCE
joeq.Compiler.Quad.Operator$Getstatic$GETSTATIC_D.INSTANCE
joeq.Compiler.Quad.Operator$Getstatic$GETSTATIC_D_DYNLINK.INSTANCE
joeq.Compiler.Quad.Operator$Getstatic$GETSTATIC_F.INSTANCE
joeq.Compiler.Quad.Operator$Getstatic$GETSTATIC_F_DYNLINK.INSTANCE
joeq.Compiler.Quad.Operator$Getstatic$GETSTATIC_I.INSTANCE
joeq.Compiler.Quad.Operator$Getstatic$GETSTATIC_I_DYNLINK.INSTANCE
joeq.Compiler.Quad.Operator$Getstatic$GETSTATIC_L.INSTANCE
joeq.Compiler.Quad.Operator$Getstatic$GETSTATIC_L_DYNLINK.INSTANCE
joeq.Compiler.Quad.Operator$Getstatic$GETSTATIC_P.INSTANCE
joeq.Compiler.Quad.Operator$Getstatic$GETSTATIC_P_DYNLINK.INSTANCE
joeq.Compiler.Quad.Operator$Getstatic$GETSTATIC_S.INSTANCE
joeq.Compiler.Quad.Operator$Getstatic$GETSTATIC_S_DYNLINK.INSTANCE
joeq.Compiler.Quad.Operator$Getstatic$GETSTATIC_Z.INSTANCE
joeq.Compiler.Quad.Operator$Getstatic$GETSTATIC_Z_DYNLINK.INSTANCE
joeq.Compiler.Quad.Operator$Goto$GOTO.INSTANCE
joeq.Compiler.Quad.Operator$InstanceOf$INSTANCEOF.INSTANCE
joeq.Compiler.Quad.Operator$IntIfCmp$IFCMP_A.INSTANCE
joeq.Compiler.Quad.Operator$IntIfCmp$IFCMP_I.INSTANCE
joeq.Compiler.Quad.Operator$IntIfCmp$IFCMP_P.INSTANCE
joeq.Compiler.Quad.Operator$Invoke$INVOKEINTERFACE_A.INSTANCE
joeq.Compiler.Quad.Operator$Invoke$INVOKEINTERFACE_D.INSTANCE
joeq.Compiler.Quad.Operator$Invoke$INVOKEINTERFACE_F.INSTANCE
joeq.Compiler.Quad.Operator$Invoke$INVOKEINTERFACE_I.INSTANCE
joeq.Compiler.Quad.Operator$Invoke$INVOKEINTERFACE_L.INSTANCE
joeq.Compiler.Quad.Operator$Invoke$INVOKEINTERFACE_P.INSTANCE
joeq.Compiler.Quad.Operator$Invoke$INVOKEINTERFACE_V.INSTANCE
joeq.Compiler.Quad.Operator$Invoke$INVOKESPECIAL_A_DYNLINK.INSTANCE
joeq.Compiler.Quad.Operator$Invoke$INVOKESPECIAL_D_DYNLINK.INSTANCE
joeq.Compiler.Quad.Operator$Invoke$INVOKESPECIAL_F_DYNLINK.INSTANCE
joeq.Compiler.Quad.Operator$Invoke$INVOKESPECIAL_I_DYNLINK.INSTANCE
joeq.Compiler.Quad.Operator$Invoke$INVOKESPECIAL_L_DYNLINK.INSTANCE
joeq.Compiler.Quad.Operator$Invoke$INVOKESPECIAL_P_DYNLINK.INSTANCE
joeq.Compiler.Quad.Operator$Invoke$INVOKESPECIAL_V_DYNLINK.INSTANCE
joeq.Compiler.Quad.Operator$Invoke$INVOKESTATIC_A.INSTANCE
joeq.Compiler.Quad.Operator$Invoke$INVOKESTATIC_A_DYNLINK.INSTANCE
joeq.Compiler.Quad.Operator$Invoke$INVOKESTATIC_D.INSTANCE
joeq.Compiler.Quad.Operator$Invoke$INVOKESTATIC_D_DYNLINK.INSTANCE
joeq.Compiler.Quad.Operator$Invoke$INVOKESTATIC_F.INSTANCE
joeq.Compiler.Quad.Operator$Invoke$INVOKESTATIC_F_DYNLINK.INSTANCE
joeq.Compiler.Quad.Operator$Invoke$INVOKESTATIC_I.INSTANCE
joeq.Compiler.Quad.Operator$Invoke$INVOKESTATIC_I_DYNLINK.INSTANCE
joeq.Compiler.Quad.Operator$Invoke$INVOKESTATIC_L.INSTANCE
joeq.Compiler.Quad.Operator$Invoke$INVOKESTATIC_L_DYNLINK.INSTANCE
joeq.Compiler.Quad.Operator$Invoke$INVOKESTATIC_P.INSTANCE
joeq.Compiler.Quad.Operator$Invoke$INVOKESTATIC_P_DYNLINK.INSTANCE
joeq.Compiler.Quad.Operator$Invoke$INVOKESTATIC_V.INSTANCE
joeq.Compiler.Quad.Operator$Invoke$INVOKESTATIC_V_DYNLINK.INSTANCE
joeq.Compiler.Quad.Operator$Invoke$INVOKEVIRTUAL_A.INSTANCE
joeq.Compiler.Quad.Operator$Invoke$INVOKEVIRTUAL_A_DYNLINK.INSTANCE
joeq.Compiler.Quad.Operator$Invoke$INVOKEVIRTUAL_D.INSTANCE
joeq.Compiler.Quad.Operator$Invoke$INVOKEVIRTUAL_D_DYNLINK.INSTANCE
joeq.Compiler.Quad.Operator$Invoke$INVOKEVIRTUAL_F.INSTANCE
joeq.Compiler.Quad.Operator$Invoke$INVOKEVIRTUAL_F_DYNLINK.INSTANCE
joeq.Compiler.Quad.Operator$Invoke$INVOKEVIRTUAL_I.INSTANCE
joeq.Compiler.Quad.Operator$Invoke$INVOKEVIRTUAL_I_DYNLINK.INSTANCE
joeq.Compiler.Quad.Operator$Invoke$INVOKEVIRTUAL_L.INSTANCE
joeq.Compiler.Quad.Operator$Invoke$INVOKEVIRTUAL_L_DYNLINK.INSTANCE
joeq.Compiler.Quad.Operator$Invoke$INVOKEVIRTUAL_P.INSTANCE
joeq.Compiler.Quad.Operator$Invoke$INVOKEVIRTUAL_P_DYNLINK.INSTANCE
joeq.Compiler.Quad.Operator$Invoke$INVOKEVIRTUAL_V.INSTANCE
joeq.Compiler.Quad.Operator$Invoke$INVOKEVIRTUAL_V_DYNLINK.INSTANCE
joeq.Compiler.Quad.Operator$Jsr$JSR.INSTANCE
joeq.Compiler.Quad.Operator$LookupSwitch$LOOKUPSWITCH.INSTANCE
joeq.Compiler.Quad.Operator$MemLoad$PEEK_1.INSTANCE
joeq.Compiler.Quad.Operator$MemLoad$PEEK_2.INSTANCE
joeq.Compiler.Quad.Operator$MemLoad$PEEK_4.INSTANCE
joeq.Compiler.Quad.Operator$MemLoad$PEEK_8.INSTANCE
joeq.Compiler.Quad.Operator$MemLoad$PEEK_P.INSTANCE
joeq.Compiler.Quad.Operator$MemStore$POKE_1.INSTANCE
joeq.Compiler.Quad.Operator$MemStore$POKE_2.INSTANCE
joeq.Compiler.Quad.Operator$MemStore$POKE_4.INSTANCE
joeq.Compiler.Quad.Operator$MemStore$POKE_8.INSTANCE
joeq.Compiler.Quad.Operator$MemStore$POKE_P.INSTANCE
joeq.Compiler.Quad.Operator$Monitor$MONITORENTER.INSTANCE
joeq.Compiler.Quad.Operator$Monitor$MONITOREXIT.INSTANCE
joeq.Compiler.Quad.Operator$Move$MOVE_A.INSTANCE
joeq.Compiler.Quad.Operator$Move$MOVE_D.INSTANCE
joeq.Compiler.Quad.Operator$Move$MOVE_F.INSTANCE
joeq.Compiler.Quad.Operator$Move$MOVE_I.INSTANCE
joeq.Compiler.Quad.Operator$Move$MOVE_L.INSTANCE
joeq.Compiler.Quad.Operator$Move$MOVE_P.INSTANCE
joeq.Compiler.Quad.Operator$New$NEW.INSTANCE
joeq.Compiler.Quad.Operator$NewArray$NEWARRAY.INSTANCE
joeq.Compiler.Quad.Operator$NullCheck$NULL_CHECK.INSTANCE
joeq.Compiler.Quad.Operator$Putfield$PUTFIELD_A.INSTANCE
joeq.Compiler.Quad.Operator$Putfield$PUTFIELD_A_DYNLINK.INSTANCE
joeq.Compiler.Quad.Operator$Putfield$PUTFIELD_B.INSTANCE
joeq.Compiler.Quad.Operator$Putfield$PUTFIELD_B_DYNLINK.INSTANCE
joeq.Compiler.Quad.Operator$Putfield$PUTFIELD_C.INSTANCE
joeq.Compiler.Quad.Operator$Putfield$PUTFIELD_C_DYNLINK.INSTANCE
joeq.Compiler.Quad.Operator$Putfield$PUTFIELD_D.INSTANCE
joeq.Compiler.Quad.Operator$Putfield$PUTFIELD_D_DYNLINK.INSTANCE
joeq.Compiler.Quad.Operator$Putfield$PUTFIELD_F.INSTANCE
joeq.Compiler.Quad.Operator$Putfield$PUTFIELD_F_DYNLINK.INSTANCE
joeq.Compiler.Quad.Operator$Putfield$PUTFIELD_I.INSTANCE
joeq.Compiler.Quad.Operator$Putfield$PUTFIELD_I_DYNLINK.INSTANCE
joeq.Compiler.Quad.Operator$Putfield$PUTFIELD_L.INSTANCE
joeq.Compiler.Quad.Operator$Putfield$PUTFIELD_L_DYNLINK.INSTANCE
joeq.Compiler.Quad.Operator$Putfield$PUTFIELD_P.INSTANCE
joeq.Compiler.Quad.Operator$Putfield$PUTFIELD_P_DYNLINK.INSTANCE
joeq.Compiler.Quad.Operator$Putfield$PUTFIELD_S.INSTANCE
joeq.Compiler.Quad.Operator$Putfield$PUTFIELD_S_DYNLINK.INSTANCE
joeq.Compiler.Quad.Operator$Putfield$PUTFIELD_Z.INSTANCE
joeq.Compiler.Quad.Operator$Putfield$PUTFIELD_Z_DYNLINK.INSTANCE
joeq.Compiler.Quad.Operator$Putstatic$PUTSTATIC_A.INSTANCE
joeq.Compiler.Quad.Operator$Putstatic$PUTSTATIC_A_DYNLINK.INSTANCE
joeq.Compiler.Quad.Operator$Putstatic$PUTSTATIC_B.INSTANCE
joeq.Compiler.Quad.Operator$Putstatic$PUTSTATIC_B_DYNLINK.INSTANCE
joeq.Compiler.Quad.Operator$Putstatic$PUTSTATIC_C.INSTANCE
joeq.Compiler.Quad.Operator$Putstatic$PUTSTATIC_C_DYNLINK.INSTANCE
joeq.Compiler.Quad.Operator$Putstatic$PUTSTATIC_D.INSTANCE
joeq.Compiler.Quad.Operator$Putstatic$PUTSTATIC_D_DYNLINK.INSTANCE
joeq.Compiler.Quad.Operator$Putstatic$PUTSTATIC_F.INSTANCE
joeq.Compiler.Quad.Operator$Putstatic$PUTSTATIC_F_DYNLINK.INSTANCE
joeq.Compiler.Quad.Operator$Putstatic$PUTSTATIC_I.INSTANCE
joeq.Compiler.Quad.Operator$Putstatic$PUTSTATIC_I_DYNLINK.INSTANCE
joeq.Compiler.Quad.Operator$Putstatic$PUTSTATIC_L.INSTANCE
joeq.Compiler.Quad.Operator$Putstatic$PUTSTATIC_L_DYNLINK.INSTANCE
joeq.Compiler.Quad.Operator$Putstatic$PUTSTATIC_P.INSTANCE
joeq.Compiler.Quad.Operator$Putstatic$PUTSTATIC_P_DYNLINK.INSTANCE
joeq.Compiler.Quad.Operator$Putstatic$PUTSTATIC_S.INSTANCE
joeq.Compiler.Quad.Operator$Putstatic$PUTSTATIC_S_DYNLINK.INSTANCE
joeq.Compiler.Quad.Operator$Putstatic$PUTSTATIC_Z.INSTANCE
joeq.Compiler.Quad.Operator$Putstatic$PUTSTATIC_Z_DYNLINK.INSTANCE
joeq.Compiler.Quad.Operator$Ret$RET.INSTANCE
joeq.Compiler.Quad.Operator$Return$RETURN_A.INSTANCE
joeq.Compiler.Quad.Operator$Return$RETURN_D.INSTANCE
joeq.Compiler.Quad.Operator$Return$RETURN_F.INSTANCE
joeq.Compiler.Quad.Operator$Return$RETURN_I.INSTANCE
joeq.Compiler.Quad.Operator$Return$RETURN_L.INSTANCE
joeq.Compiler.Quad.Operator$Return$RETURN_P.INSTANCE
joeq.Compiler.Quad.Operator$Return$RETURN_V.INSTANCE
joeq.Compiler.Quad.Operator$Return$THROW_A.INSTANCE
joeq.Compiler.Quad.Operator$Special$ALLOCA.INSTANCE
joeq.Compiler.Quad.Operator$Special$ATOMICADD_I.INSTANCE
joeq.Compiler.Quad.Operator$Special$ATOMICAND_I.INSTANCE
joeq.Compiler.Quad.Operator$Special$ATOMICCAS4.INSTANCE
joeq.Compiler.Quad.Operator$Special$ATOMICCAS8.INSTANCE
joeq.Compiler.Quad.Operator$Special$ATOMICSUB_I.INSTANCE
joeq.Compiler.Quad.Operator$Special$GET_BASE_POINTER.INSTANCE
joeq.Compiler.Quad.Operator$Special$GET_EXCEPTION.INSTANCE
joeq.Compiler.Quad.Operator$Special$GET_STACK_POINTER.INSTANCE
joeq.Compiler.Quad.Operator$StoreCheck$ASTORE_CHECK.INSTANCE
joeq.Compiler.Quad.Operator$TableSwitch$TABLESWITCH.INSTANCE
joeq.Compiler.Quad.Operator$Unary$ADDRESS_2INT.INSTANCE
joeq.Compiler.Quad.Operator$Unary$ADDRESS_2OBJECT.INSTANCE
joeq.Compiler.Quad.Operator$Unary$DOUBLE_2FLOAT.INSTANCE
joeq.Compiler.Quad.Operator$Unary$DOUBLE_2INT.INSTANCE
joeq.Compiler.Quad.Operator$Unary$DOUBLE_2LONG.INSTANCE
joeq.Compiler.Quad.Operator$Unary$FLOAT_2DOUBLE.INSTANCE
joeq.Compiler.Quad.Operator$Unary$FLOAT_2INT.INSTANCE
joeq.Compiler.Quad.Operator$Unary$FLOAT_2LONG.INSTANCE
joeq.Compiler.Quad.Operator$Unary$INT_2ADDRESS.INSTANCE
joeq.Compiler.Quad.Operator$Unary$INT_2BYTE.INSTANCE
joeq.Compiler.Quad.Operator$Unary$INT_2CHAR.INSTANCE
joeq.Compiler.Quad.Operator$Unary$INT_2DOUBLE.INSTANCE
joeq.Compiler.Quad.Operator$Unary$INT_2FLOAT.INSTANCE
joeq.Compiler.Quad.Operator$Unary$INT_2LONG.INSTANCE
joeq.Compiler.Quad.Operator$Unary$INT_2SHORT.INSTANCE
joeq.Compiler.Quad.Operator$Unary$ISNULL_P.INSTANCE
joeq.Compiler.Quad.Operator$Unary$LONG_2DOUBLE.INSTANCE
joeq.Compiler.Quad.Operator$Unary$LONG_2FLOAT.INSTANCE
joeq.Compiler.Quad.Operator$Unary$LONG_2INT.INSTANCE
joeq.Compiler.Quad.Operator$Unary$NEG_D.INSTANCE
joeq.Compiler.Quad.Operator$Unary$NEG_F.INSTANCE
joeq.Compiler.Quad.Operator$Unary$NEG_I.INSTANCE
joeq.Compiler.Quad.Operator$Unary$NEG_L.INSTANCE
joeq.Compiler.Quad.Operator$Unary$OBJECT_2ADDRESS.INSTANCE
joeq.Compiler.Quad.Operator$ZeroCheck$ZERO_CHECK_I.INSTANCE
joeq.Compiler.Quad.Operator$ZeroCheck$ZERO_CHECK_L.INSTANCE
joeq.Compiler.Quad.Operator.noregisters
joeq.Compiler.Quad.Operator.noexceptions
joeq.Compiler.Quad.Operator.anyexception
joeq.Compiler.Quad.Operator.resolutionexceptions
joeq.Compiler.Quad.Operator.nullptrexception
joeq.Compiler.Quad.Operator.arrayboundsexception
joeq.Compiler.Quad.Operator.arraystoreexception
joeq.Compiler.Quad.Operator.negativesizeexception
joeq.Compiler.Quad.Operator.arithexception
joeq.Compiler.Quad.Operator.classcastexceptions
joeq.Compiler.Quad.Operator.illegalmonitorstateexception
joeq.Compiler.Quad.Operator._delegate
joeq.Main.Driver.classesToProcess
joeq.Main.HostedVM.bogus_heap_address
joeq.Main.Driver.class$0
joeq.Main.Driver.interpreterClass
joeq.Util.Strings.lineSep
joeq.Runtime.Reflection._delegate
joeq.Runtime.Reflection._class
joeq.Runtime.Reflection._obj_trav
joeq.Main.Driver.methodNamesToProcess
joeq.Memory.Address._class
joeq.Memory.HeapAddress._class
joeq.Memory.HeapAddress._FACTORY
joeq.Memory.StackAddress._class
joeq.Memory.StackAddress._FACTORY
joeq.Runtime.Arrays._multinewarray
joeq.Runtime.Debug.buffer
joeq.Runtime.Debug._delegate
joeq.Runtime.ObjectTraverser.out
joeq.Runtime.ObjectTraverser.NO_OBJECT
joeq.Runtime.TypeCheck._checkcast
joeq.Runtime.TypeCheck._instance_of
joeq.Runtime.TypeCheck._arrayStoreCheck
joeq.Util.BitString.bytemsb
joeq.Util.Collections.Factories.hashMapFactory
joeq.Util.Collections.Factories.treeMapFactory
joeq.Util.Collections.Factories.hashSetFactory
joeq.Util.Collections.Factories.linearSetFactory
joeq.Util.Collections.Factories.treeSetFactory
joeq.Util.Collections.Factories.linkedListFactory
joeq.Util.Collections.Factories.arrayListFactory
joeq.Util.Templates.ListWrapper$Quad$EmptyIterator.INSTANCE
joeq.Util.Templates.UnmodifiableList$BasicBlock.EMPTY
joeq.Util.Templates.UnmodifiableList$RegisterOperand.EMPTY
joeq.Util.Templates.UnmodifiableList$jq_Class.EMPTY
sun.io.CharacterEncoding.aliasTable
sun.io.Converters.lock
sun.io.Converters.converterPackageName
sun.io.Converters.defaultEncoding
sun.io.Converters.converterPrefix
sun.io.Converters.DEFAULT_NAME
sun.io.Converters.classCache
sun.misc.ASCIICaseInsensitiveComparator.CASE_INSENSITIVE_ORDER
sun.misc.FloatingDecimal.perThreadBuffer
sun.misc.FloatingDecimal.small10pow
sun.misc.FloatingDecimal.singleSmall10pow
sun.misc.FloatingDecimal.big10pow
sun.misc.FloatingDecimal.tiny10pow
sun.misc.FloatingDecimal.small5pow
sun.misc.FloatingDecimal.long5pow
sun.misc.FloatingDecimal.n5bits
sun.misc.FloatingDecimal.infinity
sun.misc.FloatingDecimal.notANumber
sun.misc.FloatingDecimal.zero
sun.misc.FloatingDecimal.hexFloatPattern
sun.misc.Launcher$Factory.PREFIX
sun.misc.Launcher.factory
sun.misc.Launcher.launcher
sun.misc.URLClassPath.JAVA_VERSION
sun.nio.cs.StandardCharsets.instance
sun.security.util.SecurityConstants.ALL_PERMISSION
sun.security.util.SecurityConstants.TOPLEVEL_WINDOW_PERMISSION
sun.security.util.SecurityConstants.ACCESS_CLIPBOARD_PERMISSION
sun.security.util.SecurityConstants.CHECK_AWT_EVENTQUEUE_PERMISSION
sun.security.util.SecurityConstants.READ_DISPLAY_PIXELS_PERMISSION
sun.security.util.SecurityConstants.CREATE_ROBOT_PERMISSION
sun.security.util.SecurityConstants.WATCH_MOUSE_PERMISSION
sun.security.util.SecurityConstants.SET_WINDOW_ALWAYS_ON_TOP_PERMISSION
sun.security.util.SecurityConstants.ALL_AWT_EVENTS_PERMISSION
sun.security.util.SecurityConstants.SPECIFY_HANDLER_PERMISSION
sun.security.util.SecurityConstants.SET_PROXYSELECTOR_PERMISSION
sun.security.util.SecurityConstants.GET_PROXYSELECTOR_PERMISSION
sun.security.util.SecurityConstants.SET_COOKIEHANDLER_PERMISSION
sun.security.util.SecurityConstants.GET_COOKIEHANDLER_PERMISSION
sun.security.util.SecurityConstants.SET_RESPONSECACHE_PERMISSION
sun.security.util.SecurityConstants.GET_RESPONSECACHE_PERMISSION
sun.security.util.SecurityConstants.CREATE_CLASSLOADER_PERMISSION
sun.security.util.SecurityConstants.CHECK_MEMBER_ACCESS_PERMISSION
sun.security.util.SecurityConstants.MODIFY_THREAD_PERMISSION
sun.security.util.SecurityConstants.MODIFY_THREADGROUP_PERMISSION
sun.security.util.SecurityConstants.GET_PD_PERMISSION
sun.security.util.SecurityConstants.GET_CLASSLOADER_PERMISSION
sun.security.util.SecurityConstants.STOP_THREAD_PERMISSION
sun.security.util.SecurityConstants.GET_STACK_TRACE_PERMISSION
sun.security.util.SecurityConstants.CREATE_ACC_PERMISSION
sun.security.util.SecurityConstants.GET_COMBINER_PERMISSION
sun.security.util.SecurityConstants.GET_POLICY_PERMISSION
sun.security.util.SecurityConstants.LOCAL_LISTEN_PERMISSION
sun.security.util.SecurityConstants.DO_AS_PERMISSION
sun.security.util.SecurityConstants.DO_AS_PRIVILEGED_PERMISSION
sun.text.Normalizer.NO_OP
sun.text.Normalizer.DECOMP
sun.text.Normalizer.DECOMP_COMPAT
sun.text.Normalizer.COMPOSE
sun.text.Normalizer.COMPOSE_COMPAT
sun.text.Normalizer.FCD
sun.text.Normalizer.NO
sun.text.Normalizer.YES
sun.text.Normalizer.MAYBE
sun.text.NormalizerImpl$NormTrieImpl.normTrie
sun.text.NormalizerImpl.IMPL
java.util.HashMap.table
java.util.HashMap$Entry.value
java.util.HashMap$Entry.key
java.util.HashMap$Entry.next
joeq.Compiler.Quad.BytecodeToQuad$AbstractState.this$0
java.lang.AbstractStringBuilder.value
joeq.Class.jq_Method.return_type
java.util.HashMap$Values.this+0
java.util.regex.Pattern$Node.next
java.util.regex.Pattern$Curly.atom
java.util.regex.Pattern$Behind.cond
java.util.regex.Pattern$Add.lhs
java.util.regex.Pattern$Add.rhs
java.util.regex.Pattern$Ques.atom
java.util.regex.Pattern$NotBehind.cond
java.util.regex.Pattern$GroupCurly.atom
java.util.regex.Pattern$Both.lhs
java.util.regex.Pattern$Both.rhs
java.util.regex.Pattern$Branch.prev
java.util.regex.Pattern$Pos.cond
java.util.regex.Pattern$Loop.body
java.util.regex.Pattern$Not.atom
java.util.regex.Pattern$Prolog.loop
java.util.regex.Pattern$Neg.cond
joeq.Util.IO.ByteSequence.byte_stream
joeq.Class.jq_Member.clazz
joeq.Compiler.BytecodeAnalysis.ControlFlowGraph.basic_blocks
joeq.Compiler.Quad.BasicBlock.predecessors
java.text.StringCharacterIterator.text
joeq.Compiler.BytecodeAnalysis.LiveRefAnalysis$SecondPassVisitor.current_bb
joeq.Compiler.BytecodeAnalysis.LiveRefAnalysis$SecondPassVisitor.this$0
joeq.Compiler.BytecodeAnalysis.BytecodeVisitor.out
joeq.Compiler.BytecodeAnalysis.LiveRefAnalysis$SecondPassVisitor.current_state
joeq.Compiler.BytecodeAnalysis.LiveRefAnalysis$SystemType.type
joeq.Class.jq_Member.nd
java.util.AbstractMap.keySet
joeq.Compiler.CompilationState$BootstrapCompilation.boot_types
joeq.Compiler.Quad.ExceptionHandler.handled_blocks
java.lang.ThreadLocal$ThreadLocalMap.table
java.util.LinkedList.header
java.util.LinkedList$Entry.next
java.util.AbstractList$Itr.this+0
joeq.Compiler.BytecodeAnalysis.LiveRefAnalysis.start_states
joeq.Compiler.Quad.Operand$RegisterOperand.register
joeq.UTF.Utf8.cache
joeq.UTF.Utf8.data
joeq.Compiler.Quad.RegisterFactory.stackNumbering
java.util.LinkedHashMap$LinkedHashIterator.this+0
joeq.Class.jq_Type.desc
java.text.RuleBasedBreakIterator.charCategoryTable
java.text.RuleBasedBreakIterator.supplementaryCharCategoryTable
java.text.RuleBasedBreakIterator.stateTable
java.text.RuleBasedBreakIterator.backwardsStateTable
java.text.RuleBasedBreakIterator.endStates
java.text.RuleBasedBreakIterator.lookaheadStates
java.text.RuleBasedBreakIterator.additionalData
java.text.RuleBasedBreakIterator.text
joeq.Compiler.BytecodeAnalysis.LiveRefAnalysis$ExactState.stack
joeq.Class.jq_Method.exception_table
joeq.Compiler.BytecodeAnalysis.ExceptionHandler.exceptionType
java.util.ArrayList.elementData
joeq.Util.Collections.GenericMultiMap.internMap
joeq.Util.Collections.GenericMultiMap.cf
joeq.Util.Collections.GenericMultiMap.mf
joeq.Class.jq_ConstantPool$ConstantPoolRebuilder$RebuildCPVisitor.this$1
joeq.Class.jq_Class.static_methods
joeq.Compiler.Quad.BytecodeToQuad.current_state
joeq.Compiler.Quad.BytecodeToQuad.rf
joeq.Compiler.Quad.BytecodeToQuad.quad_cfg
joeq.Compiler.BytecodeAnalysis.ControlFlowGraph$InitialPass.branch_locations
joeq.Compiler.BytecodeAnalysis.ControlFlowGraph$InitialPass.basic_block_start
java.util.SubList+1.i
java.util.SubList+1.this+0
joeq.Class.jq_NameAndDesc.desc
joeq.Class.jq_Class.static_fields
joeq.Class.jq_Class.super_class
joeq.Class.jq_Class.declared_interfaces
joeq.Compiler.Quad.BytecodeToQuad$AbstractState.stack
java.text.RuleBasedBreakIterator$SafeCharIterator.base
joeq.Compiler.Quad.RegisterFactory.localNumbering
joeq.Compiler.BytecodeAnalysis.Bytecodes$InstructionList.end
joeq.Compiler.BytecodeAnalysis.Bytecodes$InstructionList.start
joeq.Compiler.BytecodeAnalysis.Bytecodes$InstructionHandle.prev
joeq.Compiler.BytecodeAnalysis.Bytecodes$InstructionHandle.next
java.util.HashMap.entrySet
joeq.Class.jq_Method.bytecode
joeq.Compiler.BytecodeAnalysis.Bytecodes$InstructionList.byte_positions
joeq.Compiler.Quad.BasicBlockVisitor$AllBasicBlockVisitor.bbv
joeq.Class.jq_Array.element_type
joeq.Compiler.Quad.BytecodeToQuad.currentGuard
joeq.Compiler.Quad.Operand$RegisterOperand.type
java.security.AccessControlContext.context
java.security.AccessControlContext.combiner
java.security.AccessControlContext.privilegedContext
joeq.Compiler.BytecodeAnalysis.LiveRefAnalysis$FirstPassVisitor.current_state
java.util.regex.Pattern.temp
joeq.Class.jq_Field.type
joeq.Class.jq_Class.attributes
joeq.Compiler.Quad.BytecodeToQuad.quad_bb
joeq.Compiler.Quad.BytecodeToQuad.quad2bci
java.util.TreeMap$Entry.parent
java.nio.CharBuffer.hb
java.util.regex.Matcher.parentPattern
java.util.regex.Matcher.text
java.util.regex.Pattern.root
java.lang.System.props
sun.misc.Launcher+1.val+dirs
java.util.regex.Pattern.normalizedPattern
joeq.Compiler.BytecodeAnalysis.ControlFlowGraph$BranchVisitor.bb
joeq.Compiler.BytecodeAnalysis.ControlFlowGraph$BranchVisitor.cfg
joeq.Compiler.BytecodeAnalysis.BasicBlock.successors
java.lang.reflect.Method.methodAccessor
joeq.Util.Templates.ListWrapper$Quad$Iterator.i
joeq.Util.BitString$ForwardBitStringIterator.this$0
java.io.File.path
java.lang.Class.name
joeq.Compiler.BytecodeAnalysis.BasicBlock.exception_handler_set
java.util.Vector.elementData
joeq.Class.jq_ConstantPool.constant_pool_tags
java.util.zip.InflaterInputStream.singleByteBuf
java.util.zip.ZipFile$MappedZipFileInputStream.this+0
java.util.zip.ZipFile$MappedZipFileInputStream.directBuffer
java.text.BreakDictionary.columnMap
java.text.BreakDictionary.rowIndex
java.text.BreakDictionary.rowIndexFlagsIndex
java.text.BreakDictionary.rowIndexFlags
java.text.BreakDictionary.rowIndexShifts
java.text.BreakDictionary.table
java.text.BreakDictionary.supplementaryCharColumnMap
joeq.Class.jq_Primitive.name
java.io.BufferedReader.cb
java.io.BufferedReader.in
joeq.Class.jq_ConstantPool$ConstantPoolRebuilder.new_entries
java.util.MissingResourceException.className
java.util.MissingResourceException.key
joeq.Compiler.BytecodeAnalysis.LiveRefAnalysis.end_states
java.util.Locale.language
java.util.Locale.country
java.util.Locale.variant
java.lang.reflect.Field.fieldAccessor
java.lang.reflect.Field.root
joeq.Compiler.BytecodeAnalysis.BytecodeVisitor.state
joeq.Compiler.BytecodeAnalysis.BytecodeVisitor.method
joeq.Compiler.Quad.ControlFlowGraph.end_node
joeq.Class.jq_MemberReference.clazz
java.lang.ConditionalSpecialCasing$Entry.lower
java.lang.ConditionalSpecialCasing$Entry.upper
java.lang.ConditionalSpecialCasing$Entry.lang
java.util.TreeMap.comparator
joeq.Compiler.Quad.Quad.operator
joeq.Compiler.Quad.Quad.operand1
joeq.Compiler.Quad.Quad.operand2
joeq.Compiler.Quad.Quad.operand3
java.lang.reflect.Field.name
java.io.DataInputStream.lineBuffer
joeq.Class.jq_Reference.class_loader
java.lang.ThreadLocal$ThreadLocalMap$Entry.value
java.lang.reflect.Method.parameterTypes
java.util.zip.Inflater.buf
java.util.StringTokenizer.delimiters
java.util.StringTokenizer.str
joeq.Main.TraceFlags.class$2
java.net.Inet6Address.scope_ifname
java.net.InetAddress.hostName
java.net.Inet6Address.ipaddress
joeq.Compiler.BytecodeAnalysis.ControlFlowGraph$RPOBasicBlockIterator.rpo
java.util.HashSet.map
joeq.Compiler.BytecodeAnalysis.LiveRefAnalysis$FirstPassVisitor.current_bb
joeq.Compiler.BytecodeAnalysis.LiveRefAnalysis$FirstPassVisitor.this$0
java.io.DataInputStream.bytearr
java.io.DataInputStream.chararr
java.io.DataInputStream.readBuffer
joeq.Class.jq_NameAndDesc.name
java.lang.StackTraceElement.declaringClass
java.lang.StackTraceElement.methodName
java.lang.StackTraceElement.fileName
java.util.zip.ZipEntry.name
joeq.Compiler.Quad.Operand$AConstOperand.value
joeq.Compiler.Quad.Operand$PConstOperand.value
joeq.Class.PrimordialClassLoader.bs_desc2type
sun.security.action.GetPropertyAction.theProp
sun.security.action.GetPropertyAction.defaultVal
joeq.Compiler.Quad.BytecodeToQuad$jq_ReturnAddressType.returnTarget
java.net.URL.handler
sun.nio.cs.AbstractCharsetProvider.classMap
sun.nio.cs.AbstractCharsetProvider.aliasNameMap
sun.nio.cs.AbstractCharsetProvider.cache
sun.nio.cs.AbstractCharsetProvider.aliasMap
java.security.Permission.name
joeq.Class.jq_Class.const_pool
java.lang.reflect.Method.root
joeq.Class.jq_MethodVisitor$DeclaredMethodVisitor.methodNames
joeq.Class.jq_MethodVisitor$DeclaredMethodVisitor.mv
java.util.LinkedList$Entry.previous
java.text.BreakIterator+1.val+baseName
java.text.BreakIterator+1.val+locale
joeq.Class.jq_Type.display
joeq.Class.jq_Type.s_s_array
joeq.Class.jq_Reference.vtable
joeq.Class.jq_Class.instance_fields
joeq.Class.jq_Class.reference_offsets
joeq.Class.jq_Class.virtual_methods
joeq.Class.jq_Class.interfaces
joeq.Class.jq_Class.declared_instance_fields
joeq.Class.jq_Class.declared_instance_methods
joeq.Compiler.BytecodeAnalysis.Bytecodes$InstructionHandle.instruction
joeq.Class.jq_ConstantPool.constant_pool
joeq.Compiler.Quad.ExceptionHandlerList.exception_handler
java.util.LinkedList$Entry.element
joeq.Compiler.Analysis.IPA.ProgramLocation.m
joeq.Class.jq_ConstantPool$ConstantPoolEntry.o
joeq.Class.jq_MemberReference.nd
joeq.Compiler.BytecodeAnalysis.ExceptionHandlerIterator.iterator
java.util.zip.ZipFile.name
java.net.SocketPermission.cname
java.net.SocketPermission.addresses
joeq.Compiler.Quad.BytecodeToQuad.bc_cfg
joeq.Compiler.Quad.BytecodeToQuad.quad_bbs
joeq.Compiler.Quad.BytecodeToQuad.regenerate
joeq.Compiler.Quad.BytecodeToQuad.start_states
joeq.Compiler.BytecodeAnalysis.JSRInfo.exit_block
joeq.Compiler.BytecodeAnalysis.JSRInfo.changedLocals
java.util.regex.Pattern.groupNodes
joeq.Class.PrimordialClassLoader$ZipFileElement.entries
joeq.Compiler.BytecodeAnalysis.BytecodeVisitor.clazz
joeq.Util.Collections.AppendIterator.iterator2
joeq.Util.Collections.AppendIterator.iterator1
sun.text.NormalizerImpl.extraData
sun.misc.FDBigInt.data
joeq.Class.jq_Method.default_compiled_version
java.util.HashMap$ValueIterator.this+0
joeq.Compiler.Quad.BasicBlock.instructions
joeq.Compiler.Quad.Operand$RegisterOperand.scratchObject
joeq.Compiler.BytecodeAnalysis.Bytecodes$BranchHandle.bi
java.net.URL.factory
sun.security.util.Debug.prefix
joeq.Util.Templates.UnmodifiableList$BasicBlock$Iterator.this$1
java.util.TreeMap.root
java.util.TreeMap$Entry.key
java.util.TreeMap$Entry.right
java.util.TreeMap$Entry.left
joeq.Compiler.BytecodeAnalysis.Bytecodes$CodeException.start
joeq.Compiler.BytecodeAnalysis.Bytecodes$CodeException.end
joeq.Compiler.BytecodeAnalysis.Bytecodes$CodeException.handler
joeq.Compiler.BytecodeAnalysis.Bytecodes$CodeException.type
java.io.FilePermission+1.this+0
joeq.Compiler.Quad.Operand$PConstOperand.instruction
joeq.Compiler.Quad.Operand$AConstOperand.instruction
joeq.Compiler.Quad.Operand$LConstOperand.instruction
joeq.Compiler.Quad.Operand$TypeOperand.instruction
joeq.Compiler.Quad.Operand$TargetOperand.instruction
joeq.Compiler.Quad.Operand$ParamListOperand.instruction
joeq.Compiler.Quad.Operand$UnnecessaryGuardOperand.instruction
joeq.Compiler.Quad.Operand$IConstOperand.instruction
joeq.Compiler.Quad.Operand$RegisterOperand.instruction
joeq.Compiler.Quad.Operand$DConstOperand.instruction
joeq.Compiler.Quad.Operand$FConstOperand.instruction
joeq.Compiler.BytecodeAnalysis.LiveRefAnalysis$ExactJSRState.mayChangeLocals
joeq.Compiler.BytecodeAnalysis.LiveRefAnalysis$ExactJSRState.mustChangeLocals
java.lang.Class.cachedConstructor
java.lang.Class.newInstanceCallerCache
java.lang.Class.declaredFields
java.lang.Class.publicFields
java.lang.Class.declaredMethods
java.lang.Class.publicMethods
java.lang.Class.declaredConstructors
java.lang.Class.publicConstructors
java.lang.Class.declaredPublicFields
java.lang.Class.declaredPublicMethods
java.lang.Class.genericInfo
java.lang.Class.enumConstants
java.lang.Class.annotations
java.lang.Class.declaredAnnotations
java.util.zip.ZipFile+3.this+0
joeq.Class.jq_ConstantPool$Adder.this$0
joeq.Class.jq_ConstantPool$Adder.toadd_cp
java.lang.Throwable.cause
joeq.Compiler.Quad.Operand$IntValueTableOperand.table
java.util.regex.Pattern.pattern
java.util.regex.Pattern.matchRoot
java.lang.Thread.group
joeq.Class.jq_Member.member_object
joeq.Compiler.Quad.Operand$TargetOperand.target
java.util.AbstractMap.values
java.util.zip.InflaterInputStream.b
java.util.zip.InflaterInputStream.inf
java.util.zip.InflaterInputStream.buf
java.util.zip.ZipFile.inflaters
java.util.zip.ZipFile.mappedBuffer
joeq.Class.jq_Class.members
java.io.InputStreamReader.sd
joeq.Compiler.Quad.BytecodeToQuad$AbstractState.locals
java.net.InetAddress$Cache.cache
joeq.Compiler.Quad.BytecodeToQuad.bc_bb
java.lang.reflect.Method.returnType
joeq.Util.Templates.UnmodifiableList$RegisterOperand.a
joeq.Compiler.Quad.BytecodeToQuad.jsr_states
java.util.TreeMap+1.this+0
joeq.Compiler.BytecodeAnalysis.LiveRefAnalysis$ExactState.locals
joeq.Util.SimpleInterpreter.classpath
joeq.Util.SimpleInterpreter.store
joeq.Compiler.BytecodeAnalysis.BasicBlock.predecessors
java.lang.Thread.contextClassLoader
java.lang.Class.reflectionFactory
joeq.Class.jq_Member$FilterByName.p
java.net.NetworkInterface.addrs
joeq.Class.jq_Method.line_num_table
joeq.Compiler.Quad.ExceptionHandler.exception_type
joeq.Compiler.Quad.ExceptionHandler.entry
sun.nio.cs.StreamDecoder$ConverterSD.btc
sun.nio.cs.StreamDecoder$ConverterSD.bb
java.io.PushbackInputStream.buf
java.util.zip.ZipFile$ZipFileInputStream.this+0
java.util.zip.ZipFile+2.this+0
java.util.regex.Pattern$BitClass.bits
java.text.BreakDictionary+1.this+0
java.text.BreakDictionary+1.val+dictionaryName
joeq.Compiler.Quad.Operand$MethodOperand.instruction
java.util.SubList.l
joeq.Util.Templates.ListWrapper$BasicBlock.a
joeq.Util.Collections.AppendListIterator.iterator2
joeq.Util.Collections.AppendListIterator.iterator1
java.net.Parts.ref
java.util.LinkedHashMap.header
java.lang.SystemClassLoaderAction.parent
joeq.Util.BitString.bits
sun.text.NormalizerImpl.combiningTable
sun.text.NormalizerImpl$RecomposeArgs.source
sun.text.NormalizerImpl$NextCombiningArgs.source
joeq.Util.BitString$BackwardBitStringIterator.this$0
joeq.Util.Templates.UnmodifiableList$BasicBlock.a
java.util.HashMap$HashIterator.this+0
java.util.HashMap$HashIterator.next
sun.security.action.GetIntegerAction.theProp
java.util.LinkedList$ListItr.this+0
joeq.Compiler.Quad.RegisterFactory.registers
java.lang.Throwable.detailMessage
joeq.UTF.Utf8$MethodDescriptorIterator.this$0
joeq.Compiler.Quad.ExceptionHandlerList.parent
java.util.zip.ZipFile$MappedZipFileInputStream.name
joeq.Compiler.BytecodeAnalysis.LiveRefAnalysis$ExactState.last_uses
joeq.Compiler.Quad.BasicBlock.successors
joeq.Class.jq_Type.class_object
java.io.Reader.skipBuffer
java.io.Reader.lock
joeq.Class.jq_CompiledCode.method
java.util.TreeMap$Entry.value
joeq.Class.jq_Method.param_types
joeq.Util.Collections.FilterIterator.next
joeq.Util.Collections.FilterIterator.f
joeq.Class.jq_ConstantPool$ConstantPoolAdder.cp
joeq.Compiler.BytecodeAnalysis.Bytecodes$CPInstruction.o
joeq.Class.PrimordialClassLoader$2.this$1
joeq.Class.PrimordialClassLoader$2.val$pathn
java.lang.Thread.name
java.lang.Thread.threadQ
java.lang.Thread.inheritedAccessControlContext
java.lang.Thread.threadLocals
java.lang.Thread.inheritableThreadLocals
java.lang.Thread.blocker
java.lang.Thread.blockerLock
java.lang.Thread.uncaughtExceptionHandler
java.util.LinkedHashMap$LinkedHashIterator.lastReturned
java.util.LinkedHashMap$LinkedHashIterator.nextEntry
java.util.LinkedHashMap$Entry.after
joeq.Compiler.Quad.Operand$BasicBlockTableOperand.table
joeq.Class.PrimordialClassLoader$5.this$1
java.util.Arrays$ArrayList.a
joeq.Compiler.Quad.Operand$FieldOperand.field
java.text.BreakIterator$BreakIteratorCache.where
joeq.Class.PrimordialClassLoader$PathElement.path
java.net.Parts.path
java.net.Parts.query
java.lang.reflect.Constructor.constructorAccessor
java.lang.reflect.Constructor.root
joeq.Util.Collections.Pair.left
joeq.Util.Collections.Pair.right
java.util.regex.Pattern$UBlock.block
joeq.Compiler.Quad.Quad.operand4
joeq.Class.PrimordialClassLoader.classpathList
java.net.NetworkInterface.name
java.util.regex.Pattern$SliceA.buffer
joeq.Class.jq_StaticField.constantValue
java.util.Hashtable.table
java.util.Hashtable$Entry.next
java.util.Hashtable.keySet
java.util.Hashtable.entrySet
java.util.Hashtable.values
joeq.Class.jq_CompiledCode.entrypoint
joeq.Compiler.BytecodeAnalysis.LiveRefAnalysis$FirstPassVisitor.bytecode_start
joeq.Compiler.BytecodeAnalysis.LiveRefAnalysis$FirstPassVisitor.cfg
java.text.RuleBasedBreakIterator+1.this+0
java.text.RuleBasedBreakIterator+1.val+datafile
java.util.regex.Pattern.buffer
joeq.Class.jq_Class.subclasses
sun.nio.cs.AbstractCharsetProvider.packagePrefix
java.net.NetworkInterface+1checkedAddresses.local_addrs
joeq.Runtime.BasicReflectionImpl.class$0
java.lang.reflect.AccessibleObject.securityCheckCache
java.lang.reflect.Method.securityCheckTargetClassCache
java.lang.reflect.Method.clazz
sun.misc.FloatingDecimal.digits
java.net.InetAddress.unknown_array
joeq.Compiler.Quad.ControlFlowGraphVisitor$CodeCacheVisitor.bbv
java.util.HashMap$HashIterator.current
joeq.Util.Templates.UnmodifiableList$jq_Class.a
java.net.URLClassLoader.acc
java.util.zip.ZipFile+2.val+zfin
joeq.Util.Templates.ListWrapper$BasicBlock$Iterator.i
java.util.HashMap$EntrySet.this+0
java.lang.Shutdown$WrappedHook.hook
joeq.Compiler.Quad.BasicBlock.exception_handler_list
java.util.HashMap$KeySet.this+0
java.util.Hashtable$Entry.key
java.util.Hashtable$Entry.value
joeq.Class.jq_Class$2.this$0
joeq.Class.jq_Class$2.val$cpr
joeq.Compiler.Quad.LoadedCallGraph.methods
joeq.Compiler.Quad.LoadedCallGraph.roots
joeq.Compiler.Quad.LoadedCallGraph.callSites
joeq.Compiler.Quad.LoadedCallGraph.edges
joeq.Compiler.BytecodeAnalysis.ControlFlowGraph.jsr_info
java.io.ObjectStreamField.name
java.io.ObjectStreamField.type
java.io.ObjectStreamField.signature
java.io.ObjectStreamField.field
joeq.Compiler.BytecodeAnalysis.ExceptionHandlerSet.exception_handler
joeq.Compiler.BytecodeAnalysis.ExceptionHandlerSet.parent
java.util.regex.Matcher.groups
java.util.regex.Matcher.locals
joeq.Compiler.Quad.BytecodeToQuad.visited
joeq.Memory.CodeAddress.FACTORY
joeq.Memory.HeapAddress.FACTORY
joeq.Memory.StackAddress.FACTORY
joeq.Runtime.Reflection.obj_trav
java.io.ByteArrayInputStream.buf
java.lang.Throwable.stackTrace
sun.misc.Launcher.loader
joeq.Class.PrimordialClassLoader$PathElement.entries
sun.misc.FloatingDecimal.b5p
java.lang.ClassLoader.package2certs
java.lang.ClassLoader.classes
java.lang.ClassLoader.domains
java.lang.ClassLoader.packages
java.lang.ClassLoader.defaultDomain
java.lang.ClassLoader.nativeLibraries
java.lang.ClassLoader.packageAssertionStatus
java.lang.ClassLoader.classAssertionStatus
java.lang.ClassLoader.parent
java.util.TreeSet.keySet
java.util.LinkedHashMap$Entry.before
java.lang.ClassLoader.nocerts
joeq.Class.jq_LocalVarTableEntry.nd
joeq.Compiler.Quad.ControlFlowGraph.exception_handlers
joeq.Class.PrimordialClassLoader$6.val$cp
joeq.Compiler.Quad.Operand$BasicBlockTableOperand.instruction
joeq.Class.jq_Member.attributes
joeq.Compiler.BytecodeAnalysis.ExceptionHandler.entry
joeq.Compiler.Quad.Operand$TypeOperand.type
java.lang.ClassNotFoundException.ex
java.lang.ExceptionInInitializerError.exception
joeq.Runtime.BasicReflectionImpl.declaredFieldsCache
java.util.regex.Pattern$SliceU.buffer
java.util.LinkedList$ListItr.lastReturned
java.util.LinkedList$ListItr.next
joeq.Class.jq_Class.subinterfaces
joeq.Class.PrimordialClassLoader$1.this$1
joeq.Class.PrimordialClassLoader$1.val$pathname
sun.text.SupplementaryCharacterData.dataTable
sun.nio.cs.StreamDecoder$ConverterSD.in
sun.nio.cs.StreamDecoder$CharsetSD.decoder
sun.nio.cs.StreamDecoder$CharsetSD.bb
java.net.InetAddress$CacheEntry.address
joeq.Util.Collections.LinearSet.list
joeq.Util.Collections.LinearSet.lf
joeq.Compiler.Quad.Operand$FieldOperand.instruction
java.nio.charset.Charset+2.val+charsetName
java.lang.Character$Subset.name
joeq.Compiler.Quad.ControlFlowGraph.method
joeq.Compiler.Quad.ControlFlowGraph.start_node
joeq.Compiler.Quad.ControlFlowGraph.rf
joeq.Util.Collections.GenericInvertibleMultiMap.map
joeq.Util.Collections.GenericInvertibleMultiMap.imap
joeq.Util.Collections.GenericInvertibleMultiMap.inverse
java.util.regex.Pattern$Slice.buffer
sun.security.action.GetBooleanAction.theProp
java.util.HashMap$KeyIterator.this+0
joeq.Class.jq_CompiledCode.start
joeq.Class.jq_CompiledCode.handlers
joeq.Class.jq_CompiledCode.bcm
joeq.Class.jq_CompiledCode.ed
joeq.Class.jq_CompiledCode.code_reloc
joeq.Class.jq_CompiledCode.data_reloc
java.util.Random.seed
java.lang.SecurityManager.packageAccess
joeq.Class.jq_Method.codeattribMap
joeq.Compiler.BytecodeAnalysis.LiveRefAnalysis.method
java.io.FilePermission.cpath
java.security.SecureClassLoader.pdcache
joeq.Compiler.Quad.Operand$IntValueTableOperand.instruction
joeq.Compiler.Quad.Operand$ConditionOperand.instruction
joeq.Class.jq_StaticField.address
java.util.TreeMap.entrySet
java.util.regex.PatternSyntaxException.desc
java.util.regex.PatternSyntaxException.pattern
joeq.Compiler.BytecodeAnalysis.LiveRefAnalysis$ExactState.liveness
joeq.Class.jq_TryCatchBC.exType
java.util.TreeSet.m
java.net.InetAddress+2.val+providerName
java.nio.charset.IllegalCharsetNameException.charsetName
java.lang.reflect.Constructor.clazz
java.lang.reflect.Constructor.parameterTypes
java.net.NetworkInterface+1checkedAddresses.this+0
sun.misc.SoftCache.queue
sun.misc.SoftCache.entrySet
sun.misc.SoftCache.hash
joeq.Compiler.Quad.Operand$MethodOperand.target
sun.misc.URLClassPath.urls
java.net.InetAddress.canonicalHostName
sun.text.NormalizerImpl$PrevArgs.src
java.security.AccessControlContext+1.this+0
java.security.AccessControlContext+1.val+db
java.security.AccessControlContext+1.val+pd
joeq.Compiler.Quad.JSRInfo.entry_block
joeq.Compiler.Quad.JSRInfo.exit_block
joeq.Compiler.Quad.JSRInfo.changedLocals
joeq.Util.Collections.FilterIterator.i
joeq.Compiler.Quad.Operand$ParamListOperand.params
joeq.Compiler.BytecodeAnalysis.JSRInfo.entry_block
sun.security.action.LoadLibraryAction.theLib
java.util.regex.Pattern$BnM.buffer
java.util.regex.Pattern$BnM.lastOcc
java.util.regex.Pattern$BnM.optoSft
sun.nio.cs.StreamDecoder$CharsetSD.in
joeq.Class.jq_Method.localvar_table
joeq.Class.jq_Method.thrown_exceptions_table
joeq.Compiler.BytecodeAnalysis.Bytecodes$LineNumber.start
java.util.Collections+6.this+0
java.text.DictionaryBasedBreakIterator.dictionary
java.util.TreeMap$KeyIterator.this+0
java.nio.ByteOrder.name
joeq.Compiler.BytecodeAnalysis.ExceptionHandler.handledBlocks
java.util.LinkedHashMap$KeyIterator.this+0
joeq.Class.jq_Class$3.this$0
joeq.Class.jq_Class$3.val$cpr
joeq.Compiler.Quad.QuadVisitor$AllQuadVisitor.qv
java.text.DictionaryBasedBreakIterator.cachedBreakPositions
joeq.Class.PrimordialClassLoader$4.this$1
java.net.URLClassLoader+1.this+0
java.net.URLClassLoader+1.val+name
java.util.StringTokenizer.delimiterCodePoints
joeq.Util.Collections.ListFactory$2.val$o
sun.misc.Launcher+2.val+s
sun.misc.Launcher+2.val+path
sun.misc.Launcher+2.val+extcl
java.lang.reflect.Method.name
java.io.ByteArrayOutputStream.buf
java.lang.Class+1.this+0
java.lang.Class+1.val+c
java.security.AccessControlException.perm
joeq.Main.TraceFlags.class$0
joeq.Main.TraceFlags.class$1
java.lang.ClassLoader.scl
java.text.DictionaryBasedBreakIterator.categoryFlags
java.security.BasicPermission.path
java.nio.charset.UnsupportedCharsetException.charsetName
joeq.Class.jq_Class.static_data
java.lang.reflect.Field.securityCheckTargetClassCache
java.lang.reflect.Field.clazz
joeq.Compiler.Quad.ExceptionHandlerIterator.current
joeq.Compiler.Quad.ExceptionHandlerIterator.root
java.text.BreakIterator$BreakIteratorCache.iter
joeq.Class.jq_ConstantPool$1.this$1
joeq.Class.jq_ConstantPool$1.val$my_cpr
java.util.Properties.defaults
java.util.HashMap$EntryIterator.this+0
joeq.Compiler.BytecodeAnalysis.ControlFlowGraph$BranchVisitor.n_pred
joeq.Runtime.BasicReflectionImpl._class
joeq.Runtime.BasicReflectionImpl._declaredFieldsCache
joeq.Compiler.BytecodeAnalysis.BytecodeVisitor.bcs
joeq.Compiler.BytecodeAnalysis.LiveRefAnalysis$SecondPassVisitor.bytecode_start
joeq.ClassLib.ClassLibInterface.class$0
java.lang.System+1.val+s
java.lang.SecurityManager+1.this+0
java.net.URL.protocol
java.net.URL.host
java.net.URL.authority
java.net.URL.path
java.net.URL.query
java.net.URL.file
java.net.URL.ref
joeq.Class.jq_Class$1.this$0
sun.text.NormalizerImpl$NextCCArgs.source
java.util.TreeMap$PrivateEntryIterator.this+0
java.util.TreeMap$PrivateEntryIterator.lastReturned
java.util.TreeMap$PrivateEntryIterator.next
joeq.Compiler.BytecodeAnalysis.ControlFlowGraph.handler_entries
joeq.Compiler.Quad.ControlFlowGraph$1.this$0
joeq.Compiler.Quad.ControlFlowGraph$1.val$bb
joeq.Util.SimpleInterpreter.class$0
sun.nio.cs.StreamDecoder$CharsetSD.cs
sun.nio.cs.StreamDecoder$CharsetSD.ch
java.io.DataOutputStream.bytearr
java.io.DataOutputStream.writeBuffer
joeq.Class.jq_Member$FilterByShortClassName.p
joeq.Compiler.Quad.CodeCache.map
joeq.Compiler.Quad.CodeCache.bcmap
java.util.LinkedHashMap$EntryIterator.this+0
java.net.URLClassLoader.ucp
sun.misc.URLClassPath.path
sun.misc.URLClassPath.loaders
sun.misc.URLClassPath.lmap
sun.misc.URLClassPath.jarHandler
sun.text.CompactByteArray.indices
sun.text.CompactByteArray.values
java.net.NetworkInterface.displayName
java.util.AbstractList$ListItr.this+0
joeq.Compiler.Quad.ControlFlowGraph.jsr_map
sun.text.NormalizerImpl+1.this+0
java.net.SocketPermission.portrange
java.net.SocketPermission.hostname
java.net.SocketPermission.actions
java.util.PropertyPermission.actions
java.io.FilePermission.actions
