null
java.io.FileSystem.getSeparator ()C
java.io.FileSystem.getPathSeparator ()C
java.io.FileInputStream.close ()V
java.lang.ConditionalSpecialCasing$Entry.getCodePoint ()I
java.util.Hashtable.get (Ljava/lang/Object;)Ljava/lang/Object;
java.util.HashSet.add (Ljava/lang/Object;)Z
java.util.Hashtable.put (Ljava/lang/Object;Ljava/lang/Object;)Ljava/lang/Object;
java.lang.Runnable.run ()V
java.lang.Thread.getThreadGroup ()Ljava/lang/ThreadGroup;
java.lang.Thread.setPriority (I)V
java.lang.Thread.setDaemon (Z)V
java.lang.Thread.start ()V
java.lang.ThreadGroup.getParent ()Ljava/lang/ThreadGroup;
java.lang.Object.wait ()V
java.lang.ref.ReferenceQueue.enqueue (Ljava/lang/ref/Reference;)Z
sun.misc.Cleaner.clean ()V
sun.reflect.ReflectionFactory.setLangReflectAccess (Lsun/reflect/LangReflectAccess;)V
java.util.HashMap.put (Ljava/lang/Object;Ljava/lang/Object;)Ljava/lang/Object;
java.util.zip.Inflater.end ()V
java.util.zip.ZipFile.close ()V
joeq.Class.PrimordialClassLoader.getOrCreateBSType (Ljava/lang/String;)Ljoeq/Class/jq_Type;
joeq.Class.PrimordialClassLoader.getOrCreateBSType (Ljoeq/UTF/Utf8;)Ljoeq/Class/jq_Type;
java.io.PrintStream.println (Ljava/lang/String;)V
joeq.Class.PrimordialClassLoader.listPackage (Ljava/lang/String;Z)Ljava/util/Iterator;
java.util.Iterator.hasNext ()Z
java.util.Iterator.next ()Ljava/lang/Object;
java.util.HashSet.contains (Ljava/lang/Object;)Z
java.util.List.add (Ljava/lang/Object;)Z
java.lang.Throwable.printStackTrace (Ljava/io/PrintStream;)V
java.lang.Throwable.getMessage ()Ljava/lang/String;
java.io.PrintStream.print (Ljava/lang/String;)V
java.io.BufferedReader.readLine ()Ljava/lang/String;
java.util.StringTokenizer.countTokens ()I
java.lang.Throwable.toString ()Ljava/lang/String;
java.util.StringTokenizer.hasMoreTokens ()Z
java.util.StringTokenizer.nextToken ()Ljava/lang/String;
joeq.Class.jq_Type.isArrayType ()Z
joeq.Class.jq_Array.getElementType ()Ljoeq/Class/jq_Type;
java.lang.Throwable.printStackTrace ()V
joeq.Util.SimpleInterpreter.getStore ()Ljava/util/Map;
java.util.Map.get (Ljava/lang/Object;)Ljava/lang/Object;
java.lang.Object.toString ()Ljava/lang/String;
joeq.Util.SimpleInterpreter.invokeMethod (Ljava/lang/String;Ljava/lang/String;[Ljava/lang/String;I)I
joeq.Util.SimpleInterpreter.newObject (Ljava/lang/String;Ljava/lang/String;[Ljava/lang/String;I)I
java.io.File.toURL ()Ljava/net/URL;
joeq.Util.SimpleInterpreter.setClassPath ([Ljava/net/URL;)V
java.io.PrintStream.println (Ljava/lang/Object;)V
java.util.Collection.addAll (Ljava/util/Collection;)Z
java.util.Collection.iterator ()Ljava/util/Iterator;
joeq.Class.jq_Type.accept (Ljoeq/Class/jq_TypeVisitor;)V
java.util.List.iterator ()Ljava/util/Iterator;
joeq.Class.jq_Member.getName ()Ljoeq/UTF/Utf8;
joeq.Runtime.Reflection$Delegate.initialize ()V
java.lang.reflect.AccessibleObject.setAccessible (Z)V
joeq.Class.jq_Field.getType ()Ljoeq/Class/jq_Type;
joeq.Class.jq_Method.getParamTypes ()[Ljoeq/Class/jq_Type;
java.lang.Object.getClass ()Ljava/lang/Class;
java.io.PrintStream.flush ()V
java.lang.reflect.InvocationTargetException.getTargetException ()Ljava/lang/Throwable;
joeq.Compiler.Quad.CallGraph.getAllMethods ()Ljava/util/Collection;
joeq.Class.jq_Member.getDeclaringClass ()Ljoeq/Class/jq_Class;
java.util.List.addAll (Ljava/util/Collection;)Z
joeq.Class.PrimordialClassLoader.addToClasspath (Ljava/lang/String;)V
java.util.Map.put (Ljava/lang/Object;Ljava/lang/Object;)Ljava/lang/Object;
java.lang.Throwable.initCause (Ljava/lang/Throwable;)Ljava/lang/Throwable;
java.util.HashMap.addEntry (ILjava/lang/Object;Ljava/lang/Object;I)V
java.util.HashMap$Entry.recordAccess (Ljava/util/HashMap;)V
joeq.Compiler.Quad.BytecodeToQuad$AbstractState.pop ()Ljoeq/Compiler/Quad/Operand;
joeq.Class.jq_Type.isAddressType ()Z
joeq.Compiler.CompilationState.isSubtype (Ljoeq/Class/jq_Type;Ljoeq/Class/jq_Type;)B
joeq.Runtime.Debug$Delegate.writeln (Ljava/lang/String;)V
java.util.HashMap.newValueIterator ()Ljava/util/Iterator;
java.util.regex.Pattern$Node.match (Ljava/util/regex/Matcher;ILjava/lang/CharSequence;)Z
java.lang.CharSequence.charAt (I)C
java.util.regex.Pattern$Loop.matchInit (Ljava/util/regex/Matcher;ILjava/lang/CharSequence;)Z
java.lang.CharSequence.length ()I
joeq.Compiler.Quad.Operand$RegisterOperand.getType ()Ljoeq/Class/jq_Type;
joeq.Compiler.Quad.Operand$AConstOperand.getValue ()Ljava/lang/Object;
sun.nio.cs.StreamEncoder.flushBuffer ()V
joeq.Compiler.BytecodeAnalysis.BasicBlock.getExceptionHandlers ()Ljoeq/Compiler/BytecodeAnalysis/ExceptionHandlerIterator;
joeq.Compiler.BytecodeAnalysis.ExceptionHandlerIterator.hasNext ()Z
joeq.Compiler.BytecodeAnalysis.ExceptionHandlerIterator.nextEH ()Ljoeq/Compiler/BytecodeAnalysis/ExceptionHandler;
joeq.Compiler.BytecodeAnalysis.ExceptionHandler.getEntry ()Ljoeq/Compiler/BytecodeAnalysis/BasicBlock;
joeq.Compiler.BytecodeAnalysis.LiveRefAnalysis$ExactState.mergeLiveness (Ljoeq/Compiler/BytecodeAnalysis/LiveRefAnalysis$ExactState;)Z
joeq.Compiler.BytecodeAnalysis.LiveRefAnalysis$Retaddr.equals (Ljoeq/Compiler/BytecodeAnalysis/LiveRefAnalysis$Retaddr;)Z
joeq.Compiler.BytecodeAnalysis.LiveRefAnalysis$SystemType.equals (Ljoeq/Compiler/BytecodeAnalysis/LiveRefAnalysis$SystemType;)Z
joeq.Class.jq_Type.isReferenceType ()Z
joeq.Compiler.BytecodeAnalysis.LiveRefAnalysis$Type.isReferenceType ()Z
joeq.Compiler.Quad.QuadVisitor.visitQuad (Ljoeq/Compiler/Quad/Quad;)V
joeq.Class.jq_NameAndDesc.getDesc ()Ljoeq/UTF/Utf8;
java.nio.charset.Charset.newDecoder ()Ljava/nio/charset/CharsetDecoder;
java.nio.charset.CharsetDecoder.onMalformedInput (Ljava/nio/charset/CodingErrorAction;)Ljava/nio/charset/CharsetDecoder;
java.nio.charset.CharsetDecoder.onUnmappableCharacter (Ljava/nio/charset/CodingErrorAction;)Ljava/nio/charset/CharsetDecoder;
java.util.Map.containsKey (Ljava/lang/Object;)Z
joeq.Class.jq_Type.getDesc ()Ljoeq/UTF/Utf8;
joeq.UTF.Utf8.toString ()Ljava/lang/String;
joeq.Class.jq_Member.chkState (I)V
joeq.Class.jq_Member.isStatic ()Z
joeq.Class.jq_Reference.isClsInitialized ()Z
joeq.Class.jq_Member.isPrepared ()Z
joeq.Class.jq_Member.isInitialized ()Z
java.util.Set.contains (Ljava/lang/Object;)Z
java.lang.ThreadLocal$ThreadLocalMap$Entry.get ()Ljava/lang/Object;
java.util.AbstractList$Itr.checkForComodification ()V
java.util.AbstractList.get (I)Ljava/lang/Object;
java.util.regex.Pattern$Node.study (Ljava/util/regex/Pattern$TreeInfo;)Z
java.util.regex.Pattern$Loop.study (Ljava/util/regex/Pattern$TreeInfo;)Z
java.lang.Object.equals (Ljava/lang/Object;)Z
java.nio.charset.spi.CharsetProvider.charsetForName (Ljava/lang/String;)Ljava/nio/charset/Charset;
joeq.Class.jq_Type.isPrimitiveType ()Z
joeq.Class.jq_Type.isIntLike ()Z
joeq.Compiler.Quad.RegisterFactory.makeTempReg (Ljoeq/Class/jq_Type;)Ljoeq/Compiler/Quad/RegisterFactory$Register;
joeq.Class.jq_Type.getArrayTypeForElementType ()Ljoeq/Class/jq_Array;
joeq.Class.jq_Type.isClassType ()Z
joeq.Class.jq_Reference.isLoaded ()Z
java.util.Stack.push (Ljava/lang/Object;)Ljava/lang/Object;
java.util.Stack.empty ()Z
java.util.Stack.pop ()Ljava/lang/Object;
joeq.Class.jq_Type.getClassLoader ()Ljava/lang/ClassLoader;
joeq.UTF.Utf8.getAsArrayDescriptor ()Ljoeq/UTF/Utf8;
java.text.RuleBasedBreakIterator.readTables (Ljava/lang/String;)V
joeq.Class.jq_TypeVisitor.visitClass (Ljoeq/Class/jq_Class;)V
joeq.Class.jq_TypeVisitor.visitPrimitive (Ljoeq/Class/jq_Primitive;)V
joeq.Class.jq_TypeVisitor.visitType (Ljoeq/Class/jq_Type;)V
joeq.Class.jq_TypeVisitor.visitArray (Ljoeq/Class/jq_Array;)V
joeq.Compiler.Quad.BasicBlock.isEntry ()Z
joeq.Compiler.Quad.BasicBlock.isExit ()Z
joeq.Compiler.Quad.BasicBlock.getID ()I
joeq.Class.jq_Method.getBytecode ()[B
java.util.ArrayList.ensureCapacity (I)V
joeq.Util.Collections.MapFactory.makeMap ()Ljava/util/Map;
joeq.Class.jq_Type.getReferenceSize ()I
joeq.Compiler.Quad.BytecodeToQuad$AbstractState.popDummy ()V
joeq.Class.jq_Reference.chkState (B)V
joeq.Compiler.Quad.BytecodeToQuad$AbstractState.getStackSize ()I
joeq.Compiler.Quad.BytecodeToQuad$AbstractState.peekStack (I)Ljoeq/Compiler/Quad/Operand;
joeq.Compiler.Quad.RegisterFactory.getOrCreateStack (ILjoeq/Class/jq_Type;)Ljoeq/Compiler/Quad/RegisterFactory$Register;
joeq.Compiler.Quad.Operand$RegisterOperand.getRegister ()Ljoeq/Compiler/Quad/RegisterFactory$Register;
joeq.Compiler.Quad.BytecodeToQuad.getStackRegister (Ljoeq/Class/jq_Type;I)Ljoeq/Compiler/Quad/Operand$RegisterOperand;
joeq.Compiler.Quad.ControlFlowGraph.getNewQuadID ()I
joeq.Compiler.Quad.BytecodeToQuad.appendQuad (Ljoeq/Compiler/Quad/Quad;)V
joeq.Compiler.Quad.Operand$RegisterOperand.copy ()Ljoeq/Compiler/Quad/Operand;
joeq.Compiler.Quad.BytecodeToQuad$AbstractState.pokeStack (ILjoeq/Compiler/Quad/Operand;)V
java.util.ListIterator.nextIndex ()I
joeq.Compiler.Quad.Operand.copy ()Ljoeq/Compiler/Quad/Operand;
sun.text.IntTrie.getLeadValue (C)I
java.util.LinkedHashMap$EntryIterator.next ()Ljava/util/Map$Entry;
java.util.HashMap$EntryIterator.next ()Ljava/util/Map$Entry;
java.text.CharacterIterator.setIndex (I)C
java.io.InputStream.available ()I
sun.text.IntTrie.getTrailValue (IC)I
joeq.Compiler.Quad.RegisterFactory.makeReg (Ljoeq/Class/jq_Type;)Ljoeq/Compiler/Quad/RegisterFactory$Register;
joeq.Compiler.BytecodeAnalysis.Bytecodes$InstructionList.isEmpty ()Z
java.lang.Runtime.exit (I)V
java.util.HashMap.init ()V
joeq.Compiler.BytecodeAnalysis.Bytecodes$InstructionList.getInstructionHandles ()Ljava/util/List;
joeq.Compiler.Quad.ControlFlowGraph.visitBasicBlocks (Ljoeq/Compiler/Quad/BasicBlockVisitor;)V
joeq.Class.jq_Array.getInnermostElementType ()Ljoeq/Class/jq_Type;
java.util.StringTokenizer.hasMoreElements ()Z
joeq.Class.jq_InstanceMethod.isInitializer ()Z
joeq.Class.jq_Member.getNameAndDesc ()Ljoeq/Class/jq_NameAndDesc;
joeq.Compiler.Quad.BytecodeToQuad.UNOPhelper (Ljoeq/Compiler/Quad/Operator$Unary;Ljoeq/Class/jq_Type;Ljoeq/Class/jq_Type;)V
joeq.Compiler.BytecodeAnalysis.LiveRefAnalysis$ExactState.pop_L ()V
joeq.Compiler.BytecodeAnalysis.LiveRefAnalysis$ExactState.push_F ()V
java.util.regex.Pattern$Node.dup (Z)Ljava/util/regex/Pattern$Node;
sun.reflect.ReflectionFactory.copyField (Ljava/lang/reflect/Field;)Ljava/lang/reflect/Field;
joeq.Compiler.Quad.Quad.toString ()Ljava/lang/String;
joeq.Compiler.Quad.BasicBlock.appendQuad (Ljoeq/Compiler/Quad/Quad;)V
java.util.Collection.add (Ljava/lang/Object;)Z
java.nio.Buffer.remaining ()I
java.nio.Buffer.position ()I
java.io.InputStream.read ()I
java.security.Permission.getName ()Ljava/lang/String;
java.lang.SecurityManager.checkPropertyAccess (Ljava/lang/String;)V
java.util.Properties.getProperty (Ljava/lang/String;)Ljava/lang/String;
java.io.InputStream.close ()V
joeq.Compiler.BytecodeAnalysis.LiveRefAnalysis$ExactState.pop_I ()V
joeq.Compiler.BytecodeAnalysis.LiveRefAnalysis$ExactState.pop_A ()V
joeq.Compiler.BytecodeAnalysis.ControlFlowGraph.getBasicBlockByBytecodeIndex (I)Ljoeq/Compiler/BytecodeAnalysis/BasicBlock;
joeq.Class.jq_Member.getState ()I
java.util.AbstractCollection.size ()I
joeq.Compiler.BytecodeAnalysis.LiveRefAnalysis$ExactState.push_D ()V
java.util.ListIterator.hasNext ()Z
java.lang.ThreadLocal.getMap (Ljava/lang/Thread;)Ljava/lang/ThreadLocal$ThreadLocalMap;
java.lang.ThreadLocal.initialValue ()Ljava/lang/Object;
java.lang.ThreadLocal.createMap (Ljava/lang/Thread;Ljava/lang/Object;)V
java.io.FileSystem.normalize (Ljava/lang/String;)Ljava/lang/String;
java.io.FileSystem.prefixLength (Ljava/lang/String;)I
java.util.Vector.addElement (Ljava/lang/Object;)V
joeq.Compiler.BytecodeAnalysis.ExceptionHandlerSet.iterator ()Ljoeq/Compiler/BytecodeAnalysis/ExceptionHandlerIterator;
java.util.HashMap.containsKey (Ljava/lang/Object;)Z
java.lang.ClassLoader.desiredAssertionStatus (Ljava/lang/String;)Z
java.util.zip.ZipFile$ZipFileInputStream.read ([BII)I
java.util.zip.InflaterInputStream.read ([BII)I
java.nio.ByteBuffer.get ()B
java.security.PrivilegedActionException.toString ()Ljava/lang/String;
java.io.FilterInputStream.read ([B)I
java.io.BufferedInputStream.close ()V
java.io.Reader.read ([CII)I
joeq.Compiler.CompilationState.tryResolve (Ljoeq/Class/jq_Member;)Ljoeq/Class/jq_Member;
joeq.Compiler.BytecodeAnalysis.BytecodeVisitor.updateMemberReference (Ljoeq/Class/jq_Member;B)V
joeq.Runtime.Reflection$Delegate.getJDKType (Ljoeq/Class/jq_Reference;)Ljava/lang/Class;
joeq.Compiler.Quad.Operand.attachToQuad (Ljoeq/Compiler/Quad/Quad;)V
joeq.Compiler.Quad.BytecodeToQuad$AbstractState.getLocal (I)Ljoeq/Compiler/Quad/Operand;
joeq.UTF.Utf8.isValidTypeDescriptor ()Z
joeq.Class.jq_NameAndDesc.getName ()Ljoeq/UTF/Utf8;
java.io.PushbackInputStream.unread (I)V
joeq.Class.jq_NameAndDesc.hashCode ()I
joeq.Class.jq_Array.getDimensionality ()I
joeq.Class.jq_Type.load ()V
joeq.Compiler.Quad.BytecodeToQuad$AbstractState.pop (Ljoeq/Class/jq_Type;)Ljoeq/Compiler/Quad/Operand;
joeq.Compiler.Quad.BytecodeToQuad.makeLocal (ILjoeq/Class/jq_Type;)Ljoeq/Compiler/Quad/Operand$RegisterOperand;
joeq.Compiler.Quad.BytecodeToQuad.makeLocal (ILjoeq/Compiler/Quad/Operand$RegisterOperand;)Ljoeq/Compiler/Quad/Operand$RegisterOperand;
joeq.Compiler.Quad.BytecodeToQuad$AbstractState.setLocal (ILjoeq/Compiler/Quad/Operand;)V
joeq.Compiler.Quad.BytecodeToQuad$AbstractState.setLocalDual (ILjoeq/Compiler/Quad/Operand;)V
joeq.Class.PrimordialClassLoader.getClassFileStream (Ljoeq/UTF/Utf8;)Ljava/io/DataInputStream;
java.io.FilterInputStream.close ()V
joeq.ClassLib.Common.Interface.getOrCreateType (Ljava/lang/ClassLoader;Ljoeq/UTF/Utf8;)Ljoeq/Class/jq_Type;
sun.misc.FloatingDecimal.floatValue ()F
java.lang.Object.clone ()Ljava/lang/Object;
joeq.Compiler.BytecodeAnalysis.Bytecodes$InstructionList.accept (Ljoeq/Compiler/BytecodeAnalysis/Bytecodes$Visitor;)V
java.util.SubList+1.nextIndex ()I
joeq.Compiler.Quad.QuadVisitor.visitGetstatic (Ljoeq/Compiler/Quad/Quad;)V
joeq.Compiler.Quad.QuadVisitor.visitStaticField (Ljoeq/Compiler/Quad/Quad;)V
joeq.Compiler.Quad.QuadVisitor.visitLoad (Ljoeq/Compiler/Quad/Quad;)V
java.lang.SecurityManager.checkPermission (Ljava/security/Permission;)V
java.text.CharacterIterator.getIndex ()I
java.text.CharacterIterator.getEndIndex ()I
java.text.RuleBasedBreakIterator.getCurrent ()I
joeq.Compiler.BytecodeAnalysis.BasicBlock.getNumberOfSuccessors ()I
joeq.Compiler.BytecodeAnalysis.BasicBlock.getSuccessor (I)Ljoeq/Compiler/BytecodeAnalysis/BasicBlock;
joeq.Class.jq_MethodVisitor.visitInstanceMethod (Ljoeq/Class/jq_InstanceMethod;)V
joeq.Class.jq_MethodVisitor.visitInitializer (Ljoeq/Class/jq_Initializer;)V
joeq.Class.jq_MethodVisitor.visitStaticMethod (Ljoeq/Class/jq_StaticMethod;)V
joeq.Class.jq_MethodVisitor.visitClassInitializer (Ljoeq/Class/jq_ClassInitializer;)V
java.lang.Throwable.getCause ()Ljava/lang/Throwable;
joeq.Compiler.BytecodeAnalysis.ExceptionHandler.getExceptionType ()Ljoeq/Class/jq_Class;
joeq.Compiler.BytecodeAnalysis.LiveRefAnalysis$ExactState.copyHandler (Ljoeq/Class/jq_Type;)Ljoeq/Compiler/BytecodeAnalysis/LiveRefAnalysis$ExactState;
joeq.Compiler.BytecodeAnalysis.LiveRefAnalysis$ExactState.mergeWithHandler (Ljoeq/Compiler/BytecodeAnalysis/LiveRefAnalysis$ExactState;)Z
java.util.AbstractCollection.iterator ()Ljava/util/Iterator;
java.lang.Object.hashCode ()I
joeq.UTF.Utf8.hashCode ()I
java.util.AbstractMap.entrySet ()Ljava/util/Set;
java.util.Set.iterator ()Ljava/util/Iterator;
java.lang.ThreadLocal.get ()Ljava/lang/Object;
java.util.HashMap$HashIterator.nextEntry ()Ljava/util/HashMap$Entry;
joeq.UTF.Utf8.isDescriptor (B)Z
joeq.UTF.Utf8.getArrayElementDescriptor ()Ljoeq/UTF/Utf8;
joeq.Compiler.Quad.Quad.getOp4 ()Ljoeq/Compiler/Quad/Operand;
joeq.Compiler.Quad.Operand$BasicBlockTableOperand.set (ILjoeq/Compiler/Quad/BasicBlock;)V
joeq.Compiler.BytecodeAnalysis.LiveRefAnalysis$ExactState.push_I ()V
java.net.URLStreamHandler.equals (Ljava/net/URL;Ljava/net/URL;)Z
joeq.Class.jq_NameAndDesc.equals (Ljoeq/Class/jq_NameAndDesc;)Z
joeq.Compiler.Analysis.IPA.ProgramLocation$BCProgramLocation.equals (Ljoeq/Compiler/Analysis/IPA/ProgramLocation$BCProgramLocation;)Z
joeq.Class.jq_ConstantPool$ConstantPoolEntry.equals (Ljoeq/Class/jq_ConstantPool$ConstantPoolEntry;)Z
java.util.AbstractList.listIterator ()Ljava/util/ListIterator;
java.util.List.listIterator ()Ljava/util/ListIterator;
java.util.ListIterator.next ()Ljava/lang/Object;
java.lang.Throwable.getLocalizedMessage ()Ljava/lang/String;
java.util.Map.clear ()V
sun.misc.FloatingDecimal.toJavaFormatString ()Ljava/lang/String;
java.io.OutputStream.write (I)V
java.text.RuleBasedBreakIterator.getText ()Ljava/text/CharacterIterator;
java.text.CharacterIterator.getBeginIndex ()I
java.text.RuleBasedBreakIterator.following (I)I
joeq.Compiler.BytecodeAnalysis.LiveRefAnalysis$ExactState.pop_D ()V
sun.reflect.ReflectionFactory.newMethodAccessor (Ljava/lang/reflect/Method;)Lsun/reflect/MethodAccessor;
java.util.HashMap.removeEntryForKey (Ljava/lang/Object;)Ljava/util/HashMap$Entry;
joeq.Class.jq_Type.toString ()Ljava/lang/String;
joeq.Class.jq_Method.accept (Ljoeq/Class/jq_MethodVisitor;)V
joeq.Compiler.Quad.BytecodeToQuad$AbstractState.pop_I ()Ljoeq/Compiler/Quad/Operand;
joeq.Compiler.Quad.BytecodeToQuad.getStackRegister (Ljoeq/Class/jq_Type;)Ljoeq/Compiler/Quad/Operand$RegisterOperand;
joeq.Compiler.Quad.BytecodeToQuad.mergeStateWithAllExHandlers (Z)V
joeq.Compiler.Quad.BytecodeToQuad$AbstractState.push_A (Ljoeq/Compiler/Quad/Operand;)V
joeq.Compiler.BytecodeAnalysis.LiveRefAnalysis$ExactState.push (Ljoeq/Compiler/BytecodeAnalysis/LiveRefAnalysis$Type;)V
java.io.BufferedWriter.newLine ()V
java.io.BufferedWriter.flushBuffer ()V
java.io.OutputStreamWriter.flushBuffer ()V
java.io.OutputStream.flush ()V
java.lang.SecurityManager.checkMemberAccess (Ljava/lang/Class;I)V
java.lang.ClassLoader.isAncestor (Ljava/lang/ClassLoader;)Z
java.lang.SecurityManager.checkPackageAccess (Ljava/lang/String;)V
joeq.Class.jq_Reference.isPrepared ()Z
joeq.Class.jq_Reference.isVerified ()Z
joeq.Class.jq_Array.verify ()V
joeq.Class.jq_Array.getDirectPrimarySupertype ()Ljoeq/Class/jq_Reference;
joeq.Class.jq_Type.prepare ()V
joeq.Class.jq_Reference.getVTable ()Ljava/lang/Object;
joeq.Class.jq_StaticMethod.prepare ()V
joeq.Class.jq_Member.isPrivate ()Z
joeq.Class.jq_InstanceMethod.isOverriding ()Z
joeq.Class.jq_InstanceMethod.prepare ()V
joeq.Class.jq_InstanceMethod.getOffset ()I
joeq.Class.jq_InstanceMethod.prepare (I)V
joeq.Class.jq_Member.isFinal ()Z
joeq.Class.jq_InstanceMethod.overriddenBy (Ljoeq/Class/jq_InstanceMethod;)V
joeq.Compiler.BytecodeAnalysis.BytecodeVisitor.tryResolve (Ljoeq/Class/jq_InstanceField;)Ljoeq/Class/jq_InstanceField;
joeq.Compiler.CompilationState.needsDynamicLink (Ljoeq/Class/jq_Method;Ljoeq/Class/jq_Member;)Z
joeq.Compiler.Quad.BytecodeToQuad$AbstractState.pop_A ()Ljoeq/Compiler/Quad/Operand;
joeq.Compiler.Quad.BytecodeToQuad.clearCurrentGuard ()V
joeq.Compiler.Quad.BytecodeToQuad.performNullCheck (Ljoeq/Compiler/Quad/Operand;)Z
joeq.Compiler.Quad.BytecodeToQuad.getCurrentGuard ()Ljoeq/Compiler/Quad/Operand;
joeq.Compiler.BytecodeAnalysis.LiveRefAnalysis$ExactState.pop ()Ljoeq/Compiler/BytecodeAnalysis/LiveRefAnalysis$Type;
joeq.Compiler.Quad.BytecodeToQuad$AbstractState.push (Ljoeq/Compiler/Quad/Operand;)V
joeq.Compiler.Quad.BytecodeToQuad$AbstractState.push (Ljoeq/Compiler/Quad/Operand;Ljoeq/Class/jq_Type;)V
joeq.Compiler.Quad.RegisterFactory.getOrCreateLocal (ILjoeq/Class/jq_Type;)Ljoeq/Compiler/Quad/RegisterFactory$Register;
sun.nio.cs.AbstractCharsetProvider.charset (Ljava/lang/String;Ljava/lang/String;[Ljava/lang/String;)V
joeq.Compiler.BytecodeAnalysis.Bytecodes$Instruction.toString (Z)Ljava/lang/String;
joeq.Runtime.Debug$Delegate.die (I)V
java.util.HashMap.getEntry (Ljava/lang/Object;)Ljava/util/HashMap$Entry;
java.util.LinkedHashMap$Entry.recordAccess (Ljava/util/HashMap;)V
joeq.Class.jq_Member.hashCode ()I
java.net.URLStreamHandler.hashCode (Ljava/net/URL;)I
java.util.AbstractList.iterator ()Ljava/util/Iterator;
joeq.Compiler.Quad.Quad.getID ()I
joeq.Util.Collections.AppendListIterator.hasNext ()Z
java.net.InetAddress.getHostAddress ()Ljava/lang/String;
java.net.InetAddress.getHostName (Z)Ljava/lang/String;
joeq.Compiler.BytecodeAnalysis.LiveRefAnalysis$ExactState.push_RetAddr (I)V
joeq.Compiler.BytecodeAnalysis.ControlFlowGraph.getJSRInfo (Ljoeq/Compiler/BytecodeAnalysis/BasicBlock;)Ljoeq/Compiler/BytecodeAnalysis/JSRInfo;
joeq.Compiler.Quad.ControlFlowGraph.addJSRInfo (Ljoeq/Compiler/Quad/JSRInfo;)V
joeq.Compiler.BytecodeAnalysis.ControlFlowGraph.getBasicBlock (I)Ljoeq/Compiler/BytecodeAnalysis/BasicBlock;
joeq.Compiler.Quad.BytecodeToQuad.setJSRState (Ljoeq/Compiler/BytecodeAnalysis/BasicBlock;Ljoeq/Compiler/Quad/BytecodeToQuad$AbstractState;)V
java.util.LinkedList.contains (Ljava/lang/Object;)Z
java.util.LinkedList.add (Ljava/lang/Object;)Z
joeq.Compiler.Quad.BytecodeToQuad$AbstractState.rebuildStack ()V
java.util.HashMap.get (Ljava/lang/Object;)Ljava/lang/Object;
joeq.Compiler.BytecodeAnalysis.LiveRefAnalysis$ExactState.pop_F ()V
joeq.Compiler.BytecodeAnalysis.LiveRefAnalysis$ExactState.pop_R ()V
joeq.Class.PrimordialClassLoader.getBSType (Ljoeq/UTF/Utf8;)Ljoeq/Class/jq_Type;
java.text.CharacterIterator.previous ()C
java.text.CharacterIterator.next ()C
java.util.zip.ZipFile.size ()I
java.util.zip.ZipFile.entries ()Ljava/util/Enumeration;
java.util.Enumeration.hasMoreElements ()Z
java.util.Enumeration.nextElement ()Ljava/lang/Object;
java.util.zip.ZipEntry.getName ()Ljava/lang/String;
java.util.Map.keySet ()Ljava/util/Set;
java.lang.SecurityManager.checkRead (Ljava/lang/String;)V
java.io.FileSystem.getBooleanAttributes (Ljava/io/File;)I
joeq.Compiler.Quad.BytecodeToQuad$UnsafeHelper.isUnsafe (Ljoeq/Class/jq_Method;)Z
joeq.Compiler.BytecodeAnalysis.BytecodeVisitor.tryResolve (Ljoeq/Class/jq_Member;)Ljoeq/Class/jq_Member;
sun.reflect.FieldAccessor.get (Ljava/lang/Object;)Ljava/lang/Object;
java.lang.SecurityManager.checkConnect (Ljava/lang/String;I)V
java.net.URLStreamHandlerFactory.createURLStreamHandler (Ljava/lang/String;)Ljava/net/URLStreamHandler;
java.lang.ClassLoader.loadClass (Ljava/lang/String;)Ljava/lang/Class;
joeq.Compiler.BytecodeAnalysis.Bytecodes$InstructionList.setPositions (Z)V
java.lang.Comparable.compareTo (Ljava/lang/Object;)I
joeq.Compiler.Quad.BytecodeToQuad.performBoundsCheck (Ljoeq/Compiler/Quad/Operand;Ljoeq/Compiler/Quad/Operand;)Z
joeq.Compiler.Quad.BytecodeToQuad.performCheckStore (Ljoeq/Compiler/Quad/Operand$RegisterOperand;Ljoeq/Compiler/Quad/Operand;)Z
joeq.Compiler.BytecodeAnalysis.ExceptionHandlerIterator.next ()Ljava/lang/Object;
joeq.Util.Collections.MapFactory.makeMap (Ljava/util/Map;)Ljava/util/Map;
joeq.UTF.Utf8.getAsClassDescriptor ()Ljoeq/UTF/Utf8;
joeq.Class.jq_Member.checkAccessFlag (C)Z
joeq.Compiler.BytecodeAnalysis.Bytecodes$InstructionHandle.getPosition ()I
joeq.Compiler.BytecodeAnalysis.Bytecodes$InstructionHandle.getInstruction ()Ljoeq/Compiler/BytecodeAnalysis/Bytecodes$Instruction;
joeq.Compiler.BytecodeAnalysis.Bytecodes$Instruction.getLength ()I
joeq.Class.jq_ConstantPool$ConstantPoolAdder.finish ()Ljoeq/Class/jq_ConstantPool;
java.io.DataOutputStream.writeByte (I)V
java.io.DataOutputStream.writeChar (I)V
joeq.Class.jq_Method$Delegate.compile (Ljoeq/Class/jq_Method;)Ljoeq/Class/jq_CompiledCode;
java.util.LinkedList.size ()I
java.util.LinkedList.indexOf (Ljava/lang/Object;)I
joeq.Class.jq_ConstantPool.get (C)Ljava/lang/Object;
joeq.Class.jq_ConstantPool.getTag (C)B
joeq.Util.Collections.CollectionFactory.makeCollection ()Ljava/util/Collection;
joeq.Compiler.BytecodeAnalysis.LiveRefAnalysis$ExactState.deadLocal_D (I)V
joeq.Compiler.BytecodeAnalysis.LiveRefAnalysis$ExactState.setLocal_D (I)V
joeq.Class.jq_Type.getJavaLangClassObject ()Ljava/lang/Class;
joeq.Runtime.BasicReflectionImpl.getJDKType (Ljoeq/Class/jq_Reference;)Ljava/lang/Class;
joeq.Runtime.BasicReflectionImpl.getJDKType (Ljoeq/Class/jq_Primitive;)Ljava/lang/Class;
java.util.AbstractList.listIterator (I)Ljava/util/ListIterator;
joeq.Class.jq_Method.getReturnType ()Ljoeq/Class/jq_Type;
joeq.Class.jq_InstanceMethod.resolve1 ()Ljoeq/Class/jq_InstanceMethod;
joeq.Class.jq_StaticMethod.resolve1 ()Ljoeq/Class/jq_StaticMethod;
java.lang.ThreadGroup.add (Ljava/lang/Thread;)V
joeq.Compiler.Quad.BasicBlock.toString ()Ljava/lang/String;
joeq.Class.jq_Type.shortName ()Ljava/lang/String;
java.text.CharacterIterator.current ()C
joeq.Class.jq_Type.isSubtypeOf (Ljoeq/Class/jq_Type;)Z
java.io.InputStream.read ([BII)I
java.io.PrintStream.print (Ljava/lang/Object;)V
java.io.File.getPath ()Ljava/lang/String;
java.lang.SecurityManager.checkDelete (Ljava/lang/String;)V
java.io.File.lastModified ()J
joeq.Compiler.Quad.QuadVisitor.visitGetfield (Ljoeq/Compiler/Quad/Quad;)V
joeq.Compiler.Quad.QuadVisitor.visitInstanceField (Ljoeq/Compiler/Quad/Quad;)V
joeq.Compiler.BytecodeAnalysis.Bytecodes$Instruction.dispose ()V
sun.nio.cs.StreamDecoder.read ([CII)I
joeq.Class.jq_ConstantPool.set (CLjava/lang/Object;B)V
java.util.LinkedHashMap.get (Ljava/lang/Object;)Ljava/lang/Object;
java.util.HashMap.remove (Ljava/lang/Object;)Ljava/lang/Object;
joeq.Class.jq_Member.getAttributes ()Ljava/util/Map;
java.util.Map.entrySet ()Ljava/util/Set;
java.util.Map$Entry.getKey ()Ljava/lang/Object;
java.lang.SecurityManager.checkAccess (Ljava/lang/Thread;)V
joeq.Compiler.BytecodeAnalysis.Bytecodes$Visitor.visitTypedInstruction (Ljoeq/Compiler/BytecodeAnalysis/Bytecodes$TypedInstruction;)V
joeq.Compiler.BytecodeAnalysis.Bytecodes$Visitor.visitStackProducer (Ljoeq/Compiler/BytecodeAnalysis/Bytecodes$StackProducer;)V
joeq.Compiler.BytecodeAnalysis.Bytecodes$Visitor.visitStackConsumer (Ljoeq/Compiler/BytecodeAnalysis/Bytecodes$StackConsumer;)V
joeq.Compiler.BytecodeAnalysis.Bytecodes$Visitor.visitArithmeticInstruction (Ljoeq/Compiler/BytecodeAnalysis/Bytecodes$ArithmeticInstruction;)V
joeq.Compiler.BytecodeAnalysis.Bytecodes$Visitor.visitIOR (Ljoeq/Compiler/BytecodeAnalysis/Bytecodes$IOR;)V
joeq.Compiler.BytecodeAnalysis.Bytecodes$Visitor.visitIADD (Ljoeq/Compiler/BytecodeAnalysis/Bytecodes$IADD;)V
joeq.Compiler.BytecodeAnalysis.Bytecodes$Visitor.visitPopInstruction (Ljoeq/Compiler/BytecodeAnalysis/Bytecodes$PopInstruction;)V
joeq.Compiler.BytecodeAnalysis.Bytecodes$Visitor.visitStackInstruction (Ljoeq/Compiler/BytecodeAnalysis/Bytecodes$StackInstruction;)V
joeq.Compiler.BytecodeAnalysis.Bytecodes$Visitor.visitPOP2 (Ljoeq/Compiler/BytecodeAnalysis/Bytecodes$POP2;)V
joeq.Compiler.BytecodeAnalysis.Bytecodes$Visitor.visitUnconditionalBranch (Ljoeq/Compiler/BytecodeAnalysis/Bytecodes$UnconditionalBranch;)V
joeq.Compiler.BytecodeAnalysis.Bytecodes$Visitor.visitExceptionThrower (Ljoeq/Compiler/BytecodeAnalysis/Bytecodes$ExceptionThrower;)V
joeq.Compiler.BytecodeAnalysis.Bytecodes$Visitor.visitATHROW (Ljoeq/Compiler/BytecodeAnalysis/Bytecodes$ATHROW;)V
joeq.Compiler.BytecodeAnalysis.Bytecodes$Visitor.visitConversionInstruction (Ljoeq/Compiler/BytecodeAnalysis/Bytecodes$ConversionInstruction;)V
joeq.Compiler.BytecodeAnalysis.Bytecodes$Visitor.visitI2F (Ljoeq/Compiler/BytecodeAnalysis/Bytecodes$I2F;)V
joeq.Compiler.BytecodeAnalysis.Bytecodes$Visitor.visitArrayInstruction (Ljoeq/Compiler/BytecodeAnalysis/Bytecodes$ArrayInstruction;)V
joeq.Compiler.BytecodeAnalysis.Bytecodes$Visitor.visitBASTORE (Ljoeq/Compiler/BytecodeAnalysis/Bytecodes$BASTORE;)V
joeq.Compiler.BytecodeAnalysis.Bytecodes$Visitor.visitD2F (Ljoeq/Compiler/BytecodeAnalysis/Bytecodes$D2F;)V
joeq.Compiler.BytecodeAnalysis.Bytecodes$Visitor.visitPushInstruction (Ljoeq/Compiler/BytecodeAnalysis/Bytecodes$PushInstruction;)V
joeq.Compiler.BytecodeAnalysis.Bytecodes$Visitor.visitConstantPushInstruction (Ljoeq/Compiler/BytecodeAnalysis/Bytecodes$ConstantPushInstruction;)V
joeq.Compiler.BytecodeAnalysis.Bytecodes$Visitor.visitFCONST (Ljoeq/Compiler/BytecodeAnalysis/Bytecodes$FCONST;)V
joeq.Compiler.BytecodeAnalysis.Bytecodes$Visitor.visitIDIV (Ljoeq/Compiler/BytecodeAnalysis/Bytecodes$IDIV;)V
joeq.Compiler.BytecodeAnalysis.Bytecodes$Visitor.visitDADD (Ljoeq/Compiler/BytecodeAnalysis/Bytecodes$DADD;)V
joeq.Compiler.BytecodeAnalysis.Bytecodes$Visitor.visitDCMPL (Ljoeq/Compiler/BytecodeAnalysis/Bytecodes$DCMPL;)V
joeq.Compiler.BytecodeAnalysis.Bytecodes$Visitor.visitL2F (Ljoeq/Compiler/BytecodeAnalysis/Bytecodes$L2F;)V
joeq.Compiler.BytecodeAnalysis.Bytecodes$Visitor.visitMONITOREXIT (Ljoeq/Compiler/BytecodeAnalysis/Bytecodes$MONITOREXIT;)V
joeq.Compiler.BytecodeAnalysis.Bytecodes$Visitor.visitIAND (Ljoeq/Compiler/BytecodeAnalysis/Bytecodes$IAND;)V
joeq.Compiler.BytecodeAnalysis.Bytecodes$Visitor.visitDUP2_X1 (Ljoeq/Compiler/BytecodeAnalysis/Bytecodes$DUP2_X1;)V
joeq.Compiler.BytecodeAnalysis.Bytecodes$Visitor.visitReturnInstruction (Ljoeq/Compiler/BytecodeAnalysis/Bytecodes$ReturnInstruction;)V
joeq.Compiler.BytecodeAnalysis.Bytecodes$Visitor.visitDRETURN (Ljoeq/Compiler/BytecodeAnalysis/Bytecodes$DRETURN;)V
joeq.Compiler.BytecodeAnalysis.Bytecodes$Visitor.visitLALOAD (Ljoeq/Compiler/BytecodeAnalysis/Bytecodes$LALOAD;)V
joeq.Compiler.BytecodeAnalysis.Bytecodes$Visitor.visitI2C (Ljoeq/Compiler/BytecodeAnalysis/Bytecodes$I2C;)V
joeq.Compiler.BytecodeAnalysis.Bytecodes$Visitor.visitI2L (Ljoeq/Compiler/BytecodeAnalysis/Bytecodes$I2L;)V
joeq.Compiler.BytecodeAnalysis.Bytecodes$Visitor.visitISHL (Ljoeq/Compiler/BytecodeAnalysis/Bytecodes$ISHL;)V
joeq.Compiler.BytecodeAnalysis.Bytecodes$Visitor.visitISHR (Ljoeq/Compiler/BytecodeAnalysis/Bytecodes$ISHR;)V
joeq.Compiler.BytecodeAnalysis.Bytecodes$Visitor.visitSASTORE (Ljoeq/Compiler/BytecodeAnalysis/Bytecodes$SASTORE;)V
joeq.Compiler.BytecodeAnalysis.Bytecodes$Visitor.visitCASTORE (Ljoeq/Compiler/BytecodeAnalysis/Bytecodes$CASTORE;)V
joeq.Compiler.BytecodeAnalysis.Bytecodes$Visitor.visitRETURN (Ljoeq/Compiler/BytecodeAnalysis/Bytecodes$RETURN;)V
joeq.Compiler.BytecodeAnalysis.Bytecodes$Visitor.visitLASTORE (Ljoeq/Compiler/BytecodeAnalysis/Bytecodes$LASTORE;)V
joeq.Compiler.BytecodeAnalysis.Bytecodes$Visitor.visitFADD (Ljoeq/Compiler/BytecodeAnalysis/Bytecodes$FADD;)V
joeq.Compiler.BytecodeAnalysis.Bytecodes$Visitor.visitLADD (Ljoeq/Compiler/BytecodeAnalysis/Bytecodes$LADD;)V
joeq.Compiler.BytecodeAnalysis.Bytecodes$Visitor.visitSALOAD (Ljoeq/Compiler/BytecodeAnalysis/Bytecodes$SALOAD;)V
joeq.Compiler.BytecodeAnalysis.Bytecodes$Visitor.visitLSHR (Ljoeq/Compiler/BytecodeAnalysis/Bytecodes$LSHR;)V
joeq.Compiler.BytecodeAnalysis.Bytecodes$Visitor.visitISUB (Ljoeq/Compiler/BytecodeAnalysis/Bytecodes$ISUB;)V
joeq.Compiler.BytecodeAnalysis.Bytecodes$Visitor.visitSWAP (Ljoeq/Compiler/BytecodeAnalysis/Bytecodes$SWAP;)V
joeq.Compiler.BytecodeAnalysis.Bytecodes$Visitor.visitDREM (Ljoeq/Compiler/BytecodeAnalysis/Bytecodes$DREM;)V
joeq.Compiler.BytecodeAnalysis.Bytecodes$Visitor.visitF2L (Ljoeq/Compiler/BytecodeAnalysis/Bytecodes$F2L;)V
joeq.Compiler.BytecodeAnalysis.Bytecodes$Visitor.visitIRETURN (Ljoeq/Compiler/BytecodeAnalysis/Bytecodes$IRETURN;)V
joeq.Compiler.BytecodeAnalysis.Bytecodes$Visitor.visitDSUB (Ljoeq/Compiler/BytecodeAnalysis/Bytecodes$DSUB;)V
joeq.Compiler.BytecodeAnalysis.Bytecodes$Visitor.visitNOP (Ljoeq/Compiler/BytecodeAnalysis/Bytecodes$NOP;)V
joeq.Compiler.BytecodeAnalysis.Bytecodes$Visitor.visitLoadClass (Ljoeq/Compiler/BytecodeAnalysis/Bytecodes$LoadClass;)V
joeq.Compiler.BytecodeAnalysis.Bytecodes$Visitor.visitCPInstruction (Ljoeq/Compiler/BytecodeAnalysis/Bytecodes$CPInstruction;)V
joeq.Compiler.BytecodeAnalysis.Bytecodes$Visitor.visitFieldOrMethod (Ljoeq/Compiler/BytecodeAnalysis/Bytecodes$FieldOrMethod;)V
joeq.Compiler.BytecodeAnalysis.Bytecodes$Visitor.visitInvokeInstruction (Ljoeq/Compiler/BytecodeAnalysis/Bytecodes$InvokeInstruction;)V
joeq.Compiler.BytecodeAnalysis.Bytecodes$Visitor.visitINVOKESTATIC (Ljoeq/Compiler/BytecodeAnalysis/Bytecodes$INVOKESTATIC;)V
joeq.Compiler.BytecodeAnalysis.Bytecodes$Visitor.visitFASTORE (Ljoeq/Compiler/BytecodeAnalysis/Bytecodes$FASTORE;)V
joeq.Compiler.BytecodeAnalysis.Bytecodes$Visitor.visitFSUB (Ljoeq/Compiler/BytecodeAnalysis/Bytecodes$FSUB;)V
joeq.Compiler.BytecodeAnalysis.Bytecodes$Visitor.visitIUSHR (Ljoeq/Compiler/BytecodeAnalysis/Bytecodes$IUSHR;)V
joeq.Compiler.BytecodeAnalysis.Bytecodes$Visitor.visitDASTORE (Ljoeq/Compiler/BytecodeAnalysis/Bytecodes$DASTORE;)V
joeq.Compiler.BytecodeAnalysis.Bytecodes$Visitor.visitDUP (Ljoeq/Compiler/BytecodeAnalysis/Bytecodes$DUP;)V
joeq.Compiler.BytecodeAnalysis.Bytecodes$Visitor.visitDUP2 (Ljoeq/Compiler/BytecodeAnalysis/Bytecodes$DUP2;)V
joeq.Compiler.BytecodeAnalysis.Bytecodes$Visitor.visitDCONST (Ljoeq/Compiler/BytecodeAnalysis/Bytecodes$DCONST;)V
joeq.Compiler.BytecodeAnalysis.Bytecodes$Visitor.visitFCMPL (Ljoeq/Compiler/BytecodeAnalysis/Bytecodes$FCMPL;)V
joeq.Compiler.BytecodeAnalysis.Bytecodes$Visitor.visitMONITORENTER (Ljoeq/Compiler/BytecodeAnalysis/Bytecodes$MONITORENTER;)V
joeq.Compiler.BytecodeAnalysis.Bytecodes$Visitor.visitLSUB (Ljoeq/Compiler/BytecodeAnalysis/Bytecodes$LSUB;)V
joeq.Compiler.BytecodeAnalysis.Bytecodes$Visitor.visitARETURN (Ljoeq/Compiler/BytecodeAnalysis/Bytecodes$ARETURN;)V
joeq.Compiler.BytecodeAnalysis.Bytecodes$Visitor.visitLXOR (Ljoeq/Compiler/BytecodeAnalysis/Bytecodes$LXOR;)V
joeq.Compiler.BytecodeAnalysis.Bytecodes$Visitor.visitIASTORE (Ljoeq/Compiler/BytecodeAnalysis/Bytecodes$IASTORE;)V
joeq.Compiler.BytecodeAnalysis.Bytecodes$Visitor.visitARRAYLENGTH (Ljoeq/Compiler/BytecodeAnalysis/Bytecodes$ARRAYLENGTH;)V
joeq.Compiler.BytecodeAnalysis.Bytecodes$Visitor.visitD2I (Ljoeq/Compiler/BytecodeAnalysis/Bytecodes$D2I;)V
joeq.Compiler.BytecodeAnalysis.Bytecodes$Visitor.visitDDIV (Ljoeq/Compiler/BytecodeAnalysis/Bytecodes$DDIV;)V
joeq.Compiler.BytecodeAnalysis.Bytecodes$Visitor.visitLSHL (Ljoeq/Compiler/BytecodeAnalysis/Bytecodes$LSHL;)V
joeq.Compiler.BytecodeAnalysis.Bytecodes$Visitor.visitDCMPG (Ljoeq/Compiler/BytecodeAnalysis/Bytecodes$DCMPG;)V
joeq.Compiler.BytecodeAnalysis.Bytecodes$Visitor.visitLAND (Ljoeq/Compiler/BytecodeAnalysis/Bytecodes$LAND;)V
joeq.Compiler.BytecodeAnalysis.Bytecodes$Visitor.visitIALOAD (Ljoeq/Compiler/BytecodeAnalysis/Bytecodes$IALOAD;)V
joeq.Compiler.BytecodeAnalysis.Bytecodes$Visitor.visitDNEG (Ljoeq/Compiler/BytecodeAnalysis/Bytecodes$DNEG;)V
joeq.Compiler.BytecodeAnalysis.Bytecodes$Visitor.visitF2I (Ljoeq/Compiler/BytecodeAnalysis/Bytecodes$F2I;)V
joeq.Compiler.BytecodeAnalysis.Bytecodes$Visitor.visitIMUL (Ljoeq/Compiler/BytecodeAnalysis/Bytecodes$IMUL;)V
joeq.Compiler.BytecodeAnalysis.Bytecodes$Visitor.visitLCMP (Ljoeq/Compiler/BytecodeAnalysis/Bytecodes$LCMP;)V
joeq.Compiler.BytecodeAnalysis.Bytecodes$Visitor.visitFNEG (Ljoeq/Compiler/BytecodeAnalysis/Bytecodes$FNEG;)V
joeq.Compiler.BytecodeAnalysis.Bytecodes$Visitor.visitICONST (Ljoeq/Compiler/BytecodeAnalysis/Bytecodes$ICONST;)V
joeq.Compiler.BytecodeAnalysis.Bytecodes$Visitor.visitIREM (Ljoeq/Compiler/BytecodeAnalysis/Bytecodes$IREM;)V
joeq.Compiler.BytecodeAnalysis.Bytecodes$Visitor.visitINEG (Ljoeq/Compiler/BytecodeAnalysis/Bytecodes$INEG;)V
joeq.Compiler.BytecodeAnalysis.Bytecodes$Visitor.visitIXOR (Ljoeq/Compiler/BytecodeAnalysis/Bytecodes$IXOR;)V
joeq.Compiler.BytecodeAnalysis.Bytecodes$Visitor.visitD2L (Ljoeq/Compiler/BytecodeAnalysis/Bytecodes$D2L;)V
joeq.Compiler.BytecodeAnalysis.Bytecodes$Visitor.visitL2I (Ljoeq/Compiler/BytecodeAnalysis/Bytecodes$L2I;)V
joeq.Compiler.BytecodeAnalysis.Bytecodes$Visitor.visitLDIV (Ljoeq/Compiler/BytecodeAnalysis/Bytecodes$LDIV;)V
joeq.Compiler.BytecodeAnalysis.Bytecodes$Visitor.visitI2B (Ljoeq/Compiler/BytecodeAnalysis/Bytecodes$I2B;)V
joeq.Compiler.BytecodeAnalysis.Bytecodes$Visitor.visitLRETURN (Ljoeq/Compiler/BytecodeAnalysis/Bytecodes$LRETURN;)V
joeq.Compiler.BytecodeAnalysis.Bytecodes$Visitor.visitLMUL (Ljoeq/Compiler/BytecodeAnalysis/Bytecodes$LMUL;)V
joeq.Compiler.BytecodeAnalysis.Bytecodes$Visitor.visitL2D (Ljoeq/Compiler/BytecodeAnalysis/Bytecodes$L2D;)V
joeq.Compiler.BytecodeAnalysis.Bytecodes$Visitor.visitLOR (Ljoeq/Compiler/BytecodeAnalysis/Bytecodes$LOR;)V
joeq.Compiler.BytecodeAnalysis.Bytecodes$Visitor.visitAALOAD (Ljoeq/Compiler/BytecodeAnalysis/Bytecodes$AALOAD;)V
joeq.Compiler.BytecodeAnalysis.Bytecodes$Visitor.visitF2D (Ljoeq/Compiler/BytecodeAnalysis/Bytecodes$F2D;)V
joeq.Compiler.BytecodeAnalysis.Bytecodes$Visitor.visitACONST_NULL (Ljoeq/Compiler/BytecodeAnalysis/Bytecodes$ACONST_NULL;)V
joeq.Compiler.BytecodeAnalysis.Bytecodes$Visitor.visitLREM (Ljoeq/Compiler/BytecodeAnalysis/Bytecodes$LREM;)V
joeq.Compiler.BytecodeAnalysis.Bytecodes$Visitor.visitFREM (Ljoeq/Compiler/BytecodeAnalysis/Bytecodes$FREM;)V
joeq.Compiler.BytecodeAnalysis.Bytecodes$Visitor.visitAASTORE (Ljoeq/Compiler/BytecodeAnalysis/Bytecodes$AASTORE;)V
joeq.Compiler.BytecodeAnalysis.Bytecodes$Visitor.visitFALOAD (Ljoeq/Compiler/BytecodeAnalysis/Bytecodes$FALOAD;)V
joeq.Compiler.BytecodeAnalysis.Bytecodes$Visitor.visitFDIV (Ljoeq/Compiler/BytecodeAnalysis/Bytecodes$FDIV;)V
joeq.Compiler.BytecodeAnalysis.Bytecodes$Visitor.visitDUP_X2 (Ljoeq/Compiler/BytecodeAnalysis/Bytecodes$DUP_X2;)V
joeq.Compiler.BytecodeAnalysis.Bytecodes$Visitor.visitDALOAD (Ljoeq/Compiler/BytecodeAnalysis/Bytecodes$DALOAD;)V
joeq.Compiler.BytecodeAnalysis.Bytecodes$Visitor.visitCALOAD (Ljoeq/Compiler/BytecodeAnalysis/Bytecodes$CALOAD;)V
joeq.Compiler.BytecodeAnalysis.Bytecodes$Visitor.visitDUP_X1 (Ljoeq/Compiler/BytecodeAnalysis/Bytecodes$DUP_X1;)V
joeq.Compiler.BytecodeAnalysis.Bytecodes$Visitor.visitDUP2_X2 (Ljoeq/Compiler/BytecodeAnalysis/Bytecodes$DUP2_X2;)V
joeq.Compiler.BytecodeAnalysis.Bytecodes$Visitor.visitFCMPG (Ljoeq/Compiler/BytecodeAnalysis/Bytecodes$FCMPG;)V
joeq.Compiler.BytecodeAnalysis.Bytecodes$Visitor.visitDMUL (Ljoeq/Compiler/BytecodeAnalysis/Bytecodes$DMUL;)V
joeq.Compiler.BytecodeAnalysis.Bytecodes$Visitor.visitFMUL (Ljoeq/Compiler/BytecodeAnalysis/Bytecodes$FMUL;)V
joeq.Compiler.BytecodeAnalysis.Bytecodes$Visitor.visitLUSHR (Ljoeq/Compiler/BytecodeAnalysis/Bytecodes$LUSHR;)V
joeq.Compiler.BytecodeAnalysis.Bytecodes$Visitor.visitI2S (Ljoeq/Compiler/BytecodeAnalysis/Bytecodes$I2S;)V
joeq.Compiler.BytecodeAnalysis.Bytecodes$Visitor.visitBALOAD (Ljoeq/Compiler/BytecodeAnalysis/Bytecodes$BALOAD;)V
joeq.Compiler.BytecodeAnalysis.Bytecodes$Visitor.visitLNEG (Ljoeq/Compiler/BytecodeAnalysis/Bytecodes$LNEG;)V
joeq.Compiler.BytecodeAnalysis.Bytecodes$Visitor.visitPOP (Ljoeq/Compiler/BytecodeAnalysis/Bytecodes$POP;)V
joeq.Compiler.BytecodeAnalysis.Bytecodes$Visitor.visitI2D (Ljoeq/Compiler/BytecodeAnalysis/Bytecodes$I2D;)V
joeq.Compiler.BytecodeAnalysis.Bytecodes$Visitor.visitLCONST (Ljoeq/Compiler/BytecodeAnalysis/Bytecodes$LCONST;)V
joeq.Compiler.BytecodeAnalysis.Bytecodes$Visitor.visitFRETURN (Ljoeq/Compiler/BytecodeAnalysis/Bytecodes$FRETURN;)V
java.util.HashMap$Entry.getKey ()Ljava/lang/Object;
java.util.LinkedHashMap$LinkedHashIterator.nextEntry ()Ljava/util/LinkedHashMap$Entry;
joeq.Class.jq_ConstantPool$ConstantPoolRebuilder.finish ()Ljoeq/Class/jq_ConstantPool;
java.util.HashMap.size ()I
java.util.HashMap.entrySet ()Ljava/util/Set;
java.util.Map$Entry.getValue ()Ljava/lang/Object;
java.util.AbstractSequentialList.iterator ()Ljava/util/Iterator;
joeq.Class.jq_Member.getAccessFlags ()C
joeq.Class.jq_Method.getExceptionTable (Ljoeq/Compiler/BytecodeAnalysis/Bytecodes$InstructionList;)[Ljoeq/Compiler/BytecodeAnalysis/Bytecodes$CodeException;
joeq.Class.jq_Method.getLineNumberTable (Ljoeq/Compiler/BytecodeAnalysis/Bytecodes$InstructionList;)[Ljoeq/Compiler/BytecodeAnalysis/Bytecodes$LineNumber;
joeq.Class.jq_Method.setCode (Ljoeq/Compiler/BytecodeAnalysis/Bytecodes$InstructionList;[Ljoeq/Compiler/BytecodeAnalysis/Bytecodes$CodeException;[Ljoeq/Compiler/BytecodeAnalysis/Bytecodes$LineNumber;Ljoeq/Class/jq_ConstantPool$ConstantPoolRebuilder;)V
joeq.Class.jq_Member.unload ()V
java.util.Map.remove (Ljava/lang/Object;)Ljava/lang/Object;
joeq.Class.jq_Member.getDesc ()Ljoeq/UTF/Utf8;
joeq.Class.jq_Method.load (Ljoeq/Class/jq_Method;)V
joeq.Class.jq_ConstantPool$ConstantPoolRebuilder.addOther (Ljava/lang/Object;)V
joeq.Class.jq_ConstantPool$ConstantPoolRebuilder.addAttributeNames (Ljoeq/Class/jq_Member;)V
joeq.Class.jq_ConstantPool$ConstantPoolRebuilder.addCode (Ljoeq/Compiler/BytecodeAnalysis/Bytecodes$InstructionList;)V
joeq.Class.jq_Method.load (CCC[B[Ljoeq/Class/jq_TryCatchBC;[Ljoeq/Class/jq_LineNumberBC;Ljava/util/Map;)V
joeq.Compiler.BytecodeAnalysis.Bytecodes$InstructionList.append (Ljoeq/Compiler/BytecodeAnalysis/Bytecodes$Instruction;)Ljoeq/Compiler/BytecodeAnalysis/Bytecodes$InstructionHandle;
joeq.Compiler.BytecodeAnalysis.Bytecodes$InstructionList.setPositions ()V
joeq.Compiler.BytecodeAnalysis.Bytecodes$InstructionList.insert (Ljoeq/Compiler/BytecodeAnalysis/Bytecodes$Instruction;)Ljoeq/Compiler/BytecodeAnalysis/Bytecodes$InstructionHandle;
joeq.Compiler.BytecodeAnalysis.ControlFlowGraph.getNumberOfBasicBlocks ()I
joeq.Class.jq_ConstantPool$ConstantPoolRebuilder.resetIndices (Ljoeq/Compiler/BytecodeAnalysis/Bytecodes$InstructionList;)V
joeq.Compiler.BytecodeAnalysis.Bytecodes$InstructionList.getByteCode ()[B
joeq.Compiler.BytecodeAnalysis.Bytecodes$CodeException.finish ()Ljoeq/Class/jq_TryCatchBC;
joeq.Compiler.BytecodeAnalysis.Bytecodes$LineNumber.finish ()Ljoeq/Class/jq_LineNumberBC;
sun.io.ByteToCharConverter.convert ([BII[CII)I
sun.io.ByteToCharConverter.nextByteIndex ()I
sun.io.ByteToCharConverter.nextCharIndex ()I
java.nio.Buffer.limit ()I
java.nio.Buffer.position (I)Ljava/nio/Buffer;
java.nio.channels.spi.AbstractInterruptibleChannel.close ()V
java.io.File.isDirectory ()Z
joeq.Runtime.Reflection$Delegate.getJDKField (Ljava/lang/Class;Ljava/lang/String;)Ljava/lang/reflect/Field;
joeq.Compiler.BytecodeAnalysis.BasicBlock.getEnd ()I
joeq.Class.jq_Method.getParamWords ()I
java.io.Writer.write (Ljava/lang/String;II)V
joeq.Runtime.BasicReflectionImpl.getJQType (Ljava/lang/Class;)Ljoeq/Class/jq_Type;
joeq.Compiler.Quad.BytecodeToQuad$AbstractState.pushDummy ()V
joeq.Compiler.Quad.QuadVisitor.visitPutstatic (Ljoeq/Compiler/Quad/Quad;)V
joeq.Compiler.Quad.QuadVisitor.visitStore (Ljoeq/Compiler/Quad/Quad;)V
java.util.AbstractList.remove (I)Ljava/lang/Object;
java.util.List.remove (I)Ljava/lang/Object;
java.io.FilterInputStream.read ([BII)I
joeq.Compiler.BytecodeAnalysis.LiveRefAnalysis$ExactState.push_L ()V
java.util.Vector.size ()I
java.util.Stack.peek ()Ljava/lang/Object;
java.util.Vector.removeElementAt (I)V
joeq.Compiler.BytecodeAnalysis.LiveRefAnalysis$ExactState.pop (Ljoeq/Class/jq_Type;)V
joeq.Class.jq_Reference.getClassLoader ()Ljava/lang/ClassLoader;
joeq.Runtime.Reflection$Delegate.invokestatic_V (Ljoeq/Class/jq_StaticMethod;)V
joeq.Compiler.BytecodeAnalysis.LiveRefAnalysis$ExactState.liveLocal_F (II)V
joeq.Compiler.Quad.BytecodeToQuad$AbstractState.getLocal_F (I)Ljoeq/Compiler/Quad/Operand;
joeq.Compiler.Quad.BytecodeToQuad$AbstractState.push_F (Ljoeq/Compiler/Quad/Operand;)V
joeq.Compiler.BytecodeAnalysis.BytecodeVisitor.visitJSR (I)V
joeq.Compiler.BytecodeAnalysis.BytecodeVisitor.visitGOTO (I)V
joeq.Compiler.BytecodeAnalysis.BytecodeVisitor.visitIFREF (BI)V
joeq.Compiler.BytecodeAnalysis.BytecodeVisitor.visitPEI ()V
joeq.Compiler.BytecodeAnalysis.BytecodeVisitor.visitMULTINEWARRAY (Ljoeq/Class/jq_Type;C)V
joeq.Compiler.BytecodeAnalysis.BytecodeVisitor.visitRET (I)V
joeq.Compiler.BytecodeAnalysis.BytecodeVisitor.visitIINC (II)V
joeq.Compiler.BytecodeAnalysis.BytecodeVisitor.visitASTORE (I)V
joeq.Compiler.BytecodeAnalysis.BytecodeVisitor.visitDSTORE (I)V
joeq.Compiler.BytecodeAnalysis.BytecodeVisitor.visitFSTORE (I)V
joeq.Compiler.BytecodeAnalysis.BytecodeVisitor.visitLSTORE (I)V
joeq.Compiler.BytecodeAnalysis.BytecodeVisitor.visitISTORE (I)V
joeq.Compiler.BytecodeAnalysis.BytecodeVisitor.visitALOAD (I)V
joeq.Compiler.BytecodeAnalysis.BytecodeVisitor.visitDLOAD (I)V
joeq.Compiler.BytecodeAnalysis.BytecodeVisitor.visitFLOAD (I)V
joeq.Compiler.BytecodeAnalysis.BytecodeVisitor.visitLLOAD (I)V
joeq.Compiler.BytecodeAnalysis.BytecodeVisitor.visitILOAD (I)V
joeq.Compiler.BytecodeAnalysis.BytecodeVisitor.visitMONITOR (B)V
joeq.Compiler.BytecodeAnalysis.BytecodeVisitor.visitINSTANCEOF (Ljoeq/Class/jq_Type;)V
joeq.Compiler.BytecodeAnalysis.BytecodeVisitor.visitCHECKCAST (Ljoeq/Class/jq_Type;)V
joeq.Compiler.BytecodeAnalysis.BytecodeVisitor.visitATHROW ()V
joeq.Compiler.BytecodeAnalysis.BytecodeVisitor.visitARRAYLENGTH ()V
joeq.Class.jq_Array.load ()V
joeq.Class.jq_Array.prepare ()V
joeq.Compiler.BytecodeAnalysis.BytecodeVisitor.visitNEWARRAY (Ljoeq/Class/jq_Array;)V
joeq.Compiler.BytecodeAnalysis.BytecodeVisitor.visitNEW (Ljoeq/Class/jq_Type;)V
joeq.Compiler.BytecodeAnalysis.BytecodeVisitor.visitIINVOKE (BLjoeq/Class/jq_Method;)V
joeq.Compiler.BytecodeAnalysis.BytecodeVisitor.visitDINVOKE (BLjoeq/Class/jq_Method;)V
joeq.Compiler.BytecodeAnalysis.BytecodeVisitor.visitLINVOKE (BLjoeq/Class/jq_Method;)V
joeq.Compiler.BytecodeAnalysis.BytecodeVisitor.visitFINVOKE (BLjoeq/Class/jq_Method;)V
joeq.Compiler.BytecodeAnalysis.BytecodeVisitor.visitAINVOKE (BLjoeq/Class/jq_Method;)V
joeq.Compiler.BytecodeAnalysis.BytecodeVisitor.visitVINVOKE (BLjoeq/Class/jq_Method;)V
joeq.Compiler.BytecodeAnalysis.BytecodeVisitor.visitZPUTFIELD (Ljoeq/Class/jq_InstanceField;)V
joeq.Compiler.BytecodeAnalysis.BytecodeVisitor.visitSPUTFIELD (Ljoeq/Class/jq_InstanceField;)V
joeq.Compiler.BytecodeAnalysis.BytecodeVisitor.visitCPUTFIELD (Ljoeq/Class/jq_InstanceField;)V
joeq.Compiler.BytecodeAnalysis.BytecodeVisitor.visitBPUTFIELD (Ljoeq/Class/jq_InstanceField;)V
joeq.Compiler.BytecodeAnalysis.BytecodeVisitor.visitDPUTFIELD (Ljoeq/Class/jq_InstanceField;)V
joeq.Compiler.BytecodeAnalysis.BytecodeVisitor.visitLPUTFIELD (Ljoeq/Class/jq_InstanceField;)V
joeq.Compiler.BytecodeAnalysis.BytecodeVisitor.visitFPUTFIELD (Ljoeq/Class/jq_InstanceField;)V
joeq.Compiler.BytecodeAnalysis.BytecodeVisitor.visitIPUTFIELD (Ljoeq/Class/jq_InstanceField;)V
joeq.Compiler.BytecodeAnalysis.BytecodeVisitor.visitAPUTFIELD (Ljoeq/Class/jq_InstanceField;)V
joeq.Compiler.BytecodeAnalysis.BytecodeVisitor.visitZGETFIELD (Ljoeq/Class/jq_InstanceField;)V
joeq.Compiler.BytecodeAnalysis.BytecodeVisitor.visitSGETFIELD (Ljoeq/Class/jq_InstanceField;)V
joeq.Compiler.BytecodeAnalysis.BytecodeVisitor.visitCGETFIELD (Ljoeq/Class/jq_InstanceField;)V
joeq.Compiler.BytecodeAnalysis.BytecodeVisitor.visitBGETFIELD (Ljoeq/Class/jq_InstanceField;)V
joeq.Compiler.BytecodeAnalysis.BytecodeVisitor.visitDGETFIELD (Ljoeq/Class/jq_InstanceField;)V
joeq.Compiler.BytecodeAnalysis.BytecodeVisitor.visitLGETFIELD (Ljoeq/Class/jq_InstanceField;)V
joeq.Compiler.BytecodeAnalysis.BytecodeVisitor.visitFGETFIELD (Ljoeq/Class/jq_InstanceField;)V
joeq.Compiler.BytecodeAnalysis.BytecodeVisitor.visitIGETFIELD (Ljoeq/Class/jq_InstanceField;)V
joeq.Compiler.BytecodeAnalysis.BytecodeVisitor.visitAGETFIELD (Ljoeq/Class/jq_InstanceField;)V
joeq.Compiler.BytecodeAnalysis.BytecodeVisitor.visitSPUTSTATIC (Ljoeq/Class/jq_StaticField;)V
joeq.Compiler.BytecodeAnalysis.BytecodeVisitor.visitCPUTSTATIC (Ljoeq/Class/jq_StaticField;)V
joeq.Compiler.BytecodeAnalysis.BytecodeVisitor.visitBPUTSTATIC (Ljoeq/Class/jq_StaticField;)V
joeq.Compiler.BytecodeAnalysis.BytecodeVisitor.visitZPUTSTATIC (Ljoeq/Class/jq_StaticField;)V
joeq.Compiler.BytecodeAnalysis.BytecodeVisitor.visitDPUTSTATIC (Ljoeq/Class/jq_StaticField;)V
joeq.Compiler.BytecodeAnalysis.BytecodeVisitor.visitLPUTSTATIC (Ljoeq/Class/jq_StaticField;)V
joeq.Compiler.BytecodeAnalysis.BytecodeVisitor.visitFPUTSTATIC (Ljoeq/Class/jq_StaticField;)V
joeq.Compiler.BytecodeAnalysis.BytecodeVisitor.visitIPUTSTATIC (Ljoeq/Class/jq_StaticField;)V
joeq.Compiler.BytecodeAnalysis.BytecodeVisitor.visitAPUTSTATIC (Ljoeq/Class/jq_StaticField;)V
joeq.Compiler.BytecodeAnalysis.BytecodeVisitor.visitSGETSTATIC (Ljoeq/Class/jq_StaticField;)V
joeq.Compiler.BytecodeAnalysis.BytecodeVisitor.visitCGETSTATIC (Ljoeq/Class/jq_StaticField;)V
joeq.Compiler.BytecodeAnalysis.BytecodeVisitor.visitBGETSTATIC (Ljoeq/Class/jq_StaticField;)V
joeq.Compiler.BytecodeAnalysis.BytecodeVisitor.visitZGETSTATIC (Ljoeq/Class/jq_StaticField;)V
joeq.Compiler.BytecodeAnalysis.BytecodeVisitor.visitDGETSTATIC (Ljoeq/Class/jq_StaticField;)V
joeq.Compiler.BytecodeAnalysis.BytecodeVisitor.visitLGETSTATIC (Ljoeq/Class/jq_StaticField;)V
joeq.Compiler.BytecodeAnalysis.BytecodeVisitor.visitFGETSTATIC (Ljoeq/Class/jq_StaticField;)V
joeq.Compiler.BytecodeAnalysis.BytecodeVisitor.visitIGETSTATIC (Ljoeq/Class/jq_StaticField;)V
joeq.Compiler.BytecodeAnalysis.BytecodeVisitor.visitAGETSTATIC (Ljoeq/Class/jq_StaticField;)V
joeq.Compiler.BytecodeAnalysis.BytecodeVisitor.visitVRETURN ()V
joeq.Compiler.BytecodeAnalysis.BytecodeVisitor.visitARETURN ()V
joeq.Compiler.BytecodeAnalysis.BytecodeVisitor.visitDRETURN ()V
joeq.Compiler.BytecodeAnalysis.BytecodeVisitor.visitFRETURN ()V
joeq.Compiler.BytecodeAnalysis.BytecodeVisitor.visitLRETURN ()V
joeq.Compiler.BytecodeAnalysis.BytecodeVisitor.visitIRETURN ()V
joeq.Compiler.BytecodeAnalysis.BytecodeVisitor.visitIFREFCMP (BI)V
joeq.Compiler.BytecodeAnalysis.BytecodeVisitor.visitIFCMP (BI)V
joeq.Compiler.BytecodeAnalysis.BytecodeVisitor.visitIF (BI)V
joeq.Compiler.BytecodeAnalysis.BytecodeVisitor.visitDCMP2 (B)V
joeq.Compiler.BytecodeAnalysis.BytecodeVisitor.visitFCMP2 (B)V
joeq.Compiler.BytecodeAnalysis.BytecodeVisitor.visitLCMP2 ()V
joeq.Compiler.BytecodeAnalysis.BytecodeVisitor.visitI2S ()V
joeq.Compiler.BytecodeAnalysis.BytecodeVisitor.visitI2C ()V
joeq.Compiler.BytecodeAnalysis.BytecodeVisitor.visitI2B ()V
joeq.Compiler.BytecodeAnalysis.BytecodeVisitor.visitD2F ()V
joeq.Compiler.BytecodeAnalysis.BytecodeVisitor.visitD2L ()V
joeq.Compiler.BytecodeAnalysis.BytecodeVisitor.visitD2I ()V
joeq.Compiler.BytecodeAnalysis.BytecodeVisitor.visitF2D ()V
joeq.Compiler.BytecodeAnalysis.BytecodeVisitor.visitF2L ()V
joeq.Compiler.BytecodeAnalysis.BytecodeVisitor.visitF2I ()V
joeq.Compiler.BytecodeAnalysis.BytecodeVisitor.visitL2D ()V
joeq.Compiler.BytecodeAnalysis.BytecodeVisitor.visitL2F ()V
joeq.Compiler.BytecodeAnalysis.BytecodeVisitor.visitL2I ()V
joeq.Compiler.BytecodeAnalysis.BytecodeVisitor.visitI2D ()V
joeq.Compiler.BytecodeAnalysis.BytecodeVisitor.visitI2F ()V
joeq.Compiler.BytecodeAnalysis.BytecodeVisitor.visitI2L ()V
joeq.Compiler.BytecodeAnalysis.BytecodeVisitor.visitLBINOP (B)V
joeq.Compiler.BytecodeAnalysis.BytecodeVisitor.visitIBINOP (B)V
joeq.Compiler.BytecodeAnalysis.BytecodeVisitor.visitLSHIFT (B)V
joeq.Compiler.BytecodeAnalysis.BytecodeVisitor.visitISHIFT (B)V
joeq.Compiler.BytecodeAnalysis.BytecodeVisitor.visitDUNOP (B)V
joeq.Compiler.BytecodeAnalysis.BytecodeVisitor.visitFUNOP (B)V
joeq.Compiler.BytecodeAnalysis.BytecodeVisitor.visitLUNOP (B)V
joeq.Compiler.BytecodeAnalysis.BytecodeVisitor.visitIUNOP (B)V
joeq.Compiler.BytecodeAnalysis.BytecodeVisitor.visitDBINOP (B)V
joeq.Compiler.BytecodeAnalysis.BytecodeVisitor.visitFBINOP (B)V
joeq.Compiler.BytecodeAnalysis.BytecodeVisitor.visitSWAP ()V
joeq.Compiler.BytecodeAnalysis.BytecodeVisitor.visitDUP2_x2 ()V
joeq.Compiler.BytecodeAnalysis.BytecodeVisitor.visitDUP2_x1 ()V
joeq.Compiler.BytecodeAnalysis.BytecodeVisitor.visitDUP2 ()V
joeq.Compiler.BytecodeAnalysis.BytecodeVisitor.visitDUP_x2 ()V
joeq.Compiler.BytecodeAnalysis.BytecodeVisitor.visitDUP_x1 ()V
joeq.Compiler.BytecodeAnalysis.BytecodeVisitor.visitDUP ()V
joeq.Compiler.BytecodeAnalysis.BytecodeVisitor.visitPOP2 ()V
joeq.Compiler.BytecodeAnalysis.BytecodeVisitor.visitPOP ()V
joeq.Compiler.BytecodeAnalysis.BytecodeVisitor.visitSASTORE ()V
joeq.Compiler.BytecodeAnalysis.BytecodeVisitor.visitCASTORE ()V
joeq.Compiler.BytecodeAnalysis.BytecodeVisitor.visitBASTORE ()V
joeq.Compiler.BytecodeAnalysis.BytecodeVisitor.visitAASTORE ()V
joeq.Compiler.BytecodeAnalysis.BytecodeVisitor.visitDASTORE ()V
joeq.Compiler.BytecodeAnalysis.BytecodeVisitor.visitFASTORE ()V
joeq.Compiler.BytecodeAnalysis.BytecodeVisitor.visitLASTORE ()V
joeq.Compiler.BytecodeAnalysis.BytecodeVisitor.visitIASTORE ()V
joeq.Compiler.BytecodeAnalysis.BytecodeVisitor.visitSALOAD ()V
joeq.Compiler.BytecodeAnalysis.BytecodeVisitor.visitCALOAD ()V
joeq.Compiler.BytecodeAnalysis.BytecodeVisitor.visitBALOAD ()V
joeq.Compiler.BytecodeAnalysis.BytecodeVisitor.visitAALOAD ()V
joeq.Compiler.BytecodeAnalysis.BytecodeVisitor.visitDALOAD ()V
joeq.Compiler.BytecodeAnalysis.BytecodeVisitor.visitFALOAD ()V
joeq.Compiler.BytecodeAnalysis.BytecodeVisitor.visitLALOAD ()V
joeq.Compiler.BytecodeAnalysis.BytecodeVisitor.visitIALOAD ()V
joeq.Compiler.BytecodeAnalysis.BytecodeVisitor.visitDCONST (D)V
joeq.Compiler.BytecodeAnalysis.BytecodeVisitor.visitLCONST (J)V
joeq.Compiler.BytecodeAnalysis.BytecodeVisitor.visitACONST (Ljava/lang/Object;)V
joeq.Compiler.BytecodeAnalysis.BytecodeVisitor.visitFCONST (F)V
joeq.Compiler.BytecodeAnalysis.BytecodeVisitor.visitICONST (I)V
joeq.Compiler.BytecodeAnalysis.BytecodeVisitor.visitNOP ()V
joeq.Compiler.BytecodeAnalysis.BytecodeVisitor.visitLOOKUPSWITCH (I[I[I)V
joeq.Compiler.BytecodeAnalysis.BytecodeVisitor.visitTABLESWITCH (III[I)V
joeq.Compiler.BytecodeAnalysis.LiveRefAnalysis$ExactState.copy ()Ljoeq/Compiler/BytecodeAnalysis/LiveRefAnalysis$ExactState;
java.io.File.getAbsolutePath ()Ljava/lang/String;
joeq.Compiler.Quad.BytecodeToQuad$AbstractState.getLocal_D (I)Ljoeq/Compiler/Quad/Operand;
joeq.Compiler.Quad.BytecodeToQuad$AbstractState.push_D (Ljoeq/Compiler/Quad/Operand;)V
joeq.Compiler.BytecodeAnalysis.LiveRefAnalysis$ExactState.liveLocal_D (II)V
joeq.Compiler.BytecodeAnalysis.LiveRefAnalysis$ExactState.setLocal_I (I)V
joeq.Compiler.BytecodeAnalysis.LiveRefAnalysis$ExactState.deadLocal_I (I)V
java.io.FileSystem.resolve (Ljava/io/File;)Ljava/lang/String;
joeq.Class.jq_Method.getMaxLocals ()C
joeq.Class.jq_Method.getMaxStack ()C
joeq.Compiler.Quad.Quad.getOp3 ()Ljoeq/Compiler/Quad/Operand;
joeq.Compiler.Quad.Operand$ParamListOperand.set (ILjoeq/Compiler/Quad/Operand$RegisterOperand;)V
java.lang.Throwable.fillInStackTrace ()Ljava/lang/Throwable;
java.nio.Buffer.limit (I)Ljava/nio/Buffer;
java.nio.ByteBuffer.slice ()Ljava/nio/ByteBuffer;
java.nio.Buffer.capacity ()I
java.util.Set.add (Ljava/lang/Object;)Z
joeq.Compiler.Quad.BytecodeToQuad.performZeroCheck (Ljoeq/Compiler/Quad/Operand;)Z
joeq.Class.jq_ConstantPool.getAsUtf8 (C)Ljoeq/UTF/Utf8;
joeq.Class.PrimordialClassLoader.getBSType (Ljava/lang/String;)Ljoeq/Class/jq_Type;
joeq.Compiler.Quad.BytecodeToQuad$AbstractState.clearStack ()V
joeq.Compiler.Quad.BytecodeToQuad$AbstractState.dumpState ()V
joeq.Compiler.BytecodeAnalysis.LiveRefAnalysis$ExactState.liveLocal_A (II)V
joeq.Compiler.BytecodeAnalysis.LiveRefAnalysis$ExactState.getLocal (I)Ljoeq/Compiler/BytecodeAnalysis/LiveRefAnalysis$Type;
joeq.Compiler.BytecodeAnalysis.BytecodeVisitor.tryResolve (Ljoeq/Class/jq_StaticField;)Ljoeq/Class/jq_StaticField;
sun.misc.FDBigInt.lshiftMe (I)V
joeq.Compiler.Quad.BytecodeToQuad$AbstractState.pop_L ()Ljoeq/Compiler/Quad/Operand;
joeq.Compiler.Quad.BytecodeToQuad$AbstractState.pop_P ()Ljoeq/Compiler/Quad/Operand;
joeq.Compiler.Quad.BytecodeToQuad$AbstractState.push_L (Ljoeq/Compiler/Quad/Operand;)V
joeq.Compiler.Quad.BytecodeToQuad$AbstractState.push_I (Ljoeq/Compiler/Quad/Operand;)V
joeq.Compiler.Quad.BytecodeToQuad$AbstractState.push_P (Ljoeq/Compiler/Quad/Operand;)V
joeq.Class.jq_CompiledCode.getEntrypoint ()Ljoeq/Memory/CodeAddress;
joeq.Class.jq_CompiledCode$Delegate.getCompiledMethods ()Ljava/util/Iterator;
joeq.Class.jq_CompiledCode.patchDirectBindCalls (Ljoeq/Class/jq_Method;Ljoeq/Class/jq_CompiledCode;)V
java.text.RuleBasedBreakIterator.readFile (Ljava/lang/String;)[B
joeq.Compiler.Quad.BytecodeToQuad$AbstractState.meet (Ljoeq/Compiler/Quad/Operand;Ljoeq/Compiler/Quad/Operand;ZI)Ljoeq/Compiler/Quad/Operand;
joeq.Compiler.Quad.Operand.isSimilar (Ljoeq/Compiler/Quad/Operand;)Z
joeq.Util.Collections.FilterIterator$Filter.map (Ljava/lang/Object;)Ljava/lang/Object;
joeq.Class.jq_ConstantPool.getAdder ()Ljoeq/Class/jq_ConstantPool$Adder;
java.util.Map$Entry.setValue (Ljava/lang/Object;)Ljava/lang/Object;
joeq.Class.jq_ConstantPool$Adder.finish ()V
joeq.Class.jq_ConstantPool$Adder.add (Ljava/lang/Object;B)C
joeq.Util.Collections.CollectionFactory.makeCollection (Ljava/util/Collection;)Ljava/util/Collection;
joeq.Class.jq_TryCatchBC.getStartPC ()C
joeq.Compiler.BytecodeAnalysis.Bytecodes$InstructionList.findHandle (I)Ljoeq/Compiler/BytecodeAnalysis/Bytecodes$InstructionHandle;
joeq.Class.jq_TryCatchBC.getEndPC ()C
joeq.Compiler.BytecodeAnalysis.Bytecodes$InstructionHandle.getPrev ()Ljoeq/Compiler/BytecodeAnalysis/Bytecodes$InstructionHandle;
joeq.Compiler.BytecodeAnalysis.Bytecodes$InstructionList.getEnd ()Ljoeq/Compiler/BytecodeAnalysis/Bytecodes$InstructionHandle;
joeq.Class.jq_TryCatchBC.getHandlerPC ()C
joeq.Class.jq_TryCatchBC.getExceptionType ()Ljoeq/Class/jq_Class;
sun.reflect.ReflectionFactory.newConstructorAccessor (Ljava/lang/reflect/Constructor;)Lsun/reflect/ConstructorAccessor;
joeq.Class.jq_Type.isPrepared ()Z
joeq.Compiler.BytecodeAnalysis.LiveRefAnalysis$ExactState.deadLocal_L (I)V
joeq.Compiler.BytecodeAnalysis.LiveRefAnalysis$ExactState.setLocal_L (I)V
joeq.Class.jq_Type.getName ()Ljava/lang/String;
sun.net.spi.nameservice.NameService.lookupAllHostAddr (Ljava/lang/String;)[[B
java.lang.ThreadLocal.set (Ljava/lang/Object;)V
java.util.LinkedList.toArray ([Ljava/lang/Object;)[Ljava/lang/Object;
java.util.Hashtable.remove (Ljava/lang/Object;)Ljava/lang/Object;
java.lang.Runtime.maxMemory ()J
sun.reflect.ReflectionFactory.copyMethod (Ljava/lang/reflect/Method;)Ljava/lang/reflect/Method;
joeq.Compiler.BytecodeAnalysis.LiveRefAnalysis$ExactState.getLiveLocal (I)Ljoeq/Compiler/BytecodeAnalysis/LiveRefAnalysis$Type;
java.lang.AbstractStringBuilder.expandCapacity (I)V
java.io.FileSystem.list (Ljava/io/File;)[Ljava/lang/String;
java.lang.Object.notifyAll ()V
sun.misc.FloatingDecimal.appendTo (Ljava/lang/Appendable;)V
joeq.Compiler.BytecodeAnalysis.Bytecodes$InstructionHandle.setInstruction (Ljoeq/Compiler/BytecodeAnalysis/Bytecodes$Instruction;)V
joeq.Compiler.BytecodeAnalysis.BasicBlock.getStart ()I
joeq.Compiler.BytecodeAnalysis.LiveRefAnalysis$FirstPassVisitor.isEndOfBB (Ljoeq/Compiler/BytecodeAnalysis/BasicBlock;)Z
joeq.Compiler.BytecodeAnalysis.BytecodeVisitor.visitBytecode ()V
java.util.Vector.get (I)Ljava/lang/Object;
java.net.URLStreamHandler.toExternalForm (Ljava/net/URL;)Ljava/lang/String;
joeq.Class.jq_Member.setNameAndDesc (Ljoeq/Class/jq_NameAndDesc;)V
joeq.Class.jq_Member.setDeclaringClass (Ljoeq/Class/jq_Class;)V
joeq.Class.jq_Method.compile ()Ljoeq/Class/jq_CompiledCode;
joeq.Class.jq_CompiledCode.redirect (Ljoeq/Class/jq_CompiledCode;)V
joeq.Class.jq_Method.getDefaultCompiledVersion ()Ljoeq/Class/jq_CompiledCode;
joeq.Class.jq_ConstantPool.getAsType (C)Ljoeq/Class/jq_Type;
joeq.Class.PrimordialClassLoader$ClasspathElement.getResourceAsStream (Ljava/lang/String;)Ljava/io/InputStream;
java.lang.ref.SoftReference.get ()Ljava/lang/Object;
joeq.Class.jq_Reference.getJDKName ()Ljava/lang/String;
sun.reflect.MethodAccessor.invoke (Ljava/lang/Object;[Ljava/lang/Object;)Ljava/lang/Object;
java.net.InetAddressImpl.anyLocalAddress ()Ljava/net/InetAddress;
java.net.InetAddress.getHostName ()Ljava/lang/String;
joeq.Class.jq_Reference.isCompiled ()Z
java.util.LinkedList.addAll (ILjava/util/Collection;)Z
java.util.LinkedHashMap.createEntry (ILjava/lang/Object;Ljava/lang/Object;I)V
java.util.LinkedHashMap.removeEldestEntry (Ljava/util/Map$Entry;)Z
java.util.HashMap.resize (I)V
java.util.HashMap.createEntry (ILjava/lang/Object;Ljava/lang/Object;I)V
java.io.ObjectInputStream.readObject ()Ljava/lang/Object;
joeq.UTF.Utf8.getClassName ()Ljoeq/UTF/Utf8;
joeq.Compiler.Quad.CodeCache._get (Ljoeq/Class/jq_Method;)Ljoeq/Compiler/Quad/ControlFlowGraph;
joeq.Class.jq_ConstantPool.getAsObjectConstant (C)Ljava/lang/Object;
java.security.PrivilegedActionException.getException ()Ljava/lang/Exception;
joeq.Class.jq_Member.getAttribute (Ljoeq/UTF/Utf8;)[B
java.io.FileSystem.resolve (Ljava/lang/String;Ljava/lang/String;)Ljava/lang/String;
java.io.FileSystem.getDefaultParent ()Ljava/lang/String;
java.util.zip.ZipFile$ZipFileInputStream.size ()J
java.util.zip.Inflater.getBytesWritten ()J
joeq.Compiler.Quad.RegisterFactory$Register.isTemp ()Z
java.util.zip.Inflater.setInput ([BII)V
sun.misc.FDBigInt.mult (Lsun/misc/FDBigInt;)Lsun/misc/FDBigInt;
sun.misc.FDBigInt.mult (I)Lsun/misc/FDBigInt;
java.util.TreeMap$Entry.setValue (Ljava/lang/Object;)Ljava/lang/Object;
joeq.Compiler.Quad.BytecodeToQuad.makeGuardReg ()Ljoeq/Compiler/Quad/Operand$RegisterOperand;
joeq.Compiler.Quad.BytecodeToQuad.mergeStateWithNullPtrExHandler (Z)V
joeq.Compiler.Quad.BytecodeToQuad.setCurrentGuard (Ljoeq/Compiler/Quad/Operand;)V
joeq.Compiler.Quad.BytecodeToQuad.getLocalNumber (Ljoeq/Compiler/Quad/RegisterFactory$Register;Ljoeq/Class/jq_Type;)I
joeq.Compiler.Quad.BytecodeToQuad.isLocal (Ljoeq/Compiler/Quad/Operand;ILjoeq/Class/jq_Type;)Z
joeq.Compiler.Quad.BytecodeToQuad$AbstractState.getLocal_A (I)Ljoeq/Compiler/Quad/Operand;
joeq.Compiler.Quad.Operand$IConstOperand.getValue ()I
joeq.Compiler.Quad.Operand$DConstOperand.getValue ()D
joeq.Compiler.Quad.Operand$FConstOperand.getValue ()F
joeq.Compiler.Quad.Operand$PConstOperand.getValue ()Ljoeq/Memory/Address;
joeq.Compiler.Quad.Operand$LConstOperand.getValue ()J
java.util.HashMap.newEntryIterator ()Ljava/util/Iterator;
joeq.Compiler.BytecodeAnalysis.Bytecodes$BranchInstruction.updatePosition (II)I
java.lang.Object.wait (J)V
java.util.HashMap.newKeyIterator ()Ljava/util/Iterator;
java.util.ArrayList.size ()I
joeq.Compiler.Quad.Operand$RegisterOperand.isExactType ()Z
joeq.Class.jq_Type.isLoaded ()Z
joeq.Class.jq_Type.isFinal ()Z
joeq.Compiler.Quad.BytecodeToQuad.mergeStateWithObjArrayStoreExHandler (Z)V
joeq.Compiler.Quad.BasicBlock.getPredecessors ()Ljoeq/Util/Templates/List$BasicBlock;
joeq.Compiler.Quad.BasicBlock.getSuccessors ()Ljoeq/Util/Templates/List$BasicBlock;
joeq.Util.Templates.List$BasicBlock.basicBlockIterator ()Ljoeq/Util/Templates/ListIterator$BasicBlock;
joeq.Util.Templates.ListIterator$BasicBlock.nextBasicBlock ()Ljoeq/Compiler/Quad/BasicBlock;
joeq.Compiler.Quad.BasicBlock.isExceptionHandlerEntry ()Z
joeq.Compiler.Quad.ControlFlowGraph.getExceptionHandlersMatchingEntry (Ljoeq/Compiler/Quad/BasicBlock;)Ljava/util/Iterator;
joeq.Compiler.Quad.ExceptionHandler.getHandledBasicBlocks ()Ljoeq/Util/Templates/List$BasicBlock;
joeq.Compiler.Quad.BasicBlock.getExceptionHandlers ()Ljoeq/Compiler/Quad/ExceptionHandlerList;
joeq.Compiler.Quad.ExceptionHandlerList.exceptionHandlerIterator ()Ljoeq/Util/Templates/ListIterator$ExceptionHandler;
joeq.Util.Templates.ListIterator$ExceptionHandler.nextExceptionHandler ()Ljoeq/Compiler/Quad/ExceptionHandler;
joeq.Compiler.Quad.ExceptionHandler.getEntry ()Ljoeq/Compiler/Quad/BasicBlock;
java.util.LinkedList.addFirst (Ljava/lang/Object;)V
joeq.Compiler.Quad.BytecodeToQuad$AbstractState.getLocal_I (I)Ljoeq/Compiler/Quad/Operand;
joeq.Class.jq_ConstantPool.getAsInt (C)Ljava/lang/Integer;
java.util.Comparator.compare (Ljava/lang/Object;Ljava/lang/Object;)I
java.util.Collection.size ()I
java.util.AbstractCollection.addAll (Ljava/util/Collection;)Z
joeq.Compiler.Quad.LoadedCallGraph.read (Ljava/io/DataInput;)V
java.io.DataInputStream.readFully ([BII)V
joeq.Class.jq_ConstantPool.getAsInstanceMethod (C)Ljoeq/Class/jq_InstanceMethod;
java.util.Vector.elementAt (I)Ljava/lang/Object;
java.nio.ByteBuffer.get ([BII)Ljava/nio/ByteBuffer;
java.util.zip.ZipFile$MappedZipFileInputStream.close ()V
java.util.zip.ZipFile$ZipFileInputStream.close ()V
java.util.HashMap$Entry.recordRemoval (Ljava/util/HashMap;)V
sun.misc.FloatingDecimal.doubleValue ()D
sun.misc.FloatingDecimal.stickyRound (D)F
joeq.Util.Collections.AppendListIterator.next ()Ljava/lang/Object;
java.text.BreakIterator.setText (Ljava/text/CharacterIterator;)V
joeq.Compiler.Quad.BytecodeToQuad$UnsafeHelper.handleMethod (Ljoeq/Compiler/Quad/BytecodeToQuad;Ljoeq/Compiler/Quad/ControlFlowGraph;Ljoeq/Compiler/Quad/BytecodeToQuad$AbstractState;Ljoeq/Class/jq_Method;Ljoeq/Compiler/Quad/Operator$Invoke;)Z
joeq.Compiler.Quad.BytecodeToQuad$UnsafeHelper.endsBB (Ljoeq/Class/jq_Method;)Z
joeq.Class.jq_Method.getExceptionTable ()[Ljoeq/Class/jq_TryCatchBC;
joeq.Compiler.BytecodeAnalysis.ControlFlowGraph.getExit ()Ljoeq/Compiler/BytecodeAnalysis/BasicBlock;
joeq.Compiler.BytecodeAnalysis.BasicBlock.getNumberOfPredecessors ()I
joeq.Compiler.Quad.ControlFlowGraph.entry ()Ljoeq/Compiler/Quad/BasicBlock;
joeq.Compiler.Quad.ControlFlowGraph.exit ()Ljoeq/Compiler/Quad/BasicBlock;
joeq.Compiler.Quad.BasicBlock.setExceptionHandlerEntry ()V
joeq.Compiler.Quad.ControlFlowGraph.addExceptionHandler (Ljoeq/Compiler/Quad/ExceptionHandler;)V
joeq.Compiler.Quad.BasicBlock.addExceptionHandler_first (Ljoeq/Compiler/Quad/ExceptionHandlerList;)V
joeq.Compiler.Quad.BasicBlock.addExceptionHandler (Ljoeq/Compiler/Quad/ExceptionHandlerList;)Ljoeq/Compiler/Quad/ExceptionHandlerList;
joeq.Compiler.BytecodeAnalysis.ControlFlowGraph$RPOBasicBlockIterator.hasNext ()Z
joeq.Compiler.BytecodeAnalysis.ControlFlowGraph$RPOBasicBlockIterator.nextBB ()Ljoeq/Compiler/BytecodeAnalysis/BasicBlock;
joeq.Compiler.Quad.BytecodeToQuad.traverseBB (Ljoeq/Compiler/BytecodeAnalysis/BasicBlock;)V
java.util.AbstractCollection.isEmpty ()Z
java.util.LinkedList.removeFirst ()Ljava/lang/Object;
joeq.Compiler.Quad.ControlFlowGraph.removeUnreachableBasicBlocks ()Z
joeq.Compiler.Quad.ControlFlowGraph.updateBBcounter (I)V
joeq.Compiler.BytecodeAnalysis.BasicBlock.getPredecessor (I)Ljoeq/Compiler/BytecodeAnalysis/BasicBlock;
joeq.Compiler.Quad.BasicBlock.addPredecessor (Ljoeq/Compiler/Quad/BasicBlock;)V
joeq.Compiler.Quad.BasicBlock.addSuccessor (Ljoeq/Compiler/Quad/BasicBlock;)V
joeq.Compiler.Quad.BytecodeToQuad.allocateInitialState ()Ljoeq/Compiler/Quad/BytecodeToQuad$AbstractState;
joeq.Compiler.Quad.BytecodeToQuad.allocateEmptyState ()Ljoeq/Compiler/Quad/BytecodeToQuad$AbstractState;
joeq.Compiler.BytecodeAnalysis.ControlFlowGraph.reversePostOrderIterator ()Ljoeq/Compiler/BytecodeAnalysis/ControlFlowGraph$RPOBasicBlockIterator;
joeq.Compiler.BytecodeAnalysis.ControlFlowGraph.getEntry ()Ljoeq/Compiler/BytecodeAnalysis/BasicBlock;
joeq.ClassLib.Common.Interface.getObjectTraverser ()Ljoeq/Runtime/ObjectTraverser;
joeq.Runtime.ObjectTraverser.initialize ()V
java.util.zip.Inflater.inflate ([BII)I
java.util.zip.Inflater.finished ()Z
java.util.zip.Inflater.needsDictionary ()Z
java.util.zip.Inflater.needsInput ()Z
java.util.zip.InflaterInputStream.fill ()V
java.io.File.exists ()Z
java.io.File.list (Ljava/io/FilenameFilter;)[Ljava/lang/String;
java.lang.SecurityManager.checkCreateClassLoader ()V
joeq.Compiler.Quad.BytecodeToQuad$AbstractState.pop_D ()Ljoeq/Compiler/Quad/Operand;
java.lang.ClassLoader.loadClass (Ljava/lang/String;Z)Ljava/lang/Class;
java.io.PrintStream.println ()V
java.util.List.clear ()V
java.util.HashMap.clone ()Ljava/lang/Object;
java.lang.SecurityManager.getClassContext ()[Ljava/lang/Class;
java.text.RuleBasedBreakIterator.getNext ()I
java.text.RuleBasedBreakIterator.lookupCategory (I)I
java.text.RuleBasedBreakIterator.lookupState (II)I
joeq.Util.Collections.MultiMap.add (Ljava/lang/Object;Ljava/lang/Object;)Z
joeq.Class.jq_ConstantPool.getAsString (C)Ljava/lang/String;
java.lang.AbstractStringBuilder.append (Ljava/lang/String;)Ljava/lang/AbstractStringBuilder;
joeq.Class.jq_ConstantPool$PairOfChars.getFirst ()C
joeq.Class.jq_ConstantPool$PairOfChars.getSecond ()C
joeq.UTF.Utf8.isValidMethodDescriptor ()Z
joeq.Compiler.Quad.Operand$RegisterOperand.getFlags ()I
java.util.SubList+1.hasNext ()Z
java.util.LinkedList$ListItr.checkForComodification ()V
joeq.Compiler.BytecodeAnalysis.LiveRefAnalysis$ExactState.setLocal (ILjoeq/Compiler/BytecodeAnalysis/LiveRefAnalysis$Type;)V
joeq.Compiler.BytecodeAnalysis.LiveRefAnalysis$ExactState.deadLocal_A (I)V
joeq.Compiler.Quad.RegisterFactory$Register.getNumber ()I
joeq.Compiler.BytecodeAnalysis.Bytecodes$Instruction.dump (Ljava/io/DataOutputStream;)V
java.io.ByteArrayOutputStream.toByteArray ()[B
joeq.Class.jq_ConstantPool.getAsDouble (C)Ljava/lang/Double;
joeq.Class.jq_ConstantPool.contains (Ljava/lang/Object;)Z
java.io.DataInput.readUnsignedShort ()I
java.io.DataInput.readInt ()I
java.io.DataInput.readFully ([B)V
java.lang.Object.fake$clone ()Ljava/lang/Object;
java.text.CharacterIterator.clone ()Ljava/lang/Object;
joeq.UTF.Utf8.getParamDescriptors ()Ljoeq/UTF/Utf8$MethodDescriptorIterator;
joeq.UTF.Utf8$MethodDescriptorIterator.hasNext ()Z
joeq.UTF.Utf8$MethodDescriptorIterator.nextUtf8 ()Ljoeq/UTF/Utf8;
java.io.InputStream.read ([B)I
java.nio.CharBuffer.slice ()Ljava/nio/CharBuffer;
java.nio.Buffer.hasRemaining ()Z
java.nio.charset.CharsetDecoder.reset ()Ljava/nio/charset/CharsetDecoder;
java.nio.charset.CharsetDecoder.decode (Ljava/nio/ByteBuffer;Ljava/nio/CharBuffer;Z)Ljava/nio/charset/CoderResult;
java.nio.charset.CoderResult.isUnderflow ()Z
java.nio.charset.CoderResult.isOverflow ()Z
java.nio.charset.CoderResult.throwException ()V
joeq.Compiler.BytecodeAnalysis.LiveRefAnalysis$Type.findCommonSuperclass (Ljoeq/Compiler/BytecodeAnalysis/LiveRefAnalysis$Type;)Ljoeq/Compiler/BytecodeAnalysis/LiveRefAnalysis$Type;
java.text.RuleBasedBreakIterator.lookupBackwardState (II)I
joeq.Compiler.BytecodeAnalysis.LiveRefAnalysis$ExactState.liveLocal_L (II)V
joeq.Compiler.Quad.BytecodeToQuad$AbstractState.getLocal_L (I)Ljoeq/Compiler/Quad/Operand;
joeq.Util.Collections.ListFactory.makeList ()Ljava/util/List;
joeq.Class.PrimordialClassLoader$ClasspathElement.listPackage (Ljava/lang/String;Z)Ljava/util/Iterator;
java.io.FileSystem.getLastModifiedTime (Ljava/io/File;)J
java.io.FilterInputStream.available ()I
java.util.ArrayList.get (I)Ljava/lang/Object;
joeq.Compiler.BytecodeAnalysis.Bytecodes$InstructionList.append (Ljoeq/Compiler/BytecodeAnalysis/Bytecodes$BranchInstruction;)Ljoeq/Compiler/BytecodeAnalysis/Bytecodes$BranchHandle;
joeq.Compiler.BytecodeAnalysis.Bytecodes$Select.setTarget (ILjoeq/Compiler/BytecodeAnalysis/Bytecodes$InstructionHandle;)V
joeq.Compiler.BytecodeAnalysis.Bytecodes$BranchInstruction.getIndex ()I
joeq.Compiler.BytecodeAnalysis.Bytecodes$InstructionHandle.setPosition (I)V
java.util.ArrayList.add (Ljava/lang/Object;)Z
joeq.Compiler.BytecodeAnalysis.Bytecodes$BranchInstruction.setTarget (Ljoeq/Compiler/BytecodeAnalysis/Bytecodes$InstructionHandle;)V
joeq.Compiler.BytecodeAnalysis.Bytecodes$Select.getIndices ()[I
joeq.Class.jq_ConstantPool.getAsStaticField (C)Ljoeq/Class/jq_StaticField;
joeq.Class.jq_ConstantPool$ConstantPoolRebuilder.get (Ljava/lang/Object;)C
joeq.Compiler.BytecodeAnalysis.Bytecodes$InstructionHandle.accept (Ljoeq/Compiler/BytecodeAnalysis/Bytecodes$Visitor;)V
java.util.Vector.indexOf (Ljava/lang/Object;I)I
java.util.HashMap.keySet ()Ljava/util/Set;
joeq.Compiler.BytecodeAnalysis.Bytecodes$InstructionList.toString (Z)Ljava/lang/String;
joeq.Class.jq_ConstantPool$ConstantPoolRebuilder.addType (Ljoeq/Class/jq_Type;)V
joeq.Compiler.BytecodeAnalysis.LiveRefAnalysis$Type.getElementType ()Ljoeq/Compiler/BytecodeAnalysis/LiveRefAnalysis$Type;
sun.misc.FDBigInt.normalizeMe ()I
sun.misc.FDBigInt.quoRemIteration (Lsun/misc/FDBigInt;)I
sun.misc.FDBigInt.cmp (Lsun/misc/FDBigInt;)I
sun.misc.FDBigInt.add (Lsun/misc/FDBigInt;)Lsun/misc/FDBigInt;
joeq.Compiler.BytecodeAnalysis.LiveRefAnalysis$ExactState.liveLocal_I (II)V
java.util.AbstractCollection.add (Ljava/lang/Object;)Z
joeq.Class.jq_ConstantPool.getAsLong (C)Ljava/lang/Long;
joeq.Class.jq_Member.resolve ()Ljoeq/Class/jq_Member;
sun.text.IntTrie.getCodePointValue (I)I
java.net.InetAddress.getAddress ()[B
sun.net.spi.nameservice.NameService.getHostByAddr ([B)Ljava/lang/String;
java.net.InetAddress.equals (Ljava/lang/Object;)Z
joeq.Compiler.Quad.BytecodeToQuad.mergeStateWithArrayBoundsExHandler (Z)V
java.util.zip.ZipFile.getName ()Ljava/lang/String;
joeq.Compiler.BytecodeAnalysis.Bytecodes$InstructionHandle.toString (Z)Ljava/lang/String;
java.util.Random.setSeed (J)V
joeq.Compiler.Quad.ControlFlowGraph.reversePostOrder (Ljoeq/Compiler/Quad/BasicBlock;)Ljoeq/Util/Templates/List$BasicBlock;
java.io.Writer.write ([CII)V
java.util.Set.addAll (Ljava/util/Collection;)Z
java.util.ArrayList.trimToSize ()V
sun.misc.FDBigInt.sub (Lsun/misc/FDBigInt;)Lsun/misc/FDBigInt;
java.lang.Thread.setContextClassLoader (Ljava/lang/ClassLoader;)V
joeq.Compiler.BytecodeAnalysis.ControlFlowGraph$RPOBasicBlockIterator.toString ()Ljava/lang/String;
joeq.Compiler.BytecodeAnalysis.LiveRefAnalysis$FirstPassVisitor.traverseBB (Ljoeq/Compiler/BytecodeAnalysis/BasicBlock;)V
joeq.Compiler.BytecodeAnalysis.LiveRefAnalysis$FirstPassVisitor.getBytecodeStart ()Ljoeq/Util/BitString;
joeq.Compiler.BytecodeAnalysis.ControlFlowGraph$RPOBasicBlockIterator.jumpToEnd ()V
joeq.Compiler.BytecodeAnalysis.ControlFlowGraph$RPOBasicBlockIterator.hasPrevious ()Z
joeq.Compiler.BytecodeAnalysis.ControlFlowGraph$RPOBasicBlockIterator.previousBB ()Ljoeq/Compiler/BytecodeAnalysis/BasicBlock;
joeq.Compiler.BytecodeAnalysis.LiveRefAnalysis$SecondPassVisitor.traverseBB (Ljoeq/Compiler/BytecodeAnalysis/BasicBlock;)V
java.lang.SecurityManager.checkExit (I)V
java.lang.Thread.checkAccess ()V
java.lang.Thread.isAlive ()Z
joeq.Compiler.BytecodeAnalysis.LiveRefAnalysis$ExactState.mergeJSR (Ljoeq/Compiler/BytecodeAnalysis/LiveRefAnalysis$ExactState;Ljoeq/Compiler/BytecodeAnalysis/LiveRefAnalysis$ExactJSRState;)Z
joeq.Compiler.BytecodeAnalysis.LiveRefAnalysis$ExactState.copyJSR (Ljoeq/Compiler/BytecodeAnalysis/LiveRefAnalysis$ExactJSRState;)Ljoeq/Compiler/BytecodeAnalysis/LiveRefAnalysis$ExactState;
joeq.Compiler.Quad.QuadVisitor.visitPutfield (Ljoeq/Compiler/Quad/Quad;)V
joeq.Class.jq_ConstantPool.getAsInstanceField (C)Ljoeq/Class/jq_InstanceField;
java.io.File.list ()[Ljava/lang/String;
java.io.FilenameFilter.accept (Ljava/io/File;Ljava/lang/String;)Z
java.util.ArrayList.toArray ([Ljava/lang/Object;)[Ljava/lang/Object;
java.util.Collection.toArray ([Ljava/lang/Object;)[Ljava/lang/Object;
joeq.Compiler.Quad.BytecodeToQuad$AbstractState.pop_F ()Ljoeq/Compiler/Quad/Operand;
java.util.Collection.contains (Ljava/lang/Object;)Z
java.util.AbstractCollection.remove (Ljava/lang/Object;)Z
java.util.Iterator.remove ()V
joeq.Compiler.Quad.Operand$RegisterOperand.setFlags (I)V
java.io.DataInput.readByte ()B
java.io.DataInput.readFloat ()F
java.io.DataInput.readLong ()J
java.io.DataInput.readDouble ()D
java.util.Map.size ()I
java.util.SortedSet.comparator ()Ljava/util/Comparator;
java.util.TreeMap.comparator ()Ljava/util/Comparator;
java.util.TreeMap.addAllForTreeSet (Ljava/util/SortedSet;Ljava/lang/Object;)V
sun.reflect.ConstructorAccessor.newInstance ([Ljava/lang/Object;)Ljava/lang/Object;
java.lang.CharSequence.subSequence (II)Ljava/lang/CharSequence;
joeq.Compiler.Quad.Operand$IntValueTableOperand.set (II)V
java.io.BufferedReader.readLine (Z)Ljava/lang/String;
joeq.Class.jq_Method$Delegate.compile_stub (Ljoeq/Class/jq_Method;)Ljoeq/Class/jq_CompiledCode;
joeq.Compiler.Quad.BytecodeToQuad$AbstractState.mergeExceptionHandler (Ljoeq/Compiler/Quad/BytecodeToQuad$AbstractState;Ljoeq/Class/jq_Class;Ljoeq/Compiler/Quad/RegisterFactory;)Z
joeq.Compiler.Quad.BytecodeToQuad$AbstractState.copyExceptionHandler (Ljoeq/Class/jq_Class;Ljoeq/Compiler/Quad/RegisterFactory;)Ljoeq/Compiler/Quad/BytecodeToQuad$AbstractState;
joeq.Compiler.Quad.BytecodeToQuad.mergeStateWithArithExHandler (Z)V
joeq.Compiler.Quad.BytecodeToQuad$AbstractState.copyAfterJSR ()Ljoeq/Compiler/Quad/BytecodeToQuad$AbstractState;
joeq.Class.jq_Method.toString ()Ljava/lang/String;
joeq.Class.PrimordialClassLoader.unloadBSType (Ljoeq/Class/jq_Type;)V
joeq.ClassLib.Common.Interface.unloadType (Ljava/lang/ClassLoader;Ljoeq/Class/jq_Type;)V
joeq.Class.PrimordialClassLoader.getResourceAsStream (Ljava/lang/String;)Ljava/io/InputStream;
joeq.Compiler.Quad.BytecodeToQuad.getJSRState (Ljoeq/Compiler/BytecodeAnalysis/BasicBlock;)Ljoeq/Compiler/Quad/BytecodeToQuad$AbstractState;
joeq.Compiler.Quad.BytecodeToQuad$AbstractState.mergeAfterJSR ([ZLjoeq/Compiler/Quad/BytecodeToQuad$AbstractState;)V
joeq.Compiler.Quad.BytecodeToQuad$AbstractState.copy ()Ljoeq/Compiler/Quad/BytecodeToQuad$AbstractState;
joeq.Compiler.Quad.BytecodeToQuad$AbstractState.merge (Ljoeq/Compiler/Quad/BytecodeToQuad$AbstractState;Ljoeq/Compiler/Quad/RegisterFactory;)Z
joeq.Compiler.BytecodeAnalysis.BasicBlock.setSubroutineRet (Ljoeq/Compiler/BytecodeAnalysis/ControlFlowGraph;Ljoeq/Compiler/BytecodeAnalysis/BasicBlock;)V
joeq.Compiler.BytecodeAnalysis.ControlFlowGraph.addJSRInfo (Ljoeq/Compiler/BytecodeAnalysis/BasicBlock;Ljoeq/Compiler/BytecodeAnalysis/BasicBlock;[Z)V
joeq.Compiler.CompilationState.findCommonSuperclass (Ljoeq/Class/jq_Type;Ljoeq/Class/jq_Type;)Ljoeq/Class/jq_Type;
joeq.Compiler.Quad.Operand$RegisterOperand.clearExactType ()V
joeq.Compiler.Quad.Operand$RegisterOperand.meetFlags (I)V
joeq.Compiler.Quad.Operand$RegisterOperand.hasMoreConservativeFlags (Ljoeq/Compiler/Quad/Operand$RegisterOperand;)Z
joeq.Compiler.Quad.BasicBlock.iterator ()Ljoeq/Util/Templates/ListIterator$Quad;
joeq.Compiler.Quad.BasicBlock.removeAllQuads ()V
joeq.Compiler.Quad.BytecodeToQuad$AbstractState.overwriteWith (Ljoeq/Compiler/Quad/BytecodeToQuad$AbstractState;)V
java.text.RuleBasedBreakIterator.handlePrevious ()I
java.text.RuleBasedBreakIterator.handleNext ()I
sun.reflect.ReflectionFactory.newFieldAccessor (Ljava/lang/reflect/Field;)Lsun/reflect/FieldAccessor;
java.util.TreeMap$PrivateEntryIterator.nextEntry ()Ljava/util/TreeMap$Entry;
java.io.DataInputStream.readUnsignedByte ()I
joeq.Compiler.BytecodeAnalysis.Bytecodes$Instruction.initFromFile (Ljoeq/Class/jq_ConstantPool;Ljoeq/Util/IO/ByteSequence;Z)V
sun.io.ByteToCharConverter.getCharacterEncoding ()Ljava/lang/String;
joeq.Util.Collections.FilterIterator$Filter.isElement (Ljava/lang/Object;)Z
joeq.Compiler.Quad.Operand$RegisterOperand.attachToQuad (Ljoeq/Compiler/Quad/Quad;)V
joeq.Class.jq_ConstantPool.getAsFloat (C)Ljava/lang/Float;
joeq.Class.jq_LocalVarTableEntry.equals (Ljoeq/Class/jq_LocalVarTableEntry;)Z
joeq.Compiler.Quad.Operator.accept (Ljoeq/Compiler/Quad/Quad;Ljoeq/Compiler/Quad/QuadVisitor;)V
joeq.Class.jq_Member.getAttribute (Ljava/lang/String;)[B
joeq.Class.jq_Method.isNative ()Z
joeq.Class.jq_Method.isAbstract ()Z
joeq.Class.jq_Method.getCodeAttribute (Ljoeq/UTF/Utf8;)[B
joeq.Class.jq_Member.getJavaLangReflectMemberObject ()Ljava/lang/reflect/Member;
joeq.ClassLib.Common.Interface.initNewMethod (Ljava/lang/reflect/Method;Ljoeq/Class/jq_Method;)V
joeq.ClassLib.Common.Interface.initNewConstructor (Ljava/lang/reflect/Constructor;Ljoeq/Class/jq_Initializer;)V
joeq.Compiler.BytecodeAnalysis.LiveRefAnalysis$ExactState.checkLastUse (II)V
joeq.Class.jq_ConstantPool.load (Ljava/io/DataInput;)V
joeq.Class.jq_ConstantPool.resolve (Ljava/lang/ClassLoader;)V
joeq.Class.PrimordialClassLoader.getClassesThatReference (Ljoeq/Class/jq_Member;)Ljava/util/Set;
joeq.Class.jq_Reference.getState ()I
joeq.ClassLib.Common.Interface.getImplementationClassDescs (Ljoeq/UTF/Utf8;)Ljava/util/Iterator;
joeq.Class.jq_ConstantPool$ConstantPoolRebuilder.remove (Ljava/lang/Object;)V
joeq.Class.jq_Field.load (CLjava/io/DataInput;)V
joeq.Class.jq_Method.load (CLjava/io/DataInput;)V
java.util.List.contains (Ljava/lang/Object;)Z
java.util.List.get (I)Ljava/lang/Object;
joeq.Runtime.Reflection$Delegate.getJDKMember (Ljoeq/Class/jq_Member;)Ljava/lang/reflect/Member;
joeq.Class.jq_InstanceMethod.parseMethodSignature ()V
joeq.Compiler.BytecodeAnalysis.LiveRefAnalysis$ExactState.deadLocal_F (I)V
joeq.Compiler.BytecodeAnalysis.LiveRefAnalysis$ExactState.setLocal_F (I)V
joeq.Class.jq_LocalVarTableEntry.compareTo (Ljoeq/Class/jq_LocalVarTableEntry;)I
joeq.Class.jq_LineNumberBC.compareTo (Ljoeq/Class/jq_LineNumberBC;)I
joeq.ClassLib.Common.Interface.initNewField (Ljava/lang/reflect/Field;Ljoeq/Class/jq_Field;)V
sun.reflect.ReflectionFactory.copyConstructor (Ljava/lang/reflect/Constructor;)Ljava/lang/reflect/Constructor;
joeq.Class.jq_CompiledCode$Delegate.patchDirectBindCalls (Ljava/util/Iterator;)V
java.util.Set.size ()I
java.util.AbstractList.subList (II)Ljava/util/List;
java.util.List.toArray ([Ljava/lang/Object;)[Ljava/lang/Object;
java.lang.ThreadLocal.childValue (Ljava/lang/Object;)Ljava/lang/Object;
sun.nio.cs.StreamDecoder.implReady ()Z
sun.nio.cs.StreamDecoder.implRead ([CII)I
joeq.Class.jq_MethodVisitor.visitMethod (Ljoeq/Class/jq_Method;)V
sun.nio.cs.AbstractCharsetProvider.init ()V
sun.security.util.Debug.println (Ljava/lang/String;)V
java.security.DomainCombiner.combine ([Ljava/security/ProtectionDomain;[Ljava/security/ProtectionDomain;)[Ljava/security/ProtectionDomain;
java.io.OutputStream.write ([BII)V
joeq.Compiler.Quad.BasicBlock.visitQuads (Ljoeq/Compiler/Quad/QuadVisitor;)V
java.text.DictionaryBasedBreakIterator.lookupCategory (I)I
java.util.Vector.isEmpty ()Z
java.util.Vector.contains (Ljava/lang/Object;)Z
java.text.BreakDictionary.getNextState (II)S
java.text.BreakDictionary.getNextStateFromCharacter (II)S
java.util.Vector.clone ()Ljava/lang/Object;
joeq.Compiler.BytecodeAnalysis.BytecodeVisitor.forwardTraversal ()V
joeq.Compiler.BytecodeAnalysis.ControlFlowGraph$InitialPass.getBasicBlockStart ()Ljoeq/Util/BitString;
joeq.Compiler.BytecodeAnalysis.ControlFlowGraph$InitialPass.getBranchLocations ()Ljoeq/Util/BitString;
joeq.Util.Collections.UnmodifiableIterator.hasNext ()Z
joeq.Util.BitString$BitStringIterator.nextIndex ()I
joeq.Compiler.BytecodeAnalysis.ControlFlowGraph$BranchVisitor.setLocation (I)V
joeq.Compiler.BytecodeAnalysis.LiveRefAnalysis.compute (Ljoeq/Compiler/BytecodeAnalysis/ControlFlowGraph;)V
joeq.Compiler.BytecodeAnalysis.BasicBlock.addExceptionHandler_first (Ljoeq/Compiler/BytecodeAnalysis/ExceptionHandlerSet;)V
joeq.Compiler.BytecodeAnalysis.BasicBlock.addExceptionHandler (Ljoeq/Compiler/BytecodeAnalysis/ExceptionHandlerSet;)Ljoeq/Compiler/BytecodeAnalysis/ExceptionHandlerSet;
java.text.CharacterIterator.first ()C
java.util.Vector.remove (I)Ljava/lang/Object;
java.util.zip.Inflater.reset ()V
joeq.Util.Templates.UnmodifiableList$BasicBlock.getBasicBlock (I)Ljoeq/Compiler/Quad/BasicBlock;
joeq.Class.jq_ConstantPool$ConstantPoolRebuilder.addCode (Ljoeq/Class/jq_Method;)V
joeq.Class.jq_ConstantPool$ConstantPoolRebuilder.addExceptions (Ljoeq/Class/jq_Method;)V
joeq.Class.jq_ConstantPool$ConstantPoolRebuilder.addString (Ljava/lang/String;)V
java.nio.HeapByteBuffer.ix (I)I
java.text.BreakIterator.setText (Ljava/lang/String;)V
java.text.BreakIterator.isBoundary (I)Z
java.util.List.size ()I
java.lang.ThreadGroup.getMaxPriority ()I
joeq.Compiler.Quad.ControlFlowGraphVisitor.visitCFG (Ljoeq/Compiler/Quad/ControlFlowGraph;)V
java.io.Writer.write (Ljava/lang/String;)V
java.security.ProtectionDomain.implies (Ljava/security/Permission;)Z
java.lang.SecurityManager.checkPropertiesAccess ()V
java.util.HashSet.iterator ()Ljava/util/Iterator;
java.lang.ConditionalSpecialCasing$Entry.getLanguage ()Ljava/lang/String;
java.lang.ConditionalSpecialCasing$Entry.getCondition ()I
java.lang.ConditionalSpecialCasing$Entry.getUpperCase ()[C
java.lang.ConditionalSpecialCasing$Entry.getLowerCase ()[C
java.util.AbstractCollection.contains (Ljava/lang/Object;)Z
sun.reflect.FieldAccessor.set (Ljava/lang/Object;Ljava/lang/Object;)V
joeq.ClassLib.Common.Interface.createNewMethod (Ljoeq/Class/jq_Method;)Ljava/lang/reflect/Method;
joeq.ClassLib.Common.Interface.createNewConstructor (Ljoeq/Class/jq_Initializer;)Ljava/lang/reflect/Constructor;
joeq.ClassLib.Common.Interface.createNewField (Ljoeq/Class/jq_Field;)Ljava/lang/reflect/Field;
java.util.zip.ZipEntry.isDirectory ()Z
joeq.Class.jq_Reference.isSFInitialized ()Z
joeq.Compiler.BytecodeAnalysis.LiveRefAnalysis$ExactState.merge (Ljoeq/Compiler/BytecodeAnalysis/LiveRefAnalysis$ExactState;)Z
joeq.Compiler.BytecodeAnalysis.LiveRefAnalysis$ExactJSRState.mergeBeforeJSR (Ljoeq/Compiler/BytecodeAnalysis/LiveRefAnalysis$ExactState;)Z
joeq.Compiler.BytecodeAnalysis.LiveRefAnalysis$ExactState.copyAsJSR ()Ljoeq/Compiler/BytecodeAnalysis/LiveRefAnalysis$ExactJSRState;
joeq.Runtime.Reflection$Delegate.getTypeOf (Ljava/lang/Object;)Ljoeq/Class/jq_Reference;
java.text.BreakIterator.clone ()Ljava/lang/Object;
java.lang.SecurityManager.getThreadGroup ()Ljava/lang/ThreadGroup;
java.lang.ThreadGroup.checkAccess ()V
java.lang.ThreadGroup.addUnstarted ()V
java.lang.Thread.isDaemon ()Z
java.lang.Thread.getPriority ()I
joeq.Compiler.BytecodeAnalysis.Bytecodes$LocalVariableInstruction.setIndex (I)V
java.util.HashMap.putAllForCreate (Ljava/util/Map;)V
sun.misc.Launcher.getClassLoader ()Ljava/lang/ClassLoader;
java.security.PrivilegedActionException.getCause ()Ljava/lang/Throwable;
joeq.Runtime.Reflection$Delegate.getJDKConstructor (Ljava/lang/Class;[Ljava/lang/Class;)Ljava/lang/reflect/Constructor;
java.io.DataInputStream.readInt ()I
java.util.Hashtable.rehash ()V
joeq.Compiler.BytecodeAnalysis.LiveRefAnalysis$ExactState.allocateLiveness ()V
joeq.Compiler.BytecodeAnalysis.LiveRefAnalysis$ExactState.initializeLastUses ()V
joeq.Compiler.BytecodeAnalysis.LiveRefAnalysis$ExactState.compareLiveness (Ljoeq/Compiler/BytecodeAnalysis/LiveRefAnalysis$ExactState;)Z
sun.io.ByteToCharConverter.flush ([CII)I
joeq.UTF.Utf8$MethodDescriptorIterator.getReturnDescriptor ()Ljoeq/UTF/Utf8;
joeq.Compiler.Quad.ControlFlowGraph.reversePostOrderIterator ()Ljoeq/Util/Templates/ListIterator$BasicBlock;
java.util.List.isEmpty ()Z
java.util.List.retainAll (Ljava/util/Collection;)Z
joeq.Compiler.Quad.ControlFlowGraph.reversePostOrderOnReverseGraph (Ljoeq/Compiler/Quad/BasicBlock;)Ljoeq/Util/Templates/List$BasicBlock;
java.util.Collection.containsAll (Ljava/util/Collection;)Z
java.util.Collection.removeAll (Ljava/util/Collection;)Z
joeq.Compiler.Quad.ControlFlowGraph.getMethod ()Ljoeq/Class/jq_Method;
java.lang.ClassLoader.findLoadedClass (Ljava/lang/String;)Ljava/lang/Class;
java.lang.ClassLoader.findClass (Ljava/lang/String;)Ljava/lang/Class;
java.lang.ClassLoader.resolveClass (Ljava/lang/Class;)V
joeq.Class.jq_Method.compile_stub ()Ljoeq/Class/jq_CompiledCode;
joeq.Class.jq_CompiledCode.patchDirectBindCalls ()V
java.util.ResourceBundle.getStringArray (Ljava/lang/String;)[Ljava/lang/String;
java.util.ResourceBundle.getString (Ljava/lang/String;)Ljava/lang/String;
java.net.Parts.getPath ()Ljava/lang/String;
java.net.Parts.getQuery ()Ljava/lang/String;
java.net.Parts.getRef ()Ljava/lang/String;
joeq.Compiler.Quad.ExceptionHandlerList.getHandler ()Ljoeq/Compiler/Quad/ExceptionHandler;
joeq.Compiler.Quad.ExceptionHandler.addHandledBasicBlock (Ljoeq/Compiler/Quad/BasicBlock;)V
java.util.Vector.add (Ljava/lang/Object;)Z
joeq.Compiler.Quad.BasicBlockVisitor.visitBasicBlock (Ljoeq/Compiler/Quad/BasicBlock;)V
java.util.Collection.toArray ()[Ljava/lang/Object;
joeq.Util.Collections.SetFactory.makeSet (Ljava/util/Collection;)Ljava/util/Set;
joeq.Class.PrimordialClassLoader$PathElement.initializeEntryMap ()V
joeq.Class.PrimordialClassLoader$ZipFileElement.initializeEntryMap ()V
java.util.Map.values ()Ljava/util/Collection;
joeq.Compiler.Quad.QuadVisitor.visitJsr (Ljoeq/Compiler/Quad/Quad;)V
joeq.Compiler.Quad.QuadVisitor.visitBranch (Ljoeq/Compiler/Quad/Quad;)V
joeq.Compiler.Quad.QuadVisitor.visitExceptionThrower (Ljoeq/Compiler/Quad/Quad;)V
joeq.Compiler.Quad.QuadVisitor.visitInvoke (Ljoeq/Compiler/Quad/Quad;)V
joeq.Compiler.Quad.QuadVisitor.visitNewArray (Ljoeq/Compiler/Quad/Quad;)V
joeq.Compiler.Quad.QuadVisitor.visitAllocation (Ljoeq/Compiler/Quad/Quad;)V
joeq.Compiler.Quad.QuadVisitor.visitMonitor (Ljoeq/Compiler/Quad/Quad;)V
joeq.Compiler.Quad.QuadVisitor.visitReturn (Ljoeq/Compiler/Quad/Quad;)V
joeq.Compiler.Quad.QuadVisitor.visitSpecial (Ljoeq/Compiler/Quad/Quad;)V
joeq.Compiler.Quad.QuadVisitor.visitALength (Ljoeq/Compiler/Quad/Quad;)V
joeq.Compiler.Quad.QuadVisitor.visitArray (Ljoeq/Compiler/Quad/Quad;)V
joeq.Compiler.Quad.QuadVisitor.visitALoad (Ljoeq/Compiler/Quad/Quad;)V
joeq.Compiler.Quad.QuadVisitor.visitUnary (Ljoeq/Compiler/Quad/Quad;)V
joeq.Compiler.Quad.QuadVisitor.visitNew (Ljoeq/Compiler/Quad/Quad;)V
joeq.Compiler.Quad.QuadVisitor.visitTableSwitch (Ljoeq/Compiler/Quad/Quad;)V
joeq.Compiler.Quad.QuadVisitor.visitCondBranch (Ljoeq/Compiler/Quad/Quad;)V
joeq.Compiler.Quad.QuadVisitor.visitMemLoad (Ljoeq/Compiler/Quad/Quad;)V
joeq.Compiler.Quad.QuadVisitor.visitLookupSwitch (Ljoeq/Compiler/Quad/Quad;)V
joeq.Compiler.Quad.QuadVisitor.visitBinary (Ljoeq/Compiler/Quad/Quad;)V
joeq.Compiler.Quad.QuadVisitor.visitMemStore (Ljoeq/Compiler/Quad/Quad;)V
joeq.Compiler.Quad.QuadVisitor.visitNullCheck (Ljoeq/Compiler/Quad/Quad;)V
joeq.Compiler.Quad.QuadVisitor.visitCheck (Ljoeq/Compiler/Quad/Quad;)V
joeq.Compiler.Quad.QuadVisitor.visitBoundsCheck (Ljoeq/Compiler/Quad/Quad;)V
joeq.Compiler.Quad.QuadVisitor.visitGoto (Ljoeq/Compiler/Quad/Quad;)V
joeq.Compiler.Quad.QuadVisitor.visitStoreCheck (Ljoeq/Compiler/Quad/Quad;)V
joeq.Compiler.Quad.QuadVisitor.visitTypeCheck (Ljoeq/Compiler/Quad/Quad;)V
joeq.Compiler.Quad.QuadVisitor.visitAStore (Ljoeq/Compiler/Quad/Quad;)V
joeq.Compiler.Quad.QuadVisitor.visitInstanceOf (Ljoeq/Compiler/Quad/Quad;)V
joeq.Compiler.Quad.QuadVisitor.visitZeroCheck (Ljoeq/Compiler/Quad/Quad;)V
joeq.Compiler.Quad.QuadVisitor.visitMove (Ljoeq/Compiler/Quad/Quad;)V
joeq.Compiler.Quad.QuadVisitor.visitRet (Ljoeq/Compiler/Quad/Quad;)V
joeq.Compiler.Quad.QuadVisitor.visitIntIfCmp (Ljoeq/Compiler/Quad/Quad;)V
joeq.Compiler.Quad.QuadVisitor.visitCheckCast (Ljoeq/Compiler/Quad/Quad;)V
joeq.Class.jq_Field.toString ()Ljava/lang/String;
sun.reflect.FieldAccessor.setBoolean (Ljava/lang/Object;Z)V
joeq.Class.jq_Method.parseMethodSignature ()V
java.net.InetAddressImpl.loopbackAddress ()Ljava/net/InetAddress;
joeq.Runtime.BasicReflectionImpl.getJDKField (Ljava/lang/Class;Ljava/lang/String;)Ljava/lang/reflect/Field;
joeq.Runtime.BasicReflectionImpl.getJDKMethod (Ljava/lang/Class;Ljava/lang/String;[Ljava/lang/Class;)Ljava/lang/reflect/Method;
joeq.Runtime.BasicReflectionImpl.getJDKType (Ljoeq/Class/jq_Type;)Ljava/lang/Class;
joeq.Runtime.BasicReflectionImpl.getJDKConstructor (Ljava/lang/Class;[Ljava/lang/Class;)Ljava/lang/reflect/Constructor;
java.util.HashMap.transfer ([Ljava/util/HashMap$Entry;)V
java.lang.Thread.join ()V
joeq.Runtime.Reflection$Delegate.getJDKType (Ljoeq/Class/jq_Type;)Ljava/lang/Class;
java.io.DataInput.readLine ()Ljava/lang/String;
joeq.Compiler.Quad.LoadedCallGraph.add (Ljoeq/Class/jq_Method;ILjoeq/Class/jq_Method;)V
java.nio.charset.CharsetDecoder.charset ()Ljava/nio/charset/Charset;
java.nio.Buffer.flip ()Ljava/nio/Buffer;
joeq.Class.jq_LineNumberBC.getStartPC ()C
joeq.Class.jq_LineNumberBC.getLineNum ()C
joeq.Compiler.Quad.ControlFlowGraph.reversePostOrderIterator (Ljoeq/Compiler/Quad/BasicBlock;)Ljoeq/Util/Templates/ListIterator$BasicBlock;
joeq.Class.jq_ConstantPool.getAsStaticMethod (C)Ljoeq/Class/jq_StaticMethod;
java.net.InetAddressImpl.getHostByAddr ([B)Ljava/lang/String;
joeq.Compiler.Quad.BytecodeToQuad.convert ()Ljoeq/Compiler/Quad/ControlFlowGraph;
joeq.Compiler.Quad.BytecodeToQuad.getQuadToBytecodeMap ()Ljava/util/Map;
joeq.Util.SimpleInterpreter.invokeMethod (Ljava/lang/Object;Ljava/lang/String;[Ljava/lang/String;I)I
joeq.Compiler.BytecodeAnalysis.Bytecodes$BranchInstruction.getTarget ()Ljoeq/Compiler/BytecodeAnalysis/Bytecodes$InstructionHandle;
joeq.Compiler.BytecodeAnalysis.Bytecodes$InstructionList.contains (Ljoeq/Compiler/BytecodeAnalysis/Bytecodes$Instruction;)Z
joeq.Compiler.BytecodeAnalysis.Bytecodes$Select.getTargets ()Ljava/util/List;
joeq.Compiler.BytecodeAnalysis.Bytecodes$Instruction.getOpcode ()S
joeq.Compiler.BytecodeAnalysis.Bytecodes$InstructionHandle.updatePosition (II)I
joeq.Compiler.BytecodeAnalysis.ExceptionHandlerSet.getHandler ()Ljoeq/Compiler/BytecodeAnalysis/ExceptionHandler;
java.nio.ByteBuffer.compact ()Ljava/nio/ByteBuffer;
java.nio.ByteBuffer.array ()[B
java.nio.ByteBuffer.arrayOffset ()I
java.nio.channels.ReadableByteChannel.read (Ljava/nio/ByteBuffer;)I
joeq.Runtime.Reflection$Delegate.getJDKMethod (Ljava/lang/Class;Ljava/lang/String;[Ljava/lang/Class;)Ljava/lang/reflect/Method;
joeq.Util.Templates.ListIterator$Quad.nextQuad ()Ljoeq/Compiler/Quad/Quad;
joeq.Compiler.Quad.Quad.accept (Ljoeq/Compiler/Quad/QuadVisitor;)V
joeq.ClassLib.Common.Interface.createNewClass (Ljoeq/Class/jq_Type;)Ljava/lang/Class;
joeq.Class.jq_Primitive.getName ()Ljava/lang/String;
joeq.Compiler.BytecodeAnalysis.Bytecodes$CPInstruction.getObject ()Ljava/lang/Object;
joeq.Class.jq_ConstantPool$ConstantPoolRebuilder.addMember (Ljoeq/Class/jq_Member;)V
joeq.Compiler.BytecodeAnalysis.Bytecodes$CPInstruction.setObject (Ljava/lang/Object;)V
joeq.Compiler.BytecodeAnalysis.Bytecodes$CPInstruction.setIndex (Ljoeq/Class/jq_ConstantPool$ConstantPoolRebuilder;)V
joeq.Compiler.BytecodeAnalysis.Bytecodes$CPInstruction.getIndex ()I
joeq.Compiler.Quad.ExceptionHandlerList.getParent ()Ljoeq/Compiler/Quad/ExceptionHandlerList;
java.util.zip.ZipFile.getInputStream (Ljava/util/zip/ZipEntry;)Ljava/io/InputStream;
java.util.ArrayList.indexOf (Ljava/lang/Object;)I
joeq.Compiler.BytecodeAnalysis.Bytecodes$Instruction.accept (Ljoeq/Compiler/BytecodeAnalysis/Bytecodes$Visitor;)V
sun.misc.FDBigInt.multaddMe (II)V
java.security.Permission.getActions ()Ljava/lang/String;
joeq.Compiler.BytecodeAnalysis.LiveRefAnalysis$ExactState.toString_live ()Ljava/lang/String;
joeq.Compiler.BytecodeAnalysis.LiveRefAnalysis$ExactJSRState.toString_live ()Ljava/lang/String;
joeq.Compiler.BytecodeAnalysis.Bytecodes$InvokeInstruction.getMethod ()Ljoeq/Class/jq_Method;
joeq.Util.Collections.ListFactory.makeList (Ljava/util/Collection;)Ljava/util/List;
sun.nio.cs.StreamEncoder.write ([CII)V
java.io.DataInputStream.readLong ()J
java.net.InetAddressImpl.lookupAllHostAddr (Ljava/lang/String;)[[B
