null
java.io.BufferedInputStream
java.io.PrintStream
sun.nio.cs.Surrogate$Parser
java.nio.charset.CoderResult
byte[]
java.nio.charset.CodingErrorAction
java.io.FileOutputStream
java.io.FileDescriptor
java.lang.ref.ReferenceQueue$Null
sun.nio.cs.MS1252
java.lang.ref.WeakReference
java.lang.ref.ReferenceQueue$Lock
java.io.OutputStreamWriter
sun.nio.cs.StreamEncoder$CharsetSE
char[]
sun.nio.cs.MS1252$Encoder
java.nio.HeapByteBuffer
java.io.BufferedWriter
java.lang.String
java.io.FileInputStream
java.lang.Object
java.lang.String[]
short[]
java.io.BufferedOutputStream
java.lang.Class
java.io.FileSystem
java.lang.StringBuilder
sun.reflect.ReflectionFactory$GetReflectionFactoryAction
sun.misc.SoftCache
java.io.ObjectStreamField[]
sun.reflect.ReflectionFactory
int[]
java.lang.Boolean
java.lang.annotation.Annotation[]
java.util.HashMap
java.lang.Character$UnicodeBlock
java.lang.Character$UnicodeBlock[]
java.lang.AssertionError
char[][][]
char[][]
java.util.Vector
java.util.Stack
java.lang.ConditionalSpecialCasing$Entry
NULL_TYPE
java.util.Hashtable
java.lang.Integer
java.util.HashSet
java.lang.ConditionalSpecialCasing$Entry[]
java.lang.Runtime
java.lang.ThreadGroup
java.lang.Shutdown$Lock
java.lang.String$CaseInsensitiveComparator
java.io.ObjectStreamField
java.io.InputStream
java.lang.StackTraceElement[]
java.lang.Thread
java.lang.Runnable
java.lang.ref.Reference$ReferenceHandler
java.lang.ref.Reference$Lock
java.lang.ref.Reference
java.lang.ref.ReferenceQueue
sun.misc.Cleaner
java.lang.reflect.ReflectPermission
java.lang.reflect.ReflectAccess
sun.security.action.GetBooleanAction
sun.security.action.LoadLibraryAction
sun.net.InetAddressCachePolicy+1
sun.security.action.GetIntegerAction
sun.net.InetAddressCachePolicy+2
java.net.InetAddress$Cache
java.net.InetAddressImplFactory
java.net.InetAddressImpl
java.net.InetAddress+2
java.net.InetAddress+1
sun.security.action.GetPropertyAction
sun.misc.Unsafe
java.nio.ByteOrder
sun.nio.cs.StandardCharsets
java.lang.ThreadLocal
sun.security.util.Debug
java.lang.ref.SoftReference[]
java.util.Random
java.util.Collections$EmptySet
java.util.Collections$EmptyList
java.util.Collections$EmptyMap
java.util.Collections$ReverseComparator
java.util.Hashtable$EmptyEnumerator
java.util.Hashtable$EmptyIterator
java.util.Locale
java.lang.reflect.Field
java.lang.Error
java.util.regex.Pattern$Category
java.util.regex.Pattern$Range
java.util.regex.Pattern$All
java.util.regex.Pattern$Ctype
java.util.regex.Pattern$JavaLowerCase
java.util.regex.Pattern$JavaUpperCase
java.util.regex.Pattern$JavaTitleCase
java.util.regex.Pattern$JavaDigit
java.util.regex.Pattern$JavaDefined
java.util.regex.Pattern$JavaLetter
java.util.regex.Pattern$JavaLetterOrDigit
java.util.regex.Pattern$JavaJavaIdentifierStart
java.util.regex.Pattern$JavaJavaIdentifierPart
java.util.regex.Pattern$JavaUnicodeIdentifierStart
java.util.regex.Pattern$JavaUnicodeIdentifierPart
java.util.regex.Pattern$JavaIdentifierIgnorable
java.util.regex.Pattern$JavaSpaceChar
java.util.regex.Pattern$JavaWhitespace
java.util.regex.Pattern$JavaISOControl
java.util.regex.Pattern$JavaMirrored
java.util.regex.Pattern$Node
java.util.regex.Pattern$LastNode
java.util.zip.Inflater
java.util.zip.ZipFile$ZipCloser
java.util.zip.ZipFile
joeq.Class.PrimordialClassLoader$ZipFileElement
joeq.Class.PrimordialClassLoader
joeq.Class.jq_Type
joeq.Class.jq_Class
joeq.UTF.Utf8
joeq.UTF.Utf8[]
java.lang.Object[]
joeq.Class.jq_Array
joeq.Class.jq_Primitive
joeq.Class.jq_Array$Delegate
joeq.Class.NullDelegates$Array
joeq.Class.jq_Class[]
java.util.LinkedList
joeq.Class.jq_Class$Delegate
joeq.Class.NullDelegates$Klass
short[][]
joeq.Class.jq_InstanceField
joeq.Class.jq_CompiledCode$Delegate
joeq.Class.NullDelegates$CompiledCode
joeq.Class.jq_Field$Delegate
joeq.Class.NullDelegates$Field
joeq.Class.jq_InstanceMethod
joeq.Class.jq_Method$Delegate
joeq.Class.NullDelegates$Method
joeq.Class.jq_Reference$jq_NullType
joeq.ClassLib.Common.Interface
joeq.ClassLib.Common.NullInterfaceImpl
java.lang.StringBuffer
joeq.ClassLib.Common.NullInterfaceImpl$NullObjectTraverser
joeq.Compiler.BytecodeAnalysis.Bytecodes$NOP
joeq.Compiler.BytecodeAnalysis.Bytecodes$ACONST_NULL
joeq.Compiler.BytecodeAnalysis.Bytecodes$ICONST
joeq.Compiler.BytecodeAnalysis.Bytecodes$LCONST
joeq.Compiler.BytecodeAnalysis.Bytecodes$FCONST
joeq.Compiler.BytecodeAnalysis.Bytecodes$DCONST
joeq.Compiler.BytecodeAnalysis.Bytecodes$IALOAD
joeq.Compiler.BytecodeAnalysis.Bytecodes$LALOAD
joeq.Compiler.BytecodeAnalysis.Bytecodes$FALOAD
joeq.Compiler.BytecodeAnalysis.Bytecodes$DALOAD
joeq.Compiler.BytecodeAnalysis.Bytecodes$AALOAD
joeq.Compiler.BytecodeAnalysis.Bytecodes$BALOAD
joeq.Compiler.BytecodeAnalysis.Bytecodes$CALOAD
joeq.Compiler.BytecodeAnalysis.Bytecodes$SALOAD
joeq.Compiler.BytecodeAnalysis.Bytecodes$IASTORE
joeq.Compiler.BytecodeAnalysis.Bytecodes$LASTORE
joeq.Compiler.BytecodeAnalysis.Bytecodes$FASTORE
joeq.Compiler.BytecodeAnalysis.Bytecodes$DASTORE
joeq.Compiler.BytecodeAnalysis.Bytecodes$AASTORE
joeq.Compiler.BytecodeAnalysis.Bytecodes$BASTORE
joeq.Compiler.BytecodeAnalysis.Bytecodes$CASTORE
joeq.Compiler.BytecodeAnalysis.Bytecodes$SASTORE
joeq.Compiler.BytecodeAnalysis.Bytecodes$POP
joeq.Compiler.BytecodeAnalysis.Bytecodes$POP2
joeq.Compiler.BytecodeAnalysis.Bytecodes$DUP
joeq.Compiler.BytecodeAnalysis.Bytecodes$DUP_X1
joeq.Compiler.BytecodeAnalysis.Bytecodes$DUP_X2
joeq.Compiler.BytecodeAnalysis.Bytecodes$DUP2
joeq.Compiler.BytecodeAnalysis.Bytecodes$DUP2_X1
joeq.Compiler.BytecodeAnalysis.Bytecodes$DUP2_X2
joeq.Compiler.BytecodeAnalysis.Bytecodes$SWAP
joeq.Compiler.BytecodeAnalysis.Bytecodes$IADD
joeq.Compiler.BytecodeAnalysis.Bytecodes$LADD
joeq.Compiler.BytecodeAnalysis.Bytecodes$FADD
joeq.Compiler.BytecodeAnalysis.Bytecodes$DADD
joeq.Compiler.BytecodeAnalysis.Bytecodes$ISUB
joeq.Compiler.BytecodeAnalysis.Bytecodes$LSUB
joeq.Compiler.BytecodeAnalysis.Bytecodes$FSUB
joeq.Compiler.BytecodeAnalysis.Bytecodes$DSUB
joeq.Compiler.BytecodeAnalysis.Bytecodes$IMUL
joeq.Compiler.BytecodeAnalysis.Bytecodes$LMUL
joeq.Compiler.BytecodeAnalysis.Bytecodes$FMUL
joeq.Compiler.BytecodeAnalysis.Bytecodes$DMUL
joeq.Compiler.BytecodeAnalysis.Bytecodes$IDIV
joeq.Compiler.BytecodeAnalysis.Bytecodes$LDIV
joeq.Compiler.BytecodeAnalysis.Bytecodes$FDIV
joeq.Compiler.BytecodeAnalysis.Bytecodes$DDIV
joeq.Compiler.BytecodeAnalysis.Bytecodes$IREM
joeq.Compiler.BytecodeAnalysis.Bytecodes$LREM
joeq.Compiler.BytecodeAnalysis.Bytecodes$FREM
joeq.Compiler.BytecodeAnalysis.Bytecodes$DREM
joeq.Compiler.BytecodeAnalysis.Bytecodes$INEG
joeq.Compiler.BytecodeAnalysis.Bytecodes$LNEG
joeq.Compiler.BytecodeAnalysis.Bytecodes$FNEG
joeq.Compiler.BytecodeAnalysis.Bytecodes$DNEG
joeq.Compiler.BytecodeAnalysis.Bytecodes$ISHL
joeq.Compiler.BytecodeAnalysis.Bytecodes$LSHL
joeq.Compiler.BytecodeAnalysis.Bytecodes$ISHR
joeq.Compiler.BytecodeAnalysis.Bytecodes$LSHR
joeq.Compiler.BytecodeAnalysis.Bytecodes$IUSHR
joeq.Compiler.BytecodeAnalysis.Bytecodes$LUSHR
joeq.Compiler.BytecodeAnalysis.Bytecodes$IAND
joeq.Compiler.BytecodeAnalysis.Bytecodes$LAND
joeq.Compiler.BytecodeAnalysis.Bytecodes$IOR
joeq.Compiler.BytecodeAnalysis.Bytecodes$LOR
joeq.Compiler.BytecodeAnalysis.Bytecodes$IXOR
joeq.Compiler.BytecodeAnalysis.Bytecodes$LXOR
joeq.Compiler.BytecodeAnalysis.Bytecodes$I2L
joeq.Compiler.BytecodeAnalysis.Bytecodes$I2F
joeq.Compiler.BytecodeAnalysis.Bytecodes$I2D
joeq.Compiler.BytecodeAnalysis.Bytecodes$L2I
joeq.Compiler.BytecodeAnalysis.Bytecodes$L2F
joeq.Compiler.BytecodeAnalysis.Bytecodes$L2D
joeq.Compiler.BytecodeAnalysis.Bytecodes$F2I
joeq.Compiler.BytecodeAnalysis.Bytecodes$F2L
joeq.Compiler.BytecodeAnalysis.Bytecodes$F2D
joeq.Compiler.BytecodeAnalysis.Bytecodes$D2I
joeq.Compiler.BytecodeAnalysis.Bytecodes$D2L
joeq.Compiler.BytecodeAnalysis.Bytecodes$D2F
joeq.Compiler.BytecodeAnalysis.Bytecodes$I2B
joeq.Compiler.BytecodeAnalysis.Bytecodes$I2C
joeq.Compiler.BytecodeAnalysis.Bytecodes$I2S
joeq.Compiler.BytecodeAnalysis.Bytecodes$LCMP
joeq.Compiler.BytecodeAnalysis.Bytecodes$FCMPL
joeq.Compiler.BytecodeAnalysis.Bytecodes$FCMPG
joeq.Compiler.BytecodeAnalysis.Bytecodes$DCMPL
joeq.Compiler.BytecodeAnalysis.Bytecodes$DCMPG
joeq.Compiler.BytecodeAnalysis.Bytecodes$IRETURN
joeq.Compiler.BytecodeAnalysis.Bytecodes$LRETURN
joeq.Compiler.BytecodeAnalysis.Bytecodes$FRETURN
joeq.Compiler.BytecodeAnalysis.Bytecodes$DRETURN
joeq.Compiler.BytecodeAnalysis.Bytecodes$ARETURN
joeq.Compiler.BytecodeAnalysis.Bytecodes$RETURN
joeq.Compiler.BytecodeAnalysis.Bytecodes$ARRAYLENGTH
joeq.Compiler.BytecodeAnalysis.Bytecodes$ATHROW
joeq.Compiler.BytecodeAnalysis.Bytecodes$MONITORENTER
joeq.Compiler.BytecodeAnalysis.Bytecodes$MONITOREXIT
joeq.Compiler.BytecodeAnalysis.Bytecodes$ALOAD
joeq.Compiler.BytecodeAnalysis.Bytecodes$ILOAD
joeq.Compiler.BytecodeAnalysis.Bytecodes$ASTORE
joeq.Compiler.BytecodeAnalysis.Bytecodes$ISTORE
joeq.Compiler.BytecodeAnalysis.Bytecodes$InstructionConstants$Clinit
joeq.Compiler.BytecodeAnalysis.Bytecodes$LocalVariableInstruction
joeq.Compiler.BytecodeAnalysis.Bytecodes$Instruction[]
joeq.Compiler.BytecodeAnalysis.LiveRefAnalysis$DerivedRef
joeq.Compiler.BytecodeAnalysis.LiveRefAnalysis$HalfOfNumber
joeq.Compiler.BytecodeAnalysis.LiveRefAnalysis$NullConstant
joeq.Compiler.BytecodeAnalysis.LiveRefAnalysis$SystemType
joeq.Compiler.CompilationState$DynamicCompilation
joeq.Compiler.CompilationState$BootstrapCompilation
joeq.Compiler.CompilationState$StaticCompilation
joeq.Compiler.Quad.BytecodeToQuad$DummyOperand
joeq.Compiler.Quad.BytecodeToQuad$jq_ReturnAddressType
joeq.Compiler.Quad.BytecodeToQuad$UnsafeHelper
joeq.Compiler.Quad.B2QUnsafeIgnorer
joeq.Compiler.Quad.CodeCache
joeq.Compiler.Quad.ExceptionHandlerIterator
joeq.Compiler.Quad.ExceptionHandlerList$1
joeq.Compiler.Quad.LoadedCallGraph$1
joeq.Compiler.Quad.LoadedCallGraph$2
joeq.Compiler.Quad.LoadedCallGraph$3
joeq.Compiler.Quad.LoadedCallGraph$4
joeq.Compiler.Quad.LoadedCallGraph$SortedArraySetFactory
joeq.Compiler.Quad.Operator$ALength$ARRAYLENGTH
joeq.Compiler.Quad.Operator$ALoad$ALOAD_A
joeq.Compiler.Quad.Operator$ALoad$ALOAD_B
joeq.Compiler.Quad.Operator$ALoad$ALOAD_C
joeq.Compiler.Quad.Operator$ALoad$ALOAD_D
joeq.Compiler.Quad.Operator$ALoad$ALOAD_F
joeq.Compiler.Quad.Operator$ALoad$ALOAD_I
joeq.Compiler.Quad.Operator$ALoad$ALOAD_L
joeq.Compiler.Quad.Operator$ALoad$ALOAD_P
joeq.Compiler.Quad.Operator$ALoad$ALOAD_S
joeq.Compiler.Quad.Operator$AStore$ASTORE_A
joeq.Compiler.Quad.Operator$AStore$ASTORE_B
joeq.Compiler.Quad.Operator$AStore$ASTORE_C
joeq.Compiler.Quad.Operator$AStore$ASTORE_D
joeq.Compiler.Quad.Operator$AStore$ASTORE_F
joeq.Compiler.Quad.Operator$AStore$ASTORE_I
joeq.Compiler.Quad.Operator$AStore$ASTORE_L
joeq.Compiler.Quad.Operator$AStore$ASTORE_P
joeq.Compiler.Quad.Operator$AStore$ASTORE_S
joeq.Compiler.Quad.Operator$Binary$ADD_D
joeq.Compiler.Quad.Operator$Binary$ADD_F
joeq.Compiler.Quad.Operator$Binary$ADD_I
joeq.Compiler.Quad.Operator$Binary$ADD_L
joeq.Compiler.Quad.Operator$Binary$ADD_P
joeq.Compiler.Quad.Operator$Binary$ALIGN_P
joeq.Compiler.Quad.Operator$Binary$AND_I
joeq.Compiler.Quad.Operator$Binary$AND_L
joeq.Compiler.Quad.Operator$Binary$CMP_DG
joeq.Compiler.Quad.Operator$Binary$CMP_DL
joeq.Compiler.Quad.Operator$Binary$CMP_FG
joeq.Compiler.Quad.Operator$Binary$CMP_FL
joeq.Compiler.Quad.Operator$Binary$CMP_L
joeq.Compiler.Quad.Operator$Binary$DIV_D
joeq.Compiler.Quad.Operator$Binary$DIV_F
joeq.Compiler.Quad.Operator$Binary$DIV_I
joeq.Compiler.Quad.Operator$Binary$DIV_L
joeq.Compiler.Quad.Operator$Binary$MUL_D
joeq.Compiler.Quad.Operator$Binary$MUL_F
joeq.Compiler.Quad.Operator$Binary$MUL_I
joeq.Compiler.Quad.Operator$Binary$MUL_L
joeq.Compiler.Quad.Operator$Binary$OR_I
joeq.Compiler.Quad.Operator$Binary$OR_L
joeq.Compiler.Quad.Operator$Binary$REM_D
joeq.Compiler.Quad.Operator$Binary$REM_F
joeq.Compiler.Quad.Operator$Binary$REM_I
joeq.Compiler.Quad.Operator$Binary$REM_L
joeq.Compiler.Quad.Operator$Binary$SHL_I
joeq.Compiler.Quad.Operator$Binary$SHL_L
joeq.Compiler.Quad.Operator$Binary$SHR_I
joeq.Compiler.Quad.Operator$Binary$SHR_L
joeq.Compiler.Quad.Operator$Binary$SUB_D
joeq.Compiler.Quad.Operator$Binary$SUB_F
joeq.Compiler.Quad.Operator$Binary$SUB_I
joeq.Compiler.Quad.Operator$Binary$SUB_L
joeq.Compiler.Quad.Operator$Binary$SUB_P
joeq.Compiler.Quad.Operator$Binary$USHR_I
joeq.Compiler.Quad.Operator$Binary$USHR_L
joeq.Compiler.Quad.Operator$Binary$XOR_I
joeq.Compiler.Quad.Operator$Binary$XOR_L
joeq.Compiler.Quad.Operator$BoundsCheck$BOUNDS_CHECK
joeq.Compiler.Quad.Operator$CheckCast$CHECKCAST
joeq.Compiler.Quad.Operator$Getfield$GETFIELD_A
joeq.Compiler.Quad.Operator$Getfield$GETFIELD_A_DYNLINK
joeq.Compiler.Quad.Operator$Getfield$GETFIELD_B
joeq.Compiler.Quad.Operator$Getfield$GETFIELD_B_DYNLINK
joeq.Compiler.Quad.Operator$Getfield$GETFIELD_C
joeq.Compiler.Quad.Operator$Getfield$GETFIELD_C_DYNLINK
joeq.Compiler.Quad.Operator$Getfield$GETFIELD_D
joeq.Compiler.Quad.Operator$Getfield$GETFIELD_D_DYNLINK
joeq.Compiler.Quad.Operator$Getfield$GETFIELD_F
joeq.Compiler.Quad.Operator$Getfield$GETFIELD_F_DYNLINK
joeq.Compiler.Quad.Operator$Getfield$GETFIELD_I
joeq.Compiler.Quad.Operator$Getfield$GETFIELD_I_DYNLINK
joeq.Compiler.Quad.Operator$Getfield$GETFIELD_L
joeq.Compiler.Quad.Operator$Getfield$GETFIELD_L_DYNLINK
joeq.Compiler.Quad.Operator$Getfield$GETFIELD_P
joeq.Compiler.Quad.Operator$Getfield$GETFIELD_P_DYNLINK
joeq.Compiler.Quad.Operator$Getfield$GETFIELD_S
joeq.Compiler.Quad.Operator$Getfield$GETFIELD_S_DYNLINK
joeq.Compiler.Quad.Operator$Getfield$GETFIELD_Z
joeq.Compiler.Quad.Operator$Getfield$GETFIELD_Z_DYNLINK
joeq.Compiler.Quad.Operator$Getstatic$GETSTATIC_A
joeq.Compiler.Quad.Operator$Getstatic$GETSTATIC_A_DYNLINK
joeq.Compiler.Quad.Operator$Getstatic$GETSTATIC_B
joeq.Compiler.Quad.Operator$Getstatic$GETSTATIC_B_DYNLINK
joeq.Compiler.Quad.Operator$Getstatic$GETSTATIC_C
joeq.Compiler.Quad.Operator$Getstatic$GETSTATIC_C_DYNLINK
joeq.Compiler.Quad.Operator$Getstatic$GETSTATIC_D
joeq.Compiler.Quad.Operator$Getstatic$GETSTATIC_D_DYNLINK
joeq.Compiler.Quad.Operator$Getstatic$GETSTATIC_F
joeq.Compiler.Quad.Operator$Getstatic$GETSTATIC_F_DYNLINK
joeq.Compiler.Quad.Operator$Getstatic$GETSTATIC_I
joeq.Compiler.Quad.Operator$Getstatic$GETSTATIC_I_DYNLINK
joeq.Compiler.Quad.Operator$Getstatic$GETSTATIC_L
joeq.Compiler.Quad.Operator$Getstatic$GETSTATIC_L_DYNLINK
joeq.Compiler.Quad.Operator$Getstatic$GETSTATIC_P
joeq.Compiler.Quad.Operator$Getstatic$GETSTATIC_P_DYNLINK
joeq.Compiler.Quad.Operator$Getstatic$GETSTATIC_S
joeq.Compiler.Quad.Operator$Getstatic$GETSTATIC_S_DYNLINK
joeq.Compiler.Quad.Operator$Getstatic$GETSTATIC_Z
joeq.Compiler.Quad.Operator$Getstatic$GETSTATIC_Z_DYNLINK
joeq.Compiler.Quad.Operator$Goto$GOTO
joeq.Compiler.Quad.Operator$InstanceOf$INSTANCEOF
joeq.Compiler.Quad.Operator$IntIfCmp$IFCMP_A
joeq.Compiler.Quad.Operator$IntIfCmp$IFCMP_I
joeq.Compiler.Quad.Operator$IntIfCmp$IFCMP_P
joeq.Compiler.Quad.Operator$Invoke$INVOKEINTERFACE_A
joeq.Compiler.Quad.Operator$Invoke$INVOKEINTERFACE_D
joeq.Compiler.Quad.Operator$Invoke$INVOKEINTERFACE_F
joeq.Compiler.Quad.Operator$Invoke$INVOKEINTERFACE_I
joeq.Compiler.Quad.Operator$Invoke$INVOKEINTERFACE_L
joeq.Compiler.Quad.Operator$Invoke$INVOKEINTERFACE_P
joeq.Compiler.Quad.Operator$Invoke$INVOKEINTERFACE_V
joeq.Compiler.Quad.Operator$Invoke$INVOKESPECIAL_A_DYNLINK
joeq.Compiler.Quad.Operator$Invoke$INVOKESPECIAL_D_DYNLINK
joeq.Compiler.Quad.Operator$Invoke$INVOKESPECIAL_F_DYNLINK
joeq.Compiler.Quad.Operator$Invoke$INVOKESPECIAL_I_DYNLINK
joeq.Compiler.Quad.Operator$Invoke$INVOKESPECIAL_L_DYNLINK
joeq.Compiler.Quad.Operator$Invoke$INVOKESPECIAL_P_DYNLINK
joeq.Compiler.Quad.Operator$Invoke$INVOKESPECIAL_V_DYNLINK
joeq.Compiler.Quad.Operator$Invoke$INVOKESTATIC_A
joeq.Compiler.Quad.Operator$Invoke$INVOKESTATIC_A_DYNLINK
joeq.Compiler.Quad.Operator$Invoke$INVOKESTATIC_D
joeq.Compiler.Quad.Operator$Invoke$INVOKESTATIC_D_DYNLINK
joeq.Compiler.Quad.Operator$Invoke$INVOKESTATIC_F
joeq.Compiler.Quad.Operator$Invoke$INVOKESTATIC_F_DYNLINK
joeq.Compiler.Quad.Operator$Invoke$INVOKESTATIC_I
joeq.Compiler.Quad.Operator$Invoke$INVOKESTATIC_I_DYNLINK
joeq.Compiler.Quad.Operator$Invoke$INVOKESTATIC_L
joeq.Compiler.Quad.Operator$Invoke$INVOKESTATIC_L_DYNLINK
joeq.Compiler.Quad.Operator$Invoke$INVOKESTATIC_P
joeq.Compiler.Quad.Operator$Invoke$INVOKESTATIC_P_DYNLINK
joeq.Compiler.Quad.Operator$Invoke$INVOKESTATIC_V
joeq.Compiler.Quad.Operator$Invoke$INVOKESTATIC_V_DYNLINK
joeq.Compiler.Quad.Operator$Invoke$INVOKEVIRTUAL_A
joeq.Compiler.Quad.Operator$Invoke$INVOKEVIRTUAL_A_DYNLINK
joeq.Compiler.Quad.Operator$Invoke$INVOKEVIRTUAL_D
joeq.Compiler.Quad.Operator$Invoke$INVOKEVIRTUAL_D_DYNLINK
joeq.Compiler.Quad.Operator$Invoke$INVOKEVIRTUAL_F
joeq.Compiler.Quad.Operator$Invoke$INVOKEVIRTUAL_F_DYNLINK
joeq.Compiler.Quad.Operator$Invoke$INVOKEVIRTUAL_I
joeq.Compiler.Quad.Operator$Invoke$INVOKEVIRTUAL_I_DYNLINK
joeq.Compiler.Quad.Operator$Invoke$INVOKEVIRTUAL_L
joeq.Compiler.Quad.Operator$Invoke$INVOKEVIRTUAL_L_DYNLINK
joeq.Compiler.Quad.Operator$Invoke$INVOKEVIRTUAL_P
joeq.Compiler.Quad.Operator$Invoke$INVOKEVIRTUAL_P_DYNLINK
joeq.Compiler.Quad.Operator$Invoke$INVOKEVIRTUAL_V
joeq.Compiler.Quad.Operator$Invoke$INVOKEVIRTUAL_V_DYNLINK
joeq.Compiler.Quad.Operator$Jsr$JSR
joeq.Compiler.Quad.Operator$LookupSwitch$LOOKUPSWITCH
joeq.Compiler.Quad.Operator$MemLoad$PEEK_1
joeq.Compiler.Quad.Operator$MemLoad$PEEK_2
joeq.Compiler.Quad.Operator$MemLoad$PEEK_4
joeq.Compiler.Quad.Operator$MemLoad$PEEK_8
joeq.Compiler.Quad.Operator$MemLoad$PEEK_P
joeq.Compiler.Quad.Operator$MemStore$POKE_1
joeq.Compiler.Quad.Operator$MemStore$POKE_2
joeq.Compiler.Quad.Operator$MemStore$POKE_4
joeq.Compiler.Quad.Operator$MemStore$POKE_8
joeq.Compiler.Quad.Operator$MemStore$POKE_P
joeq.Compiler.Quad.Operator$Monitor$MONITORENTER
joeq.Compiler.Quad.Operator$Monitor$MONITOREXIT
joeq.Compiler.Quad.Operator$Move$MOVE_A
joeq.Compiler.Quad.Operator$Move$MOVE_D
joeq.Compiler.Quad.Operator$Move$MOVE_F
joeq.Compiler.Quad.Operator$Move$MOVE_I
joeq.Compiler.Quad.Operator$Move$MOVE_L
joeq.Compiler.Quad.Operator$Move$MOVE_P
joeq.Compiler.Quad.Operator$New$NEW
joeq.Compiler.Quad.Operator$NewArray$NEWARRAY
joeq.Compiler.Quad.Operator$NullCheck$NULL_CHECK
joeq.Compiler.Quad.Operator$Putfield$PUTFIELD_A
joeq.Compiler.Quad.Operator$Putfield$PUTFIELD_A_DYNLINK
joeq.Compiler.Quad.Operator$Putfield$PUTFIELD_B
joeq.Compiler.Quad.Operator$Putfield$PUTFIELD_B_DYNLINK
joeq.Compiler.Quad.Operator$Putfield$PUTFIELD_C
joeq.Compiler.Quad.Operator$Putfield$PUTFIELD_C_DYNLINK
joeq.Compiler.Quad.Operator$Putfield$PUTFIELD_D
joeq.Compiler.Quad.Operator$Putfield$PUTFIELD_D_DYNLINK
joeq.Compiler.Quad.Operator$Putfield$PUTFIELD_F
joeq.Compiler.Quad.Operator$Putfield$PUTFIELD_F_DYNLINK
joeq.Compiler.Quad.Operator$Putfield$PUTFIELD_I
joeq.Compiler.Quad.Operator$Putfield$PUTFIELD_I_DYNLINK
joeq.Compiler.Quad.Operator$Putfield$PUTFIELD_L
joeq.Compiler.Quad.Operator$Putfield$PUTFIELD_L_DYNLINK
joeq.Compiler.Quad.Operator$Putfield$PUTFIELD_P
joeq.Compiler.Quad.Operator$Putfield$PUTFIELD_P_DYNLINK
joeq.Compiler.Quad.Operator$Putfield$PUTFIELD_S
joeq.Compiler.Quad.Operator$Putfield$PUTFIELD_S_DYNLINK
joeq.Compiler.Quad.Operator$Putfield$PUTFIELD_Z
joeq.Compiler.Quad.Operator$Putfield$PUTFIELD_Z_DYNLINK
joeq.Compiler.Quad.Operator$Putstatic$PUTSTATIC_A
joeq.Compiler.Quad.Operator$Putstatic$PUTSTATIC_A_DYNLINK
joeq.Compiler.Quad.Operator$Putstatic$PUTSTATIC_B
joeq.Compiler.Quad.Operator$Putstatic$PUTSTATIC_B_DYNLINK
joeq.Compiler.Quad.Operator$Putstatic$PUTSTATIC_C
joeq.Compiler.Quad.Operator$Putstatic$PUTSTATIC_C_DYNLINK
joeq.Compiler.Quad.Operator$Putstatic$PUTSTATIC_D
joeq.Compiler.Quad.Operator$Putstatic$PUTSTATIC_D_DYNLINK
joeq.Compiler.Quad.Operator$Putstatic$PUTSTATIC_F
joeq.Compiler.Quad.Operator$Putstatic$PUTSTATIC_F_DYNLINK
joeq.Compiler.Quad.Operator$Putstatic$PUTSTATIC_I
joeq.Compiler.Quad.Operator$Putstatic$PUTSTATIC_I_DYNLINK
joeq.Compiler.Quad.Operator$Putstatic$PUTSTATIC_L
joeq.Compiler.Quad.Operator$Putstatic$PUTSTATIC_L_DYNLINK
joeq.Compiler.Quad.Operator$Putstatic$PUTSTATIC_P
joeq.Compiler.Quad.Operator$Putstatic$PUTSTATIC_P_DYNLINK
joeq.Compiler.Quad.Operator$Putstatic$PUTSTATIC_S
joeq.Compiler.Quad.Operator$Putstatic$PUTSTATIC_S_DYNLINK
joeq.Compiler.Quad.Operator$Putstatic$PUTSTATIC_Z
joeq.Compiler.Quad.Operator$Putstatic$PUTSTATIC_Z_DYNLINK
joeq.Compiler.Quad.Operator$Ret$RET
joeq.Compiler.Quad.Operator$Return$RETURN_A
joeq.Compiler.Quad.Operator$Return$RETURN_D
joeq.Compiler.Quad.Operator$Return$RETURN_F
joeq.Compiler.Quad.Operator$Return$RETURN_I
joeq.Compiler.Quad.Operator$Return$RETURN_L
joeq.Compiler.Quad.Operator$Return$RETURN_P
joeq.Compiler.Quad.Operator$Return$RETURN_V
joeq.Compiler.Quad.Operator$Return$THROW_A
joeq.Compiler.Quad.Operator$Special$ALLOCA
joeq.Compiler.Quad.Operator$Special$ATOMICADD_I
joeq.Compiler.Quad.Operator$Special$ATOMICAND_I
joeq.Compiler.Quad.Operator$Special$ATOMICCAS4
joeq.Compiler.Quad.Operator$Special$ATOMICCAS8
joeq.Compiler.Quad.Operator$Special$ATOMICSUB_I
joeq.Compiler.Quad.Operator$Special$GET_BASE_POINTER
joeq.Compiler.Quad.Operator$Special$GET_EXCEPTION
joeq.Compiler.Quad.Operator$Special$GET_STACK_POINTER
joeq.Compiler.Quad.Operator$StoreCheck$ASTORE_CHECK
joeq.Compiler.Quad.Operator$TableSwitch$TABLESWITCH
joeq.Compiler.Quad.Operator$Unary$ADDRESS_2INT
joeq.Compiler.Quad.Operator$Unary$ADDRESS_2OBJECT
joeq.Compiler.Quad.Operator$Unary$DOUBLE_2FLOAT
joeq.Compiler.Quad.Operator$Unary$DOUBLE_2INT
joeq.Compiler.Quad.Operator$Unary$DOUBLE_2LONG
joeq.Compiler.Quad.Operator$Unary$FLOAT_2DOUBLE
joeq.Compiler.Quad.Operator$Unary$FLOAT_2INT
joeq.Compiler.Quad.Operator$Unary$FLOAT_2LONG
joeq.Compiler.Quad.Operator$Unary$INT_2ADDRESS
joeq.Compiler.Quad.Operator$Unary$INT_2BYTE
joeq.Compiler.Quad.Operator$Unary$INT_2CHAR
joeq.Compiler.Quad.Operator$Unary$INT_2DOUBLE
joeq.Compiler.Quad.Operator$Unary$INT_2FLOAT
joeq.Compiler.Quad.Operator$Unary$INT_2LONG
joeq.Compiler.Quad.Operator$Unary$INT_2SHORT
joeq.Compiler.Quad.Operator$Unary$ISNULL_P
joeq.Compiler.Quad.Operator$Unary$LONG_2DOUBLE
joeq.Compiler.Quad.Operator$Unary$LONG_2FLOAT
joeq.Compiler.Quad.Operator$Unary$LONG_2INT
joeq.Compiler.Quad.Operator$Unary$NEG_D
joeq.Compiler.Quad.Operator$Unary$NEG_F
joeq.Compiler.Quad.Operator$Unary$NEG_I
joeq.Compiler.Quad.Operator$Unary$NEG_L
joeq.Compiler.Quad.Operator$Unary$OBJECT_2ADDRESS
joeq.Compiler.Quad.Operator$ZeroCheck$ZERO_CHECK_I
joeq.Compiler.Quad.Operator$ZeroCheck$ZERO_CHECK_L
joeq.Util.Templates.UnmodifiableList$RegisterOperand
joeq.Compiler.Quad.Operand$RegisterOperand[]
joeq.Util.Templates.UnmodifiableList$jq_Class
joeq.Compiler.Quad.Operator$Delegate
joeq.Compiler.Quad.NullDelegates$Op
java.util.Iterator
java.util.List
joeq.Main.HostedVM$BogusHeapAddress
java.lang.NoClassDefFoundError
java.lang.ClassLoader
joeq.Util.SimpleInterpreter
java.io.InputStreamReader
java.io.BufferedReader
java.util.StringTokenizer
java.lang.Double
java.lang.Float
java.lang.Long
java.lang.Character
java.lang.Short
java.lang.Byte
double[]
float[]
long[]
boolean[]
joeq.Class.jq_Type[]
java.util.Map
java.io.File
java.net.URL
java.net.URL[]
joeq.Compiler.Quad.QuadVisitor$AllQuadVisitor
joeq.Compiler.Quad.QuadVisitor
joeq.Compiler.Quad.BasicBlockVisitor$AllBasicBlockVisitor
joeq.Compiler.Quad.BasicBlockVisitor
joeq.Compiler.Quad.ControlFlowGraphVisitor$CodeCacheVisitor
joeq.Compiler.Quad.ControlFlowGraphVisitor
joeq.Class.jq_MethodVisitor$DeclaredMethodVisitor
joeq.Class.jq_MethodVisitor
joeq.Main.Driver$1
java.util.TreeSet
joeq.Class.jq_TypeVisitor
joeq.Class.jq_StaticField[]
joeq.Class.jq_StaticField
joeq.Runtime.Reflection$Delegate
joeq.Runtime.BasicReflectionImpl
java.lang.reflect.Member
joeq.Class.jq_StaticMethod[]
joeq.Class.jq_StaticMethod
java.lang.Class[]
java.lang.reflect.Method
joeq.Interpreter.QuadInterpreter
java.lang.Throwable
joeq.Compiler.Quad.LoadedCallGraph
java.util.Collection
joeq.Class.jq_Method
joeq.Runtime.Debug$Delegate
joeq.Runtime.BasicDebugImpl
joeq.Util.Collections.Factories$1
joeq.Util.Collections.Factories$2
joeq.Util.Collections.Factories$3
joeq.Util.Collections.Factories$4
joeq.Util.Collections.Factories$5
joeq.Util.Collections.Factories$6
joeq.Util.Collections.Factories$7
joeq.Util.Templates.ListWrapper$Quad$EmptyIterator
joeq.Util.Templates.UnmodifiableList$BasicBlock
joeq.Compiler.Quad.BasicBlock[]
java.lang.ref.SoftReference[][]
sun.misc.ASCIICaseInsensitiveComparator
sun.misc.FloatingDecimal+1
java.util.regex.Pattern
sun.misc.Launcher$Factory
sun.misc.Launcher
java.security.AllPermission
java.awt.AWTPermission
java.net.NetPermission
java.lang.RuntimePermission
java.security.SecurityPermission
java.net.SocketPermission
javax.security.auth.AuthPermission
sun.text.Normalizer$Mode
sun.text.Normalizer$NFDMode
sun.text.Normalizer$NFKDMode
sun.text.Normalizer$NFCMode
sun.text.Normalizer$NFKCMode
sun.text.Normalizer$FCDMode
sun.text.Normalizer$QuickCheckResult
sun.text.NormalizerImpl
java.lang.RuntimeException
joeq.Compiler.Quad.BytecodeToQuad
java.lang.AbstractStringBuilder
java.util.TreeMap
java.util.HashMap$Entry
java.util.HashMap$Entry[]
joeq.Compiler.Quad.BytecodeToQuad$AbstractState
joeq.Compiler.Quad.Operand
joeq.Compiler.Quad.Operand$PConstOperand
joeq.Compiler.CompilationState
java.io.File[]
sun.misc.Launcher+2
sun.misc.Launcher$AppClassLoader
java.lang.StringIndexOutOfBoundsException
joeq.Compiler.BytecodeAnalysis.Bytecodes$EmptyVisitor
joeq.Compiler.BytecodeAnalysis.Bytecodes$TypedInstruction
java.util.HashMap$Values
joeq.Class.jq_Reference
java.util.regex.Pattern$UnixDot
java.util.regex.Matcher
java.lang.CharSequence
java.util.regex.Pattern$UBlock
java.util.regex.Pattern$End
java.util.regex.Pattern$SliceU
java.util.regex.Pattern$NotSingle
java.util.regex.Pattern$Curly
java.util.regex.Pattern$NotSingleA
java.util.regex.Pattern$Behind
java.util.regex.Pattern$SingleU
java.util.regex.Pattern$Add
java.util.regex.Pattern$Bound
java.util.regex.Pattern$NotRange
java.util.regex.Pattern$Slice
java.util.regex.Pattern$SliceA
java.util.regex.Pattern$Ques
java.util.regex.Pattern$Dummy
java.util.regex.Pattern$NotBehind
java.util.regex.Pattern$Caret
java.util.regex.Pattern$UnixDollar
java.util.regex.Pattern$GroupCurly
java.util.regex.Pattern$Both
java.util.regex.Pattern$SliceS
java.util.regex.Pattern$UnixCaret
java.util.regex.Pattern$CINotRange
java.util.regex.Pattern$BitClass
java.util.regex.Pattern$BehindS
java.util.regex.Pattern$Branch
java.util.regex.Pattern$BackRef
java.util.regex.Pattern$CIRange
java.util.regex.Pattern$BnMS
java.util.regex.Pattern$NotSingleU
java.util.regex.Pattern$Pos
java.util.regex.Pattern$Start
java.util.regex.Pattern$BnM
java.util.regex.Pattern$GroupHead
java.util.regex.Pattern$Loop
java.util.regex.Pattern$NotCtype
java.util.regex.Pattern$Single
java.util.regex.Pattern$NotBehindS
java.util.regex.Pattern$Not
java.util.regex.Pattern$Prolog
java.util.regex.Pattern$CIBackRef
java.util.regex.Pattern$Dot
java.util.regex.Pattern$StartS
java.util.regex.Pattern$Begin
java.util.regex.Pattern$SingleA
java.util.regex.Pattern$LazyLoop
java.util.regex.Pattern$Sub
java.util.regex.Pattern$Neg
java.util.regex.Pattern$GroupTail
java.util.regex.Pattern$LastMatch
java.util.regex.Pattern$Dollar
joeq.Util.IO.ByteSequence
joeq.Util.IO.ByteSequence$ByteArrayStream
joeq.Compiler.Quad.Operand$RegisterOperand
joeq.Compiler.Quad.Operand$AConstOperand
joeq.Class.jq_Member
joeq.Compiler.BytecodeAnalysis.ControlFlowGraph
joeq.Compiler.BytecodeAnalysis.BasicBlock[]
joeq.Compiler.BytecodeAnalysis.BasicBlock
joeq.Compiler.Quad.BasicBlock
joeq.Util.Templates.ListWrapper$BasicBlock
java.text.StringCharacterIterator
sun.nio.cs.StreamEncoder
java.lang.VerifyError
joeq.Compiler.BytecodeAnalysis.LiveRefAnalysis$SecondPassVisitor
joeq.Compiler.BytecodeAnalysis.ExceptionHandlerIterator
joeq.Compiler.BytecodeAnalysis.ExceptionHandler
joeq.Compiler.BytecodeAnalysis.LiveRefAnalysis
joeq.Compiler.BytecodeAnalysis.LiveRefAnalysis$ExactState[]
joeq.Compiler.BytecodeAnalysis.LiveRefAnalysis$ExactState
joeq.Compiler.BytecodeAnalysis.BytecodeVisitor
java.lang.ClassFormatError
joeq.Compiler.BytecodeAnalysis.Bytecodes$StackProducer
java.util.ArrayList
joeq.Compiler.Quad.Operator$MemStore
joeq.Compiler.BytecodeAnalysis.LiveRefAnalysis$Retaddr
joeq.Compiler.BytecodeAnalysis.LiveRefAnalysis$Type
joeq.Compiler.Quad.Operator
joeq.Compiler.Quad.Quad
joeq.Class.jq_NameAndDesc
sun.nio.cs.StreamDecoder$CharsetSD
java.nio.charset.Charset
java.nio.charset.CharsetDecoder
joeq.Compiler.BytecodeAnalysis.Bytecodes$StackConsumer
joeq.Compiler.Quad.ControlFlowGraph
java.util.HashMap$KeySet
java.util.Set
java.util.LinkedHashSet
joeq.Compiler.Quad.Operator$BoundsCheck
joeq.Compiler.Quad.ExceptionHandler
java.lang.NullPointerException
java.lang.ThreadLocal$ThreadLocalMap
java.lang.ThreadLocal$ThreadLocalMap$Entry
java.lang.ThreadLocal$ThreadLocalMap$Entry[]
java.util.LinkedList$Entry
java.util.AbstractList$Itr
java.util.AbstractList
java.util.NoSuchElementException
java.util.regex.Pattern$TreeInfo
joeq.Compiler.Quad.RegisterFactory$Register
java.nio.charset.spi.CharsetProvider
java.lang.IllegalArgumentException
joeq.Compiler.Quad.Operator$NewArray
joeq.Compiler.Quad.Operand$TypeOperand
joeq.Compiler.Quad.RegisterFactory
joeq.Util.Collections.Pair
sun.text.NormalizerImpl$DecomposeArgs
sun.text.NormalizerImpl+1
java.util.HashMap$HashIterator
java.util.LinkedHashMap$LinkedHashIterator
java.util.LinkedHashMap
java.util.LinkedHashMap$Entry
java.text.RuleBasedBreakIterator
joeq.Compiler.Quad.Operator$Branch
joeq.Compiler.BytecodeAnalysis.LiveRefAnalysis$Type[]
joeq.Class.jq_TryCatchBC[]
joeq.Compiler.Quad.Operator$Unary
joeq.Compiler.Quad.Operator$Return
java.lang.SecurityManager
java.security.Permission
joeq.Util.Collections.GenericMultiMap
joeq.Util.Collections.MapFactory
joeq.Util.Collections.CollectionFactory
joeq.Compiler.BytecodeAnalysis.Bytecodes$StackInstruction
joeq.Class.jq_ConstantPool$ConstantPoolRebuilder$RebuildCPVisitor
joeq.Class.jq_ConstantPool$ConstantPoolRebuilder
joeq.Class.jq_ConstantPool
joeq.Class.jq_ConstantPool$Adder
joeq.Compiler.Quad.Operator$Move
joeq.Compiler.BytecodeAnalysis.ControlFlowGraph$InitialPass
joeq.Util.BitString
java.util.ConcurrentModificationException
java.util.SubList+1
java.util.ListIterator
java.util.SubList
joeq.Compiler.BytecodeAnalysis.Bytecodes$BytecodeException
joeq.Compiler.Quad.Operand[]
sun.text.IntTrie
java.util.LinkedHashMap$EntryIterator
java.util.Map$Entry
java.util.HashMap$EntryIterator
java.lang.UnsupportedOperationException
joeq.Compiler.BytecodeAnalysis.Bytecodes$ArithmeticInstruction
java.text.RuleBasedBreakIterator$SafeCharIterator
java.text.CharacterIterator
joeq.UTF.UTFDataFormatError
joeq.Compiler.Quad.Operator$Invoke
joeq.Compiler.BytecodeAnalysis.Bytecodes$InstructionList
joeq.Compiler.BytecodeAnalysis.Bytecodes$InstructionHandle
java.lang.ref.SoftReference
joeq.Compiler.BytecodeAnalysis.Bytecodes$ReturnInstruction
java.lang.AbstractMethodError
java.security.AccessControlContext
java.security.ProtectionDomain[]
java.security.ProtectionDomain
joeq.Compiler.BytecodeAnalysis.LiveRefAnalysis$FirstPassVisitor
joeq.Compiler.Quad.Operator$Binary
java.lang.reflect.Field[]
joeq.Compiler.Quad.Operator$Getstatic
joeq.Compiler.Quad.Operand$FieldOperand
java.nio.Buffer
java.util.TreeMap$Entry
joeq.Compiler.Quad.Operator$Getfield
joeq.Util.Collections.UnmodifiableIterator
java.nio.HeapCharBuffer
java.io.DataInputStream
java.io.EOFException
java.lang.NumberFormatException
java.lang.reflect.Constructor[]
java.util.Properties
sun.misc.Launcher+1
java.io.FilterInputStream
java.lang.ArrayIndexOutOfBoundsException
java.util.regex.PatternSyntaxException
joeq.Compiler.BytecodeAnalysis.ControlFlowGraph$BranchVisitor
java.io.IOException
sun.reflect.MethodAccessor
java.lang.IndexOutOfBoundsException
joeq.Util.Templates.ListWrapper$Quad$Iterator
java.util.HashMap$EntrySet
joeq.Util.BitString$ForwardBitStringIterator
joeq.Compiler.BytecodeAnalysis.Bytecodes$Instruction
joeq.Compiler.BytecodeAnalysis.Bytecodes$ConversionInstruction
joeq.Compiler.BytecodeAnalysis.ExceptionHandlerSet
java.lang.NoSuchFieldException
java.io.PushbackInputStream
java.util.zip.ZipFile$ZipFileInputStream
java.util.zip.InflaterInputStream
java.util.zip.ZipFile$MappedZipFileInputStream
java.nio.ByteBuffer
java.io.ByteArrayInputStream
java.text.BreakDictionary
java.text.BreakDictionary+1
java.lang.InternalError
java.util.MissingResourceException
sun.text.SupplementaryCharacterData
sun.text.CompactByteArray
java.io.Reader
joeq.Compiler.Quad.Operand$MethodOperand
joeq.Compiler.Quad.Operand$ParamListOperand
java.util.HashMap$ValueIterator
java.util.HashMap+1
joeq.Compiler.BytecodeAnalysis.Bytecodes$CodeException
joeq.Class.jq_TryCatchBC
joeq.Compiler.BytecodeAnalysis.Bytecodes$CodeException[]
sun.reflect.FieldAccessor
joeq.Class.jq_MemberReference
java.lang.Shutdown+1
java.util.Comparator
joeq.Class.jq_Initializer
joeq.Compiler.BytecodeAnalysis.Bytecodes$CPInstruction
joeq.Memory.StackAddress$StackAddressFactory
java.nio.ReadOnlyBufferException
joeq.Compiler.BytecodeAnalysis.Bytecodes$ArrayInstruction
sun.misc.FloatingDecimal
sun.misc.FDBigInt
joeq.Class.jq_MethodVisitor$EmptyVisitor
joeq.Compiler.BytecodeAnalysis.Bytecodes$ExceptionThrower
joeq.Compiler.Quad.ExceptionHandlerList
java.net.Inet6Address
joeq.Compiler.BytecodeAnalysis.ControlFlowGraph$RPOBasicBlockIterator
joeq.Compiler.BytecodeAnalysis.Bytecodes$LoadInstruction
joeq.Class.jq_ClassInitializer
java.lang.StackTraceElement
sun.text.NormalizerImpl$NextCCArgs
java.util.AbstractSet
java.util.zip.ZipEntry
java.lang.Character$Subset
java.util.AbstractMap
joeq.Compiler.Quad.Operand$UnnecessaryGuardOperand
java.lang.Appendable
sun.text.NormalizerImpl$NextCombiningArgs
java.util.TreeMap+1
joeq.Compiler.Quad.Operand$DConstOperand
joeq.Compiler.Quad.Operand$IConstOperand
joeq.Memory.Address
joeq.Compiler.Quad.Operand$LConstOperand
joeq.Compiler.Quad.Operand$FConstOperand
joeq.Compiler.Quad.Operator$Putstatic
joeq.Compiler.Quad.Operator$MemLoad
joeq.Compiler.Quad.Operand$BasicBlockTableOperand
joeq.Compiler.Quad.Operator$Invoke$InvokeVirtual
joeq.Compiler.Quad.Operator$Ret
java.net.URLStreamHandler
joeq.Compiler.Analysis.IPA.ProgramLocation$BCProgramLocation
joeq.Class.jq_ConstantPool$ConstantPoolEntry
java.util.regex.Pattern$JavaTypeClass
java.security.BasicPermission
sun.nio.cs.AbstractCharsetProvider
java.util.Collections+1
java.io.DataOutputStream
java.io.OutputStream
joeq.Class.PrimordialClassLoader$ClasspathElement
joeq.Class.jq_Field
joeq.Class.jq_InstanceMethod[]
joeq.Util.Collections.AppendIterator
java.io.FilePermission
joeq.Class.jq_Member[]
java.text.BreakIterator+1
joeq.Class.jq_Reference[]
joeq.Memory.Address[]
joeq.Class.jq_InstanceField[]
java.lang.ClassCircularityError
joeq.Class.jq_ConstantPool$PairOfChars
joeq.Compiler.Quad.Operator$Putfield
java.util.Arrays$ArrayList
joeq.Util.Collections.AppendListIterator
joeq.Compiler.BytecodeAnalysis.ExceptionHandlerIterator$1
java.net.InetAddress
java.net.InetAddress[]
joeq.Compiler.BytecodeAnalysis.JSRInfo
joeq.Compiler.Quad.JSRInfo
joeq.Compiler.Quad.Operand$TargetOperand
joeq.Compiler.Quad.BytecodeToQuad$AbstractState[]
joeq.Compiler.BytecodeAnalysis.Bytecodes$BranchHandle
java.util.HashMap$KeyIterator
java.util.regex.Pattern$GroupHead[]
java.util.Enumeration
joeq.Util.Collections.FilterIterator
joeq.Class.jq_CompiledCode
joeq.Compiler.Quad.Operand$ConditionOperand
joeq.Compiler.BytecodeAnalysis.Bytecodes$BranchInstruction
java.net.UnknownHostException
joeq.Compiler.Quad.Operator$TableSwitch
java.net.URLStreamHandlerFactory
java.lang.Comparable
joeq.Compiler.Quad.Operator$AStore
joeq.Util.Templates.UnmodifiableList$BasicBlock$Iterator
joeq.Util.Collections.FilterIterator$Filter
joeq.Class.jq_ConstantPool$ConstantPoolAdder
java.io.FilePermission+1
java.net.NetworkInterface
joeq.Compiler.BytecodeAnalysis.LiveRefAnalysis$ExactJSRState
java.lang.reflect.Constructor
sun.reflect.generics.repository.ClassRepository
joeq.Compiler.Quad.Operator$Special
java.util.zip.ZipFile+3
sun.text.NormalizerImpl$PrevArgs
joeq.Compiler.Quad.Operator$Goto
java.lang.IllegalStateException
joeq.Util.Collections.LinearSet
joeq.Util.Collections.ListFactory
joeq.Compiler.Quad.Operand$IntValueTableOperand
java.util.zip.ZipException
java.util.AbstractCollection
sun.text.NormalizerImpl$RecomposeArgs
sun.text.NormalizerImpl$ComposePartArgs
java.lang.IllegalThreadStateException
joeq.Class.jq_LineNumberBC
joeq.Compiler.Quad.Operator$LookupSwitch
sun.text.Normalizer+1
joeq.Main.HostedVM$3
java.nio.MappedByteBuffer
sun.nio.cs.StreamDecoder
java.net.InetAddress$CacheEntry
java.lang.IncompatibleClassChangeError
java.lang.reflect.Method[]
joeq.Class.jq_Class$1
joeq.Compiler.Quad.Operator$Jsr
joeq.Compiler.BytecodeAnalysis.Bytecodes$Visitor
joeq.Compiler.BytecodeAnalysis.Bytecodes$INVOKESTATIC
java.util.LinkedHashMap$KeyIterator
joeq.Compiler.BytecodeAnalysis.Bytecodes$LineNumber[]
joeq.Class.jq_LineNumberBC[]
java.net.URLClassLoader
java.lang.Number
joeq.Class.jq_Member$FilterByName
joeq.Compiler.BytecodeAnalysis.Bytecodes$LineNumber
java.lang.SecurityException
joeq.Compiler.Quad.Operator$NullCheck
java.lang.Exception
joeq.Compiler.Quad.Operator$ALoad
sun.nio.cs.StreamDecoder$ConverterSD
sun.io.ByteToCharConverter
java.util.zip.ZipFile+2
java.nio.channels.FileChannel
java.net.Inet4Address
joeq.Util.Collections.GenericInvertibleMultiMap
joeq.Class.PrimordialClassLoader$4
joeq.Class.PrimordialClassLoader$5
joeq.Compiler.Quad.Operator$Monitor
joeq.Compiler.Analysis.IPA.ProgramLocation
java.io.Writer
joeq.UTF.Utf8$MethodDescriptorIterator
java.net.Parts
java.lang.LinkageError
java.util.AbstractList+1
java.lang.SystemClassLoaderAction
java.util.LinkedHashMap+1
joeq.Class.jq_TypeVisitor$EmptyVisitor
joeq.Util.BitString$BackwardBitStringIterator
joeq.Compiler.BytecodeAnalysis.Bytecodes$PushInstruction
java.util.LinkedList$ListItr
java.lang.NoSuchMethodError
java.io.UnsupportedEncodingException
java.text.DictionaryBasedBreakIterator
joeq.Compiler.Quad.Operator$ZeroCheck
java.util.Collections+6
joeq.Compiler.BytecodeAnalysis.LiveRefAnalysis$ExactState$LastUse
java.util.AbstractSequentialList
joeq.Compiler.Quad.Operator$Invoke$InvokeStatic
joeq.Compiler.Quad.Operator$IntIfCmp
joeq.Memory.CodeAddress
joeq.Class.PrimordialClassLoader$2
joeq.Class.PrimordialClassLoader$PathElement
sun.nio.ch.Interruptible
java.lang.Thread$UncaughtExceptionHandler
java.lang.String+1
java.text.BreakIterator$BreakIteratorCache
sun.reflect.ConstructorAccessor
java.lang.ClassNotFoundException
java.lang.ref.ReferenceQueue+1
sun.net.spi.nameservice.NameService
byte[][]
java.nio.charset.Charset+2
joeq.Compiler.BytecodeAnalysis.Bytecodes$ConstantPushInstruction
joeq.Compiler.BytecodeAnalysis.Bytecodes$InvokeInstruction
sun.nio.cs.StreamDecoder+1
joeq.Compiler.BytecodeAnalysis.Bytecodes$StoreInstruction
java.util.Hashtable$Entry[]
java.util.Hashtable$Entry
java.lang.Class+3
java.text.RuleBasedBreakIterator+1
joeq.Compiler.BytecodeAnalysis.Bytecodes$PopInstruction
joeq.Compiler.BytecodeAnalysis.Bytecodes$UnconditionalBranch
java.nio.charset.IllegalCharsetNameException
java.io.ByteArrayOutputStream
java.net.NetworkInterface+1checkedAddresses
java.util.zip.ZipFile+1
java.io.ObjectInputStream
java.net.URLClassLoader+1
java.util.PropertyPermission
joeq.Compiler.Quad.Operator$New
joeq.Util.BitString$BitStringIterator
joeq.Util.Templates.ListWrapper$BasicBlock$Iterator
joeq.Class.jq_Class$2
java.lang.Shutdown$WrappedHook
java.lang.ref.Reference+1
joeq.Util.Templates.List$BasicBlock
joeq.Util.Templates.ListIterator$BasicBlock
joeq.Util.Templates.ListIterator$ExceptionHandler
joeq.Compiler.Quad.Operator$CheckCast
java.lang.NoSuchMethodException
joeq.Compiler.BytecodeAnalysis.Bytecodes$LoadClass
java.util.EmptyStackException
java.text.BreakIterator
joeq.Main.HostedVM$1
joeq.Main.HostedVM$2
joeq.Runtime.ObjectTraverser
java.lang.IllegalAccessException
sun.misc.FDBigInt[]
java.security.cert.Certificate[]
joeq.Class.jq_LocalVarTableEntry
joeq.Util.Collections.UnmodifiableMultiMap
joeq.Class.PrimordialClassLoader$6
joeq.Util.Collections.MultiMap
joeq.Util.Collections.InvertibleMultiMap
java.lang.ExceptionInInitializerError
joeq.Util.Collections.SetFactory
joeq.Compiler.Quad.ControlFlowGraph$1
joeq.Compiler.Quad.Operator$Invoke$InvokeInterface
java.util.TreeMap$KeyIterator
java.nio.CharBuffer
java.lang.System+1
joeq.Class.PrimordialClassLoader$1
joeq.Class.jq_Member$FilterByShortClassName
int[][]
java.io.DataInput
java.lang.ThreadLocal+1
joeq.Compiler.BytecodeAnalysis.Bytecodes$Select
joeq.Memory.HeapAddress
joeq.Class.jq_TryCatch[]
joeq.Class.jq_BytecodeMap
java.util.concurrent.atomic.AtomicLong
java.lang.SecurityManager+1
sun.misc.Launcher$ExtClassLoader
java.security.SecureClassLoader
java.io.FilenameFilter
java.util.RandomAccessSubList
java.lang.NoSuchFieldError
java.util.SortedMap
java.util.SortedSet
joeq.Class.jq_Class$3
sun.misc.URLClassPath
java.lang.InstantiationException
joeq.Compiler.Quad.Operator$InstanceOf
java.security.AccessControlContext+1
joeq.Util.Collections.Factories$SerialSetFactory
joeq.Util.Templates.ListIterator$Quad
java.util.AbstractList$ListItr
joeq.Class.jq_ConstantPool$1
joeq.Memory.HeapAddress$HeapAddressFactory
java.security.DomainCombiner
joeq.Class.jq_LocalVarTableEntry[]
java.lang.UnsupportedClassVersionError
joeq.Class.jq_Field[]
joeq.Class.jq_Method[]
joeq.Class.jq_FakeInstanceMethod
java.io.FilterOutputStream
joeq.Util.Collections.Factories$SerialListFactory
joeq.Util.Collections.Factories$SerialMapFactory
joeq.Compiler.BytecodeAnalysis.Bytecodes$FieldOrMethod
java.net.MalformedURLException
java.nio.charset.Charset+3
java.util.ResourceBundle
joeq.Util.Collections.ListFactory$2
java.lang.Class+1
java.security.AccessControlException
java.util.TreeMap$PrivateEntryIterator
java.lang.VirtualMachineError
joeq.Memory.CodeAddress$CodeAddressFactory
java.nio.charset.UnsupportedCharsetException
joeq.Util.Collections.UnmodifiableListIterator
java.util.Dictionary
joeq.Compiler.Quad.Operator$ALength
joeq.Compiler.Quad.Operator$StoreCheck
joeq.Compiler.Quad.CallGraph
java.nio.channels.ReadableByteChannel
